******************************************************************************
               TMS320C6x Linker PC v7.4.14                     
******************************************************************************
>> Linked Tue May 03 20:05:59 2016

OUTPUT FILE NAME:   <lab_7.out>
ENTRY POINT SYMBOL: "_c_int00"  address: 11801d80


MEMORY CONFIGURATION

         name            origin    length      used     unused   attr    fill
----------------------  --------  ---------  --------  --------  ----  --------
  VECTORS               11800000   00000200  00000200  00000000  RWIX
  DSPRAM                11800200   0003fe00  00002280  0003db80  RWIX
  SHAREDRAM             80000000   00020000  00000000  00020000  RWIX
  SDRAM                 c0000000   08000000  000bb800  07f44800  RWIX


SECTION ALLOCATION MAP

 output                                  attributes/
section   page    origin      length       input sections
--------  ----  ----------  ----------   ----------------
vectors    0    11800000    00000200     
                  11800000    00000200     vectors.obj (vectors)

.text      0    11800200    00001d80     
                  11800200    00000dc0     LCDK_Support_DSP.obj (.text)
                  11800fc0    00000400     ISRs_A.obj (.text:retain)
                  118013c0    00000280     rts6740.lib : divf.obj (.text:__divf)
                  11801640    00000220                 : cosf.obj (.text:_cosf)
                  11801860    000000c0                 : autoinit.obj (.text:__auto_init)
                  11801920    000000c0                 : divu.obj (.text:__divu)
                  118019e0    000000c0                 : exit.obj (.text:_exit)
                  11801aa0    000000a0                 : remu.obj (.text:__remu)
                  11801b40    000000a0                 : cpy_tbl.obj (.text:_copy_in)
                  11801be0    000000a0                 : memcpy64.obj (.text:_memcpy)
                  11801c80    00000080     ISRs_A.obj (.text)
                  11801d00    00000080     rts6740.lib : roundf.obj (.text:__roundf)
                  11801d80    00000080                 : boot.obj (.text:_c_int00)
                  11801e00    00000060                 : cpp_init.obj (.text:___TI_cpp_init)
                  11801e60    00000060                 : modff.obj (.text:_modff)
                  11801ec0    00000040                 : args_main.obj (.text:__args_main)
                  11801f00    00000020     StartUp.obj (.text)
                  11801f20    00000020     rts6740.lib : truncf.obj (.text:__truncf)
                  11801f40    00000020                 : exit.obj (.text:_abort)
                  11801f60    00000020     main.obj (.text)

.stack     0    11801f80    00000400     UNINITIALIZED
                  11801f80    00000008     rts6740.lib : boot.obj (.stack)
                  11801f88    000003f8     --HOLE--

.cinit     0    11802380    0000009c     
                  11802380    0000003c     ISRs_A.obj (.cinit)
                  118023bc    00000004     --HOLE-- [fill = 0]
                  118023c0    0000002c     rts6740.lib : exit.obj (.cinit)
                  118023ec    00000004     --HOLE-- [fill = 0]
                  118023f0    00000018                 : cosf.obj (.cinit)
                  11802408    0000000c     LCDK_Support_DSP.obj (.cinit)
                  11802414    00000004     --HOLE-- [fill = 0]
                  11802418    00000004     (.pad.cinit) [fill = 0]

.bss       0    1180241c    00000028     UNINITIALIZED
                  1180241c    00000024     ISRs_A.obj (.bss)
                  11802440    00000004     LCDK_Support_DSP.obj (.bss)

.far       0    11802448    00000024     UNINITIALIZED
                  11802448    00000010     rts6740.lib : cosf.obj (.far)
                  11802458    0000000c                 : exit.obj (.far)
                  11802464    00000008     ISRs_A.obj (.far)

.switch    0    1180246c    00000018     
                  1180246c    00000018     LCDK_Support_DSP.obj (.switch:_SetSampleRate_AIC3106)

CE0        0    c0000000    000bb800     UNINITIALIZED
                  c0000000    000bb800     ISRs_A.obj (CE0)


GLOBAL SYMBOLS: SORTED ALPHABETICALLY BY Name 

address    name
--------   ----
1180241c   $bss
1180241c   .bss
11800200   .text
11801f40   C$$EXIT
118008ec   _AIC3106_write_reg
11800674   _CheckForOverrun
11802464   _CodecDataIn
11802468   _CodecDataOut
11800fc0   _Codec_ISR
11800208   _DSP_Init
11800228   _DSP_Init_EDMA
1180040c   _EnableInterrupts
11800458   _EnableInterrupts_EDMA
11800200   _GetSampleFreq
118003a4   _InitDigitalOutputs
11800248   _InitLEDs
118006a4   _Init_AIC3106
118004cc   _Init_I2C
118003c8   _Init_Interrupts
11800448   _Init_Interrupts_EDMA
11800a98   _Init_McASP0
11800e28   _Init_UART2
11800f68   _IsDataReady_UART2
11800f8c   _IsTxReady_UART2
11800f08   _Puts_UART2
1180062c   _ReadCodecData
1180038c   _ReadSwitches
11800f48   _Read_UART2
11800928   _Reset_AIC3106
11800528   _Reset_I2C
11800950   _SetSampleRate_AIC3106
11801f00   _StartUp
11800650   _WriteCodecData
118003b0   _WriteDigitalOutputs
118002a8   _WriteLEDs
11800548   _Write_I2C
11800ee0   _Write_UART2
11801c80   _ZeroBuffer
11802380   __STACK_END
00000400   __STACK_SIZE
00000001   __TI_args_main
11801e00   ___TI_cpp_init
11802460   ___TI_enable_exit_profile_output
ffffffff   ___TI_pprof_out_hndl
ffffffff   ___TI_prof_data_size
ffffffff   ___TI_prof_data_start
ffffffff   ___binit__
1180241c   ___bss__
ffffffff   ___c_args__
11802380   ___cinit__
11802444   ___end__
11801f80   ___etext__
ffffffff   ___pinit__
11800200   ___text__
11801ec0   __args_main
11801860   __auto_init
11801920   __c6xabi_divu
11801aa0   __c6xabi_remu
11802458   __cleanup_ptr
118013c0   __divf
11801920   __divu
1180245c   __dtors_ptr
11801aa0   __remu
11801d00   __roundf
11801f80   __stack
11801f20   __truncf
11801f40   _abort
c0000000   _buffer
11801d80   _c_int00
11801b40   _copy_in
1180243c   _cos_in
11801640   _cosf
11802438   _delay
118019e0   _exit
11802430   _gain
11801f60   _main
11801be0   _memcpy
11801e60   _modff
11802434   _n
1180242c   _oldest
11800498   _wait
1180241c   _xLeft
11802420   _xRight
11802424   _yLeft
11802428   _yRight
ffffffff   binit
11802380   cinit
11802444   end
11801f80   etext
ffffffff   pinit


GLOBAL SYMBOLS: SORTED BY Symbol Address 

address    name
--------   ----
00000001   __TI_args_main
00000400   __STACK_SIZE
11800200   .text
11800200   _GetSampleFreq
11800200   ___text__
11800208   _DSP_Init
11800228   _DSP_Init_EDMA
11800248   _InitLEDs
118002a8   _WriteLEDs
1180038c   _ReadSwitches
118003a4   _InitDigitalOutputs
118003b0   _WriteDigitalOutputs
118003c8   _Init_Interrupts
1180040c   _EnableInterrupts
11800448   _Init_Interrupts_EDMA
11800458   _EnableInterrupts_EDMA
11800498   _wait
118004cc   _Init_I2C
11800528   _Reset_I2C
11800548   _Write_I2C
1180062c   _ReadCodecData
11800650   _WriteCodecData
11800674   _CheckForOverrun
118006a4   _Init_AIC3106
118008ec   _AIC3106_write_reg
11800928   _Reset_AIC3106
11800950   _SetSampleRate_AIC3106
11800a98   _Init_McASP0
11800e28   _Init_UART2
11800ee0   _Write_UART2
11800f08   _Puts_UART2
11800f48   _Read_UART2
11800f68   _IsDataReady_UART2
11800f8c   _IsTxReady_UART2
11800fc0   _Codec_ISR
118013c0   __divf
11801640   _cosf
11801860   __auto_init
11801920   __c6xabi_divu
11801920   __divu
118019e0   _exit
11801aa0   __c6xabi_remu
11801aa0   __remu
11801b40   _copy_in
11801be0   _memcpy
11801c80   _ZeroBuffer
11801d00   __roundf
11801d80   _c_int00
11801e00   ___TI_cpp_init
11801e60   _modff
11801ec0   __args_main
11801f00   _StartUp
11801f20   __truncf
11801f40   C$$EXIT
11801f40   _abort
11801f60   _main
11801f80   ___etext__
11801f80   __stack
11801f80   etext
11802380   __STACK_END
11802380   ___cinit__
11802380   cinit
1180241c   $bss
1180241c   .bss
1180241c   ___bss__
1180241c   _xLeft
11802420   _xRight
11802424   _yLeft
11802428   _yRight
1180242c   _oldest
11802430   _gain
11802434   _n
11802438   _delay
1180243c   _cos_in
11802444   ___end__
11802444   end
11802458   __cleanup_ptr
1180245c   __dtors_ptr
11802460   ___TI_enable_exit_profile_output
11802464   _CodecDataIn
11802468   _CodecDataOut
c0000000   _buffer
ffffffff   ___TI_pprof_out_hndl
ffffffff   ___TI_prof_data_size
ffffffff   ___TI_prof_data_start
ffffffff   ___binit__
ffffffff   ___c_args__
ffffffff   ___pinit__
ffffffff   binit
ffffffff   pinit

[90 symbols]
