EN top NULL "//austin.utexas.edu/disk/engrstu/ece/ajt2459/__SchoolWork/EE316_Lab5/lab5-part 2/Testbench_modified.vhd" sub00/vhpl02 1429645866
EN sm NULL "//austin.utexas.edu/disk/engrstu/ece/ajt2459/__SchoolWork/EE316_Lab5/lab5-part 2/lab5_auto.vhd" sub00/vhpl00 1429645380
AR sm structure "//austin.utexas.edu/disk/engrstu/ece/ajt2459/__SchoolWork/EE316_Lab5/lab5-part 2/lab5_auto.vhd" sub00/vhpl01 1429645381
AR top behavioral "//austin.utexas.edu/disk/engrstu/ece/ajt2459/__SchoolWork/EE316_Lab5/lab5-part 2/Testbench_modified.vhd" sub00/vhpl03 1429645867
