V3 15
FL "//austin.utexas.edu/disk/engrstu/ece/ajt2459/__SchoolWork/EE316_Lab5/lab5-part 2/lab5_auto.vhd" 2015/04/21.14:41:12 P.20131013
EN work/SM 1429645380 \
      FL "//austin.utexas.edu/disk/engrstu/ece/ajt2459/__SchoolWork/EE316_Lab5/lab5-part 2/lab5_auto.vhd" \
      PB ieee/std_logic_1164 1381692176 PB ieee/STD_LOGIC_UNSIGNED 1381692179 \
      PB ieee/std_logic_arith 1381692177 LB SimUAid_synthesis_Package \
      PB SimUAid_Synthesis_Package/SimUAid_synthesis_pack 1429645303
AR work/SM/Structure 1429645381 \
      FL "//austin.utexas.edu/disk/engrstu/ece/ajt2459/__SchoolWork/EE316_Lab5/lab5-part 2/lab5_auto.vhd" \
      EN work/SM 1429645380 CP Dflipflop CP inverter CP or2 CP and3 CP or3 CP and2 \
      CP and4
FL "//austin.utexas.edu/disk/engrstu/ece/ajt2459/__SchoolWork/EE316_Lab5/lab5-part 2/Testbench_modified.vhd" 2015/04/21.14:31:16 P.20131013
EN work/top 1429645866 \
      FL "//austin.utexas.edu/disk/engrstu/ece/ajt2459/__SchoolWork/EE316_Lab5/lab5-part 2/Testbench_modified.vhd" \
      PB ieee/std_logic_1164 1381692176 PB ieee/std_logic_arith 1381692177 \
      PB ieee/STD_LOGIC_UNSIGNED 1381692179
AR work/top/Behavioral 1429645867 \
      FL "//austin.utexas.edu/disk/engrstu/ece/ajt2459/__SchoolWork/EE316_Lab5/lab5-part 2/Testbench_modified.vhd" \
      EN work/top 1429645866 CP SM
