AR counter behavior //austin.utexas.edu/disk/engrstu/ece/ajt2459/__SchoolWork/EE316_lab3a/SimUAid_Synthesis_Package.vhd sub00/vhpl45 1424816535
AR or3 behavior //austin.utexas.edu/disk/engrstu/ece/ajt2459/__SchoolWork/EE316_lab3a/SimUAid_Synthesis_Package.vhd sub00/vhpl13 1424816503
EN mux_4_to_1 NULL //austin.utexas.edu/disk/engrstu/ece/ajt2459/__SchoolWork/EE316_lab3a/SimUAid_Synthesis_Package.vhd sub00/vhpl72 1424816562
AR and5 behavior //austin.utexas.edu/disk/engrstu/ece/ajt2459/__SchoolWork/EE316_lab3a/SimUAid_Synthesis_Package.vhd sub00/vhpl09 1424816499
AR shiftregbidir behavior //austin.utexas.edu/disk/engrstu/ece/ajt2459/__SchoolWork/EE316_lab3a/SimUAid_Synthesis_Package.vhd sub00/vhpl59 1424816549
EN dflipflop NULL //austin.utexas.edu/disk/engrstu/ece/ajt2459/__SchoolWork/EE316_lab3a/SimUAid_Synthesis_Package.vhd sub00/vhpl40 1424816530
AR complementer behavior //austin.utexas.edu/disk/engrstu/ece/ajt2459/__SchoolWork/EE316_lab3a/SimUAid_Synthesis_Package.vhd sub00/vhpl63 1424816553
EN shiftregrs NULL //austin.utexas.edu/disk/engrstu/ece/ajt2459/__SchoolWork/EE316_lab3a/SimUAid_Synthesis_Package.vhd sub00/vhpl56 1424816546
AR nor5 behavior //austin.utexas.edu/disk/engrstu/ece/ajt2459/__SchoolWork/EE316_lab3a/SimUAid_Synthesis_Package.vhd sub00/vhpl33 1424816523
EN decoder_3_to_8 NULL //austin.utexas.edu/disk/engrstu/ece/ajt2459/__SchoolWork/EE316_lab3a/SimUAid_Synthesis_Package.vhd sub00/vhpl68 1424816558
EN nand2 NULL //austin.utexas.edu/disk/engrstu/ece/ajt2459/__SchoolWork/EE316_lab3a/SimUAid_Synthesis_Package.vhd sub00/vhpl18 1424816508
EN loadablecounter NULL //austin.utexas.edu/disk/engrstu/ece/ajt2459/__SchoolWork/EE316_lab3a/SimUAid_Synthesis_Package.vhd sub00/vhpl46 1424816536
EN nand3 NULL //austin.utexas.edu/disk/engrstu/ece/ajt2459/__SchoolWork/EE316_lab3a/SimUAid_Synthesis_Package.vhd sub00/vhpl20 1424816510
EN nand4 NULL //austin.utexas.edu/disk/engrstu/ece/ajt2459/__SchoolWork/EE316_lab3a/SimUAid_Synthesis_Package.vhd sub00/vhpl22 1424816512
EN nand5 NULL //austin.utexas.edu/disk/engrstu/ece/ajt2459/__SchoolWork/EE316_lab3a/SimUAid_Synthesis_Package.vhd sub00/vhpl24 1424816514
AR nwidemux behavior //austin.utexas.edu/disk/engrstu/ece/ajt2459/__SchoolWork/EE316_lab3a/SimUAid_Synthesis_Package.vhd sub00/vhpl53 1424816543
EN nbittristate NULL //austin.utexas.edu/disk/engrstu/ece/ajt2459/__SchoolWork/EE316_lab3a/SimUAid_Synthesis_Package.vhd sub00/vhpl60 1424816550
AR or2 behavior //austin.utexas.edu/disk/engrstu/ece/ajt2459/__SchoolWork/EE316_lab3a/SimUAid_Synthesis_Package.vhd sub00/vhpl11 1424816501
AR and4 behavior //austin.utexas.edu/disk/engrstu/ece/ajt2459/__SchoolWork/EE316_lab3a/SimUAid_Synthesis_Package.vhd sub00/vhpl07 1424816497
PB simuaid_synthesis_pack simuaid_synthesis_pack //austin.utexas.edu/disk/engrstu/ece/ajt2459/__SchoolWork/EE316_lab3a/SimUAid_Synthesis_Package.vhd sub00/vhpl01 1424816491
EN shiftregbidir NULL //austin.utexas.edu/disk/engrstu/ece/ajt2459/__SchoolWork/EE316_lab3a/SimUAid_Synthesis_Package.vhd sub00/vhpl58 1424816548
AR nor4 behavior //austin.utexas.edu/disk/engrstu/ece/ajt2459/__SchoolWork/EE316_lab3a/SimUAid_Synthesis_Package.vhd sub00/vhpl31 1424816521
EN xor2 NULL //austin.utexas.edu/disk/engrstu/ece/ajt2459/__SchoolWork/EE316_lab3a/SimUAid_Synthesis_Package.vhd sub00/vhpl34 1424816524
AR mux_4_to_1 behavior //austin.utexas.edu/disk/engrstu/ece/ajt2459/__SchoolWork/EE316_lab3a/SimUAid_Synthesis_Package.vhd sub00/vhpl73 1424816563
EN fulladder NULL //austin.utexas.edu/disk/engrstu/ece/ajt2459/__SchoolWork/EE316_lab3a/SimUAid_Synthesis_Package.vhd sub00/vhpl64 1424816554
AR decoder_3_to_8 behavior //austin.utexas.edu/disk/engrstu/ece/ajt2459/__SchoolWork/EE316_lab3a/SimUAid_Synthesis_Package.vhd sub00/vhpl69 1424816559
AR and3 behavior //austin.utexas.edu/disk/engrstu/ece/ajt2459/__SchoolWork/EE316_lab3a/SimUAid_Synthesis_Package.vhd sub00/vhpl05 1424816495
AR shiftregrs behavior //austin.utexas.edu/disk/engrstu/ece/ajt2459/__SchoolWork/EE316_lab3a/SimUAid_Synthesis_Package.vhd sub00/vhpl57 1424816547
AR nand5 behavior //austin.utexas.edu/disk/engrstu/ece/ajt2459/__SchoolWork/EE316_lab3a/SimUAid_Synthesis_Package.vhd sub00/vhpl25 1424816515
EN nwidemux NULL //austin.utexas.edu/disk/engrstu/ece/ajt2459/__SchoolWork/EE316_lab3a/SimUAid_Synthesis_Package.vhd sub00/vhpl52 1424816542
EN xnor2 NULL //austin.utexas.edu/disk/engrstu/ece/ajt2459/__SchoolWork/EE316_lab3a/SimUAid_Synthesis_Package.vhd sub00/vhpl36 1424816526
AR fulladder behavior //austin.utexas.edu/disk/engrstu/ece/ajt2459/__SchoolWork/EE316_lab3a/SimUAid_Synthesis_Package.vhd sub00/vhpl65 1424816555
EN inverter NULL //austin.utexas.edu/disk/engrstu/ece/ajt2459/__SchoolWork/EE316_lab3a/SimUAid_Synthesis_Package.vhd sub00/vhpl38 1424816528
AR inverter behavior //austin.utexas.edu/disk/engrstu/ece/ajt2459/__SchoolWork/EE316_lab3a/SimUAid_Synthesis_Package.vhd sub00/vhpl39 1424816529
AR jkflipflop behavior //austin.utexas.edu/disk/engrstu/ece/ajt2459/__SchoolWork/EE316_lab3a/SimUAid_Synthesis_Package.vhd sub00/vhpl43 1424816533
AR mux_8_to_1 behavior //austin.utexas.edu/disk/engrstu/ece/ajt2459/__SchoolWork/EE316_lab3a/SimUAid_Synthesis_Package.vhd sub00/vhpl75 1424816565
AR nor3 behavior //austin.utexas.edu/disk/engrstu/ece/ajt2459/__SchoolWork/EE316_lab3a/SimUAid_Synthesis_Package.vhd sub00/vhpl29 1424816519
AR nbittristate behavior //austin.utexas.edu/disk/engrstu/ece/ajt2459/__SchoolWork/EE316_lab3a/SimUAid_Synthesis_Package.vhd sub00/vhpl61 1424816551
EN counter NULL //austin.utexas.edu/disk/engrstu/ece/ajt2459/__SchoolWork/EE316_lab3a/SimUAid_Synthesis_Package.vhd sub00/vhpl44 1424816534
EN complementer NULL //austin.utexas.edu/disk/engrstu/ece/ajt2459/__SchoolWork/EE316_lab3a/SimUAid_Synthesis_Package.vhd sub00/vhpl62 1424816552
AR and2 behavior //austin.utexas.edu/disk/engrstu/ece/ajt2459/__SchoolWork/EE316_lab3a/SimUAid_Synthesis_Package.vhd sub00/vhpl03 1424816493
EN or2 NULL //austin.utexas.edu/disk/engrstu/ece/ajt2459/__SchoolWork/EE316_lab3a/SimUAid_Synthesis_Package.vhd sub00/vhpl10 1424816500
EN or3 NULL //austin.utexas.edu/disk/engrstu/ece/ajt2459/__SchoolWork/EE316_lab3a/SimUAid_Synthesis_Package.vhd sub00/vhpl12 1424816502
EN or4 NULL //austin.utexas.edu/disk/engrstu/ece/ajt2459/__SchoolWork/EE316_lab3a/SimUAid_Synthesis_Package.vhd sub00/vhpl14 1424816504
AR nand4 behavior //austin.utexas.edu/disk/engrstu/ece/ajt2459/__SchoolWork/EE316_lab3a/SimUAid_Synthesis_Package.vhd sub00/vhpl23 1424816513
EN or5 NULL //austin.utexas.edu/disk/engrstu/ece/ajt2459/__SchoolWork/EE316_lab3a/SimUAid_Synthesis_Package.vhd sub00/vhpl16 1424816506
EN tristatebuf NULL //austin.utexas.edu/disk/engrstu/ece/ajt2459/__SchoolWork/EE316_lab3a/SimUAid_Synthesis_Package.vhd sub00/vhpl76 1424816566
EN jkflipflop NULL //austin.utexas.edu/disk/engrstu/ece/ajt2459/__SchoolWork/EE316_lab3a/SimUAid_Synthesis_Package.vhd sub00/vhpl42 1424816532
AR xnor2 behavior //austin.utexas.edu/disk/engrstu/ece/ajt2459/__SchoolWork/EE316_lab3a/SimUAid_Synthesis_Package.vhd sub00/vhpl37 1424816527
EN nbitadder NULL //austin.utexas.edu/disk/engrstu/ece/ajt2459/__SchoolWork/EE316_lab3a/SimUAid_Synthesis_Package.vhd sub00/vhpl50 1424816540
EN mux_2_to_1 NULL //austin.utexas.edu/disk/engrstu/ece/ajt2459/__SchoolWork/EE316_lab3a/SimUAid_Synthesis_Package.vhd sub00/vhpl70 1424816560
AR or5 behavior //austin.utexas.edu/disk/engrstu/ece/ajt2459/__SchoolWork/EE316_lab3a/SimUAid_Synthesis_Package.vhd sub00/vhpl17 1424816507
AR tristatebuf behavior //austin.utexas.edu/disk/engrstu/ece/ajt2459/__SchoolWork/EE316_lab3a/SimUAid_Synthesis_Package.vhd sub00/vhpl77 1424816567
AR nor2 behavior //austin.utexas.edu/disk/engrstu/ece/ajt2459/__SchoolWork/EE316_lab3a/SimUAid_Synthesis_Package.vhd sub00/vhpl27 1424816517
AR nbitadder behavior //austin.utexas.edu/disk/engrstu/ece/ajt2459/__SchoolWork/EE316_lab3a/SimUAid_Synthesis_Package.vhd sub00/vhpl51 1424816541
AR mux_2_to_1 behavior //austin.utexas.edu/disk/engrstu/ece/ajt2459/__SchoolWork/EE316_lab3a/SimUAid_Synthesis_Package.vhd sub00/vhpl71 1424816561
AR nbitregister behavior //austin.utexas.edu/disk/engrstu/ece/ajt2459/__SchoolWork/EE316_lab3a/SimUAid_Synthesis_Package.vhd sub00/vhpl49 1424816539
AR decoder_2_to_4 behavior //austin.utexas.edu/disk/engrstu/ece/ajt2459/__SchoolWork/EE316_lab3a/SimUAid_Synthesis_Package.vhd sub00/vhpl67 1424816557
AR dflipflop behavior //austin.utexas.edu/disk/engrstu/ece/ajt2459/__SchoolWork/EE316_lab3a/SimUAid_Synthesis_Package.vhd sub00/vhpl41 1424816531
AR nand3 behavior //austin.utexas.edu/disk/engrstu/ece/ajt2459/__SchoolWork/EE316_lab3a/SimUAid_Synthesis_Package.vhd sub00/vhpl21 1424816511
EN mux_8_to_1 NULL //austin.utexas.edu/disk/engrstu/ece/ajt2459/__SchoolWork/EE316_lab3a/SimUAid_Synthesis_Package.vhd sub00/vhpl74 1424816564
AR or4 behavior //austin.utexas.edu/disk/engrstu/ece/ajt2459/__SchoolWork/EE316_lab3a/SimUAid_Synthesis_Package.vhd sub00/vhpl15 1424816505
EN nor2 NULL //austin.utexas.edu/disk/engrstu/ece/ajt2459/__SchoolWork/EE316_lab3a/SimUAid_Synthesis_Package.vhd sub00/vhpl26 1424816516
EN nor3 NULL //austin.utexas.edu/disk/engrstu/ece/ajt2459/__SchoolWork/EE316_lab3a/SimUAid_Synthesis_Package.vhd sub00/vhpl28 1424816518
EN nor4 NULL //austin.utexas.edu/disk/engrstu/ece/ajt2459/__SchoolWork/EE316_lab3a/SimUAid_Synthesis_Package.vhd sub00/vhpl30 1424816520
EN nor5 NULL //austin.utexas.edu/disk/engrstu/ece/ajt2459/__SchoolWork/EE316_lab3a/SimUAid_Synthesis_Package.vhd sub00/vhpl32 1424816522
AR shiftregls behavior //austin.utexas.edu/disk/engrstu/ece/ajt2459/__SchoolWork/EE316_lab3a/SimUAid_Synthesis_Package.vhd sub00/vhpl55 1424816545
EN nbitregister NULL //austin.utexas.edu/disk/engrstu/ece/ajt2459/__SchoolWork/EE316_lab3a/SimUAid_Synthesis_Package.vhd sub00/vhpl48 1424816538
PH simuaid_synthesis_pack NULL //austin.utexas.edu/disk/engrstu/ece/ajt2459/__SchoolWork/EE316_lab3a/SimUAid_Synthesis_Package.vhd sub00/vhpl00 1424816490
EN decoder_2_to_4 NULL //austin.utexas.edu/disk/engrstu/ece/ajt2459/__SchoolWork/EE316_lab3a/SimUAid_Synthesis_Package.vhd sub00/vhpl66 1424816556
EN and2 NULL //austin.utexas.edu/disk/engrstu/ece/ajt2459/__SchoolWork/EE316_lab3a/SimUAid_Synthesis_Package.vhd sub00/vhpl02 1424816492
EN and3 NULL //austin.utexas.edu/disk/engrstu/ece/ajt2459/__SchoolWork/EE316_lab3a/SimUAid_Synthesis_Package.vhd sub00/vhpl04 1424816494
EN and4 NULL //austin.utexas.edu/disk/engrstu/ece/ajt2459/__SchoolWork/EE316_lab3a/SimUAid_Synthesis_Package.vhd sub00/vhpl06 1424816496
EN and5 NULL //austin.utexas.edu/disk/engrstu/ece/ajt2459/__SchoolWork/EE316_lab3a/SimUAid_Synthesis_Package.vhd sub00/vhpl08 1424816498
EN shiftregls NULL //austin.utexas.edu/disk/engrstu/ece/ajt2459/__SchoolWork/EE316_lab3a/SimUAid_Synthesis_Package.vhd sub00/vhpl54 1424816544
AR nand2 behavior //austin.utexas.edu/disk/engrstu/ece/ajt2459/__SchoolWork/EE316_lab3a/SimUAid_Synthesis_Package.vhd sub00/vhpl19 1424816509
AR loadablecounter behavior //austin.utexas.edu/disk/engrstu/ece/ajt2459/__SchoolWork/EE316_lab3a/SimUAid_Synthesis_Package.vhd sub00/vhpl47 1424816537
AR xor2 behavior //austin.utexas.edu/disk/engrstu/ece/ajt2459/__SchoolWork/EE316_lab3a/SimUAid_Synthesis_Package.vhd sub00/vhpl35 1424816525
