V3 118
FL //austin.utexas.edu/disk/engrstu/ece/ajt2459/__SchoolWork/EE316_lab3a/SimUAid_Synthesis_Package.vhd 2004/05/03.09:31:46 P.20131013
PH SimUAid_synthesis_Package/SimuAid_synthesis_pack 1424816490 \
      FL //austin.utexas.edu/disk/engrstu/ece/ajt2459/__SchoolWork/EE316_lab3a/SimUAid_Synthesis_Package.vhd \
      PB ieee/std_logic_1164 1381692176 PB ieee/STD_LOGIC_UNSIGNED 1381692179 \
      PB ieee/std_logic_arith 1381692177 CD and2 CD and3 CD and4 CD and5 CD or2 CD or3 \
      CD or4 CD or5 CD nand2 CD nand3 CD nand4 CD nand5 CD nor2 CD nor3 CD nor4 CD nor5 \
      CD xor2 CD xnor2 CD inverter CD Dflipflop CD JKflipflop CD Counter \
      CD LoadableCounter CD nbitRegister CD NBitAdder CD NWideMux CD ShiftRegLS \
      CD ShiftRegRS CD ShiftRegBidir CD NBitTristate CD complementer CD FullAdder \
      CD Decoder_2_to_4 CD Decoder_3_to_8 CD MUX_2_to_1 CD MUX_4_to_1 CD MUX_8_to_1 \
      CD tristateBuf
PB SimUAid_Synthesis_Package/SimUAid_synthesis_pack 1424816491 \
      FL //austin.utexas.edu/disk/engrstu/ece/ajt2459/__SchoolWork/EE316_lab3a/SimUAid_Synthesis_Package.vhd \
      PH SimUAid_synthesis_Package/SimuAid_synthesis_pack 1424816490
EN SimUAid_Synthesis_Package/and2 1424816492 \
      FL //austin.utexas.edu/disk/engrstu/ece/ajt2459/__SchoolWork/EE316_lab3a/SimUAid_Synthesis_Package.vhd \
      PB ieee/std_logic_1164 1381692176 PB ieee/STD_LOGIC_UNSIGNED 1381692179 \
      PB ieee/std_logic_arith 1381692177
AR SimUAid_Synthesis_Package/and2/behavior 1424816493 \
      FL //austin.utexas.edu/disk/engrstu/ece/ajt2459/__SchoolWork/EE316_lab3a/SimUAid_Synthesis_Package.vhd \
      EN SimUAid_Synthesis_Package/and2 1424816492
EN SimUAid_Synthesis_Package/and3 1424816494 \
      FL //austin.utexas.edu/disk/engrstu/ece/ajt2459/__SchoolWork/EE316_lab3a/SimUAid_Synthesis_Package.vhd \
      PB ieee/std_logic_1164 1381692176 PB ieee/STD_LOGIC_UNSIGNED 1381692179 \
      PB ieee/std_logic_arith 1381692177
AR SimUAid_Synthesis_Package/and3/behavior 1424816495 \
      FL //austin.utexas.edu/disk/engrstu/ece/ajt2459/__SchoolWork/EE316_lab3a/SimUAid_Synthesis_Package.vhd \
      EN SimUAid_Synthesis_Package/and3 1424816494
EN SimUAid_Synthesis_Package/and4 1424816496 \
      FL //austin.utexas.edu/disk/engrstu/ece/ajt2459/__SchoolWork/EE316_lab3a/SimUAid_Synthesis_Package.vhd \
      PB ieee/std_logic_1164 1381692176 PB ieee/STD_LOGIC_UNSIGNED 1381692179 \
      PB ieee/std_logic_arith 1381692177
AR SimUAid_Synthesis_Package/and4/behavior 1424816497 \
      FL //austin.utexas.edu/disk/engrstu/ece/ajt2459/__SchoolWork/EE316_lab3a/SimUAid_Synthesis_Package.vhd \
      EN SimUAid_Synthesis_Package/and4 1424816496
EN SimUAid_Synthesis_Package/and5 1424816498 \
      FL //austin.utexas.edu/disk/engrstu/ece/ajt2459/__SchoolWork/EE316_lab3a/SimUAid_Synthesis_Package.vhd \
      PB ieee/std_logic_1164 1381692176 PB ieee/STD_LOGIC_UNSIGNED 1381692179 \
      PB ieee/std_logic_arith 1381692177
AR SimUAid_Synthesis_Package/and5/behavior 1424816499 \
      FL //austin.utexas.edu/disk/engrstu/ece/ajt2459/__SchoolWork/EE316_lab3a/SimUAid_Synthesis_Package.vhd \
      EN SimUAid_Synthesis_Package/and5 1424816498
EN SimUAid_Synthesis_Package/or2 1424816500 \
      FL //austin.utexas.edu/disk/engrstu/ece/ajt2459/__SchoolWork/EE316_lab3a/SimUAid_Synthesis_Package.vhd \
      PB ieee/std_logic_1164 1381692176 PB ieee/STD_LOGIC_UNSIGNED 1381692179 \
      PB ieee/std_logic_arith 1381692177
AR SimUAid_Synthesis_Package/or2/behavior 1424816501 \
      FL //austin.utexas.edu/disk/engrstu/ece/ajt2459/__SchoolWork/EE316_lab3a/SimUAid_Synthesis_Package.vhd \
      EN SimUAid_Synthesis_Package/or2 1424816500
EN SimUAid_Synthesis_Package/or3 1424816502 \
      FL //austin.utexas.edu/disk/engrstu/ece/ajt2459/__SchoolWork/EE316_lab3a/SimUAid_Synthesis_Package.vhd \
      PB ieee/std_logic_1164 1381692176 PB ieee/STD_LOGIC_UNSIGNED 1381692179 \
      PB ieee/std_logic_arith 1381692177
AR SimUAid_Synthesis_Package/or3/behavior 1424816503 \
      FL //austin.utexas.edu/disk/engrstu/ece/ajt2459/__SchoolWork/EE316_lab3a/SimUAid_Synthesis_Package.vhd \
      EN SimUAid_Synthesis_Package/or3 1424816502
EN SimUAid_Synthesis_Package/or4 1424816504 \
      FL //austin.utexas.edu/disk/engrstu/ece/ajt2459/__SchoolWork/EE316_lab3a/SimUAid_Synthesis_Package.vhd \
      PB ieee/std_logic_1164 1381692176 PB ieee/STD_LOGIC_UNSIGNED 1381692179 \
      PB ieee/std_logic_arith 1381692177
AR SimUAid_Synthesis_Package/or4/behavior 1424816505 \
      FL //austin.utexas.edu/disk/engrstu/ece/ajt2459/__SchoolWork/EE316_lab3a/SimUAid_Synthesis_Package.vhd \
      EN SimUAid_Synthesis_Package/or4 1424816504
EN SimUAid_Synthesis_Package/or5 1424816506 \
      FL //austin.utexas.edu/disk/engrstu/ece/ajt2459/__SchoolWork/EE316_lab3a/SimUAid_Synthesis_Package.vhd \
      PB ieee/std_logic_1164 1381692176 PB ieee/STD_LOGIC_UNSIGNED 1381692179 \
      PB ieee/std_logic_arith 1381692177
AR SimUAid_Synthesis_Package/or5/behavior 1424816507 \
      FL //austin.utexas.edu/disk/engrstu/ece/ajt2459/__SchoolWork/EE316_lab3a/SimUAid_Synthesis_Package.vhd \
      EN SimUAid_Synthesis_Package/or5 1424816506
EN SimUAid_Synthesis_Package/nand2 1424816508 \
      FL //austin.utexas.edu/disk/engrstu/ece/ajt2459/__SchoolWork/EE316_lab3a/SimUAid_Synthesis_Package.vhd \
      PB ieee/std_logic_1164 1381692176 PB ieee/STD_LOGIC_UNSIGNED 1381692179 \
      PB ieee/std_logic_arith 1381692177
AR SimUAid_Synthesis_Package/nand2/behavior 1424816509 \
      FL //austin.utexas.edu/disk/engrstu/ece/ajt2459/__SchoolWork/EE316_lab3a/SimUAid_Synthesis_Package.vhd \
      EN SimUAid_Synthesis_Package/nand2 1424816508
EN SimUAid_Synthesis_Package/nand3 1424816510 \
      FL //austin.utexas.edu/disk/engrstu/ece/ajt2459/__SchoolWork/EE316_lab3a/SimUAid_Synthesis_Package.vhd \
      PB ieee/std_logic_1164 1381692176 PB ieee/STD_LOGIC_UNSIGNED 1381692179 \
      PB ieee/std_logic_arith 1381692177
AR SimUAid_Synthesis_Package/nand3/behavior 1424816511 \
      FL //austin.utexas.edu/disk/engrstu/ece/ajt2459/__SchoolWork/EE316_lab3a/SimUAid_Synthesis_Package.vhd \
      EN SimUAid_Synthesis_Package/nand3 1424816510
EN SimUAid_Synthesis_Package/nand4 1424816512 \
      FL //austin.utexas.edu/disk/engrstu/ece/ajt2459/__SchoolWork/EE316_lab3a/SimUAid_Synthesis_Package.vhd \
      PB ieee/std_logic_1164 1381692176 PB ieee/STD_LOGIC_UNSIGNED 1381692179 \
      PB ieee/std_logic_arith 1381692177
AR SimUAid_Synthesis_Package/nand4/behavior 1424816513 \
      FL //austin.utexas.edu/disk/engrstu/ece/ajt2459/__SchoolWork/EE316_lab3a/SimUAid_Synthesis_Package.vhd \
      EN SimUAid_Synthesis_Package/nand4 1424816512
EN SimUAid_Synthesis_Package/nand5 1424816514 \
      FL //austin.utexas.edu/disk/engrstu/ece/ajt2459/__SchoolWork/EE316_lab3a/SimUAid_Synthesis_Package.vhd \
      PB ieee/std_logic_1164 1381692176 PB ieee/STD_LOGIC_UNSIGNED 1381692179 \
      PB ieee/std_logic_arith 1381692177
AR SimUAid_Synthesis_Package/nand5/behavior 1424816515 \
      FL //austin.utexas.edu/disk/engrstu/ece/ajt2459/__SchoolWork/EE316_lab3a/SimUAid_Synthesis_Package.vhd \
      EN SimUAid_Synthesis_Package/nand5 1424816514
EN SimUAid_Synthesis_Package/nor2 1424816516 \
      FL //austin.utexas.edu/disk/engrstu/ece/ajt2459/__SchoolWork/EE316_lab3a/SimUAid_Synthesis_Package.vhd \
      PB ieee/std_logic_1164 1381692176 PB ieee/STD_LOGIC_UNSIGNED 1381692179 \
      PB ieee/std_logic_arith 1381692177
AR SimUAid_Synthesis_Package/nor2/behavior 1424816517 \
      FL //austin.utexas.edu/disk/engrstu/ece/ajt2459/__SchoolWork/EE316_lab3a/SimUAid_Synthesis_Package.vhd \
      EN SimUAid_Synthesis_Package/nor2 1424816516
EN SimUAid_Synthesis_Package/nor3 1424816518 \
      FL //austin.utexas.edu/disk/engrstu/ece/ajt2459/__SchoolWork/EE316_lab3a/SimUAid_Synthesis_Package.vhd \
      PB ieee/std_logic_1164 1381692176 PB ieee/STD_LOGIC_UNSIGNED 1381692179 \
      PB ieee/std_logic_arith 1381692177
AR SimUAid_Synthesis_Package/nor3/behavior 1424816519 \
      FL //austin.utexas.edu/disk/engrstu/ece/ajt2459/__SchoolWork/EE316_lab3a/SimUAid_Synthesis_Package.vhd \
      EN SimUAid_Synthesis_Package/nor3 1424816518
EN SimUAid_Synthesis_Package/nor4 1424816520 \
      FL //austin.utexas.edu/disk/engrstu/ece/ajt2459/__SchoolWork/EE316_lab3a/SimUAid_Synthesis_Package.vhd \
      PB ieee/std_logic_1164 1381692176 PB ieee/STD_LOGIC_UNSIGNED 1381692179 \
      PB ieee/std_logic_arith 1381692177
AR SimUAid_Synthesis_Package/nor4/behavior 1424816521 \
      FL //austin.utexas.edu/disk/engrstu/ece/ajt2459/__SchoolWork/EE316_lab3a/SimUAid_Synthesis_Package.vhd \
      EN SimUAid_Synthesis_Package/nor4 1424816520
EN SimUAid_Synthesis_Package/nor5 1424816522 \
      FL //austin.utexas.edu/disk/engrstu/ece/ajt2459/__SchoolWork/EE316_lab3a/SimUAid_Synthesis_Package.vhd \
      PB ieee/std_logic_1164 1381692176 PB ieee/STD_LOGIC_UNSIGNED 1381692179 \
      PB ieee/std_logic_arith 1381692177
AR SimUAid_Synthesis_Package/nor5/behavior 1424816523 \
      FL //austin.utexas.edu/disk/engrstu/ece/ajt2459/__SchoolWork/EE316_lab3a/SimUAid_Synthesis_Package.vhd \
      EN SimUAid_Synthesis_Package/nor5 1424816522
EN SimUAid_Synthesis_Package/xor2 1424816524 \
      FL //austin.utexas.edu/disk/engrstu/ece/ajt2459/__SchoolWork/EE316_lab3a/SimUAid_Synthesis_Package.vhd \
      PB ieee/std_logic_1164 1381692176 PB ieee/STD_LOGIC_UNSIGNED 1381692179 \
      PB ieee/std_logic_arith 1381692177
AR SimUAid_Synthesis_Package/xor2/behavior 1424816525 \
      FL //austin.utexas.edu/disk/engrstu/ece/ajt2459/__SchoolWork/EE316_lab3a/SimUAid_Synthesis_Package.vhd \
      EN SimUAid_Synthesis_Package/xor2 1424816524
EN SimUAid_Synthesis_Package/xnor2 1424816526 \
      FL //austin.utexas.edu/disk/engrstu/ece/ajt2459/__SchoolWork/EE316_lab3a/SimUAid_Synthesis_Package.vhd \
      PB ieee/std_logic_1164 1381692176 PB ieee/STD_LOGIC_UNSIGNED 1381692179 \
      PB ieee/std_logic_arith 1381692177
AR SimUAid_Synthesis_Package/xnor2/behavior 1424816527 \
      FL //austin.utexas.edu/disk/engrstu/ece/ajt2459/__SchoolWork/EE316_lab3a/SimUAid_Synthesis_Package.vhd \
      EN SimUAid_Synthesis_Package/xnor2 1424816526
EN SimUAid_Synthesis_Package/inverter 1424816528 \
      FL //austin.utexas.edu/disk/engrstu/ece/ajt2459/__SchoolWork/EE316_lab3a/SimUAid_Synthesis_Package.vhd \
      PB ieee/std_logic_1164 1381692176 PB ieee/STD_LOGIC_UNSIGNED 1381692179 \
      PB ieee/std_logic_arith 1381692177
AR SimUAid_Synthesis_Package/inverter/behavior 1424816529 \
      FL //austin.utexas.edu/disk/engrstu/ece/ajt2459/__SchoolWork/EE316_lab3a/SimUAid_Synthesis_Package.vhd \
      EN SimUAid_Synthesis_Package/inverter 1424816528
EN SimUAid_Synthesis_Package/Dflipflop 1424816530 \
      FL //austin.utexas.edu/disk/engrstu/ece/ajt2459/__SchoolWork/EE316_lab3a/SimUAid_Synthesis_Package.vhd \
      PB ieee/std_logic_1164 1381692176 PB ieee/STD_LOGIC_UNSIGNED 1381692179 \
      PB ieee/std_logic_arith 1381692177
AR SimUAid_Synthesis_Package/Dflipflop/behavior 1424816531 \
      FL //austin.utexas.edu/disk/engrstu/ece/ajt2459/__SchoolWork/EE316_lab3a/SimUAid_Synthesis_Package.vhd \
      EN SimUAid_Synthesis_Package/Dflipflop 1424816530
EN SimUAid_Synthesis_Package/JKflipflop 1424816532 \
      FL //austin.utexas.edu/disk/engrstu/ece/ajt2459/__SchoolWork/EE316_lab3a/SimUAid_Synthesis_Package.vhd \
      PB ieee/std_logic_1164 1381692176 PB ieee/STD_LOGIC_UNSIGNED 1381692179 \
      PB ieee/std_logic_arith 1381692177
AR SimUAid_Synthesis_Package/JKflipflop/behavior 1424816533 \
      FL //austin.utexas.edu/disk/engrstu/ece/ajt2459/__SchoolWork/EE316_lab3a/SimUAid_Synthesis_Package.vhd \
      EN SimUAid_Synthesis_Package/JKflipflop 1424816532
EN SimUAid_Synthesis_Package/Counter 1424816534 \
      FL //austin.utexas.edu/disk/engrstu/ece/ajt2459/__SchoolWork/EE316_lab3a/SimUAid_Synthesis_Package.vhd \
      PB ieee/std_logic_1164 1381692176 PB ieee/STD_LOGIC_UNSIGNED 1381692179 \
      PB ieee/std_logic_arith 1381692177
AR SimUAid_Synthesis_Package/Counter/behavior 1424816535 \
      FL //austin.utexas.edu/disk/engrstu/ece/ajt2459/__SchoolWork/EE316_lab3a/SimUAid_Synthesis_Package.vhd \
      EN SimUAid_Synthesis_Package/Counter 1424816534
EN SimUAid_Synthesis_Package/LoadableCounter 1424816536 \
      FL //austin.utexas.edu/disk/engrstu/ece/ajt2459/__SchoolWork/EE316_lab3a/SimUAid_Synthesis_Package.vhd \
      PB ieee/std_logic_1164 1381692176 PB ieee/STD_LOGIC_UNSIGNED 1381692179 \
      PB ieee/std_logic_arith 1381692177
AR SimUAid_Synthesis_Package/LoadableCounter/behavior 1424816537 \
      FL //austin.utexas.edu/disk/engrstu/ece/ajt2459/__SchoolWork/EE316_lab3a/SimUAid_Synthesis_Package.vhd \
      EN SimUAid_Synthesis_Package/LoadableCounter 1424816536
EN SimUAid_Synthesis_Package/nbitRegister 1424816538 \
      FL //austin.utexas.edu/disk/engrstu/ece/ajt2459/__SchoolWork/EE316_lab3a/SimUAid_Synthesis_Package.vhd \
      PB ieee/std_logic_1164 1381692176 PB ieee/STD_LOGIC_UNSIGNED 1381692179 \
      PB ieee/std_logic_arith 1381692177
AR SimUAid_Synthesis_Package/nbitRegister/behavior 1424816539 \
      FL //austin.utexas.edu/disk/engrstu/ece/ajt2459/__SchoolWork/EE316_lab3a/SimUAid_Synthesis_Package.vhd \
      EN SimUAid_Synthesis_Package/nbitRegister 1424816538
EN SimUAid_Synthesis_Package/NBitAdder 1424816540 \
      FL //austin.utexas.edu/disk/engrstu/ece/ajt2459/__SchoolWork/EE316_lab3a/SimUAid_Synthesis_Package.vhd \
      PB ieee/std_logic_1164 1381692176 PB ieee/STD_LOGIC_UNSIGNED 1381692179 \
      PB ieee/std_logic_arith 1381692177
AR SimUAid_Synthesis_Package/NBitAdder/behavior 1424816541 \
      FL //austin.utexas.edu/disk/engrstu/ece/ajt2459/__SchoolWork/EE316_lab3a/SimUAid_Synthesis_Package.vhd \
      EN SimUAid_Synthesis_Package/NBitAdder 1424816540
EN SimUAid_Synthesis_Package/NWideMux 1424816542 \
      FL //austin.utexas.edu/disk/engrstu/ece/ajt2459/__SchoolWork/EE316_lab3a/SimUAid_Synthesis_Package.vhd \
      PB ieee/std_logic_1164 1381692176 PB ieee/STD_LOGIC_UNSIGNED 1381692179 \
      PB ieee/std_logic_arith 1381692177
AR SimUAid_Synthesis_Package/NWideMux/behavior 1424816543 \
      FL //austin.utexas.edu/disk/engrstu/ece/ajt2459/__SchoolWork/EE316_lab3a/SimUAid_Synthesis_Package.vhd \
      EN SimUAid_Synthesis_Package/NWideMux 1424816542
EN SimUAid_Synthesis_Package/ShiftRegLS 1424816544 \
      FL //austin.utexas.edu/disk/engrstu/ece/ajt2459/__SchoolWork/EE316_lab3a/SimUAid_Synthesis_Package.vhd \
      PB ieee/std_logic_1164 1381692176 PB ieee/STD_LOGIC_UNSIGNED 1381692179 \
      PB ieee/std_logic_arith 1381692177
AR SimUAid_Synthesis_Package/ShiftRegLS/behavior 1424816545 \
      FL //austin.utexas.edu/disk/engrstu/ece/ajt2459/__SchoolWork/EE316_lab3a/SimUAid_Synthesis_Package.vhd \
      EN SimUAid_Synthesis_Package/ShiftRegLS 1424816544
EN SimUAid_Synthesis_Package/ShiftRegRS 1424816546 \
      FL //austin.utexas.edu/disk/engrstu/ece/ajt2459/__SchoolWork/EE316_lab3a/SimUAid_Synthesis_Package.vhd \
      PB ieee/std_logic_1164 1381692176 PB ieee/STD_LOGIC_UNSIGNED 1381692179 \
      PB ieee/std_logic_arith 1381692177
AR SimUAid_Synthesis_Package/ShiftRegRS/behavior 1424816547 \
      FL //austin.utexas.edu/disk/engrstu/ece/ajt2459/__SchoolWork/EE316_lab3a/SimUAid_Synthesis_Package.vhd \
      EN SimUAid_Synthesis_Package/ShiftRegRS 1424816546
EN SimUAid_Synthesis_Package/ShiftRegBidir 1424816548 \
      FL //austin.utexas.edu/disk/engrstu/ece/ajt2459/__SchoolWork/EE316_lab3a/SimUAid_Synthesis_Package.vhd \
      PB ieee/std_logic_1164 1381692176 PB ieee/STD_LOGIC_UNSIGNED 1381692179 \
      PB ieee/std_logic_arith 1381692177
AR SimUAid_Synthesis_Package/ShiftRegBidir/behavior 1424816549 \
      FL //austin.utexas.edu/disk/engrstu/ece/ajt2459/__SchoolWork/EE316_lab3a/SimUAid_Synthesis_Package.vhd \
      EN SimUAid_Synthesis_Package/ShiftRegBidir 1424816548
EN SimUAid_Synthesis_Package/NBitTristate 1424816550 \
      FL //austin.utexas.edu/disk/engrstu/ece/ajt2459/__SchoolWork/EE316_lab3a/SimUAid_Synthesis_Package.vhd \
      PB ieee/std_logic_1164 1381692176 PB ieee/STD_LOGIC_UNSIGNED 1381692179 \
      PB ieee/std_logic_arith 1381692177
AR SimUAid_Synthesis_Package/NBitTristate/behavior 1424816551 \
      FL //austin.utexas.edu/disk/engrstu/ece/ajt2459/__SchoolWork/EE316_lab3a/SimUAid_Synthesis_Package.vhd \
      EN SimUAid_Synthesis_Package/NBitTristate 1424816550
EN SimUAid_Synthesis_Package/Complementer 1424816552 \
      FL //austin.utexas.edu/disk/engrstu/ece/ajt2459/__SchoolWork/EE316_lab3a/SimUAid_Synthesis_Package.vhd \
      PB ieee/std_logic_1164 1381692176 PB ieee/STD_LOGIC_UNSIGNED 1381692179 \
      PB ieee/std_logic_arith 1381692177
AR SimUAid_Synthesis_Package/Complementer/behavior 1424816553 \
      FL //austin.utexas.edu/disk/engrstu/ece/ajt2459/__SchoolWork/EE316_lab3a/SimUAid_Synthesis_Package.vhd \
      EN SimUAid_Synthesis_Package/Complementer 1424816552
EN SimUAid_Synthesis_Package/FullAdder 1424816554 \
      FL //austin.utexas.edu/disk/engrstu/ece/ajt2459/__SchoolWork/EE316_lab3a/SimUAid_Synthesis_Package.vhd \
      PB ieee/std_logic_1164 1381692176 PB ieee/STD_LOGIC_UNSIGNED 1381692179 \
      PB ieee/std_logic_arith 1381692177
AR SimUAid_Synthesis_Package/FullAdder/behavior 1424816555 \
      FL //austin.utexas.edu/disk/engrstu/ece/ajt2459/__SchoolWork/EE316_lab3a/SimUAid_Synthesis_Package.vhd \
      EN SimUAid_Synthesis_Package/FullAdder 1424816554
EN SimUAid_Synthesis_Package/Decoder_2_to_4 1424816556 \
      FL //austin.utexas.edu/disk/engrstu/ece/ajt2459/__SchoolWork/EE316_lab3a/SimUAid_Synthesis_Package.vhd \
      PB ieee/std_logic_1164 1381692176 PB ieee/STD_LOGIC_UNSIGNED 1381692179 \
      PB ieee/std_logic_arith 1381692177
AR SimUAid_Synthesis_Package/Decoder_2_to_4/behavior 1424816557 \
      FL //austin.utexas.edu/disk/engrstu/ece/ajt2459/__SchoolWork/EE316_lab3a/SimUAid_Synthesis_Package.vhd \
      EN SimUAid_Synthesis_Package/Decoder_2_to_4 1424816556
EN SimUAid_Synthesis_Package/Decoder_3_to_8 1424816558 \
      FL //austin.utexas.edu/disk/engrstu/ece/ajt2459/__SchoolWork/EE316_lab3a/SimUAid_Synthesis_Package.vhd \
      PB ieee/std_logic_1164 1381692176 PB ieee/STD_LOGIC_UNSIGNED 1381692179 \
      PB ieee/std_logic_arith 1381692177
AR SimUAid_Synthesis_Package/Decoder_3_to_8/behavior 1424816559 \
      FL //austin.utexas.edu/disk/engrstu/ece/ajt2459/__SchoolWork/EE316_lab3a/SimUAid_Synthesis_Package.vhd \
      EN SimUAid_Synthesis_Package/Decoder_3_to_8 1424816558
EN SimUAid_Synthesis_Package/MUX_2_to_1 1424816560 \
      FL //austin.utexas.edu/disk/engrstu/ece/ajt2459/__SchoolWork/EE316_lab3a/SimUAid_Synthesis_Package.vhd \
      PB ieee/std_logic_1164 1381692176 PB ieee/STD_LOGIC_UNSIGNED 1381692179 \
      PB ieee/std_logic_arith 1381692177
AR SimUAid_Synthesis_Package/MUX_2_to_1/behavior 1424816561 \
      FL //austin.utexas.edu/disk/engrstu/ece/ajt2459/__SchoolWork/EE316_lab3a/SimUAid_Synthesis_Package.vhd \
      EN SimUAid_Synthesis_Package/MUX_2_to_1 1424816560
EN SimUAid_Synthesis_Package/MUX_4_to_1 1424816562 \
      FL //austin.utexas.edu/disk/engrstu/ece/ajt2459/__SchoolWork/EE316_lab3a/SimUAid_Synthesis_Package.vhd \
      PB ieee/std_logic_1164 1381692176 PB ieee/STD_LOGIC_UNSIGNED 1381692179 \
      PB ieee/std_logic_arith 1381692177
AR SimUAid_Synthesis_Package/MUX_4_to_1/behavior 1424816563 \
      FL //austin.utexas.edu/disk/engrstu/ece/ajt2459/__SchoolWork/EE316_lab3a/SimUAid_Synthesis_Package.vhd \
      EN SimUAid_Synthesis_Package/MUX_4_to_1 1424816562
EN SimUAid_Synthesis_Package/MUX_8_to_1 1424816564 \
      FL //austin.utexas.edu/disk/engrstu/ece/ajt2459/__SchoolWork/EE316_lab3a/SimUAid_Synthesis_Package.vhd \
      PB ieee/std_logic_1164 1381692176 PB ieee/STD_LOGIC_UNSIGNED 1381692179 \
      PB ieee/std_logic_arith 1381692177
AR SimUAid_Synthesis_Package/MUX_8_to_1/behavior 1424816565 \
      FL //austin.utexas.edu/disk/engrstu/ece/ajt2459/__SchoolWork/EE316_lab3a/SimUAid_Synthesis_Package.vhd \
      EN SimUAid_Synthesis_Package/MUX_8_to_1 1424816564
EN SimUAid_Synthesis_Package/Tristatebuf 1424816566 \
      FL //austin.utexas.edu/disk/engrstu/ece/ajt2459/__SchoolWork/EE316_lab3a/SimUAid_Synthesis_Package.vhd \
      PB ieee/std_logic_1164 1381692176 PB ieee/STD_LOGIC_UNSIGNED 1381692179 \
      PB ieee/std_logic_arith 1381692177
AR SimUAid_Synthesis_Package/Tristatebuf/behavior 1424816567 \
      FL //austin.utexas.edu/disk/engrstu/ece/ajt2459/__SchoolWork/EE316_lab3a/SimUAid_Synthesis_Package.vhd \
      EN SimUAid_Synthesis_Package/Tristatebuf 1424816566
FL "C:/Program Files (x86)/SimUaid/SimUAid_Synthesis_Package.vhd" 2004/05/03.09:31:46 P.20131013
