******************************************************************************
               TMS320C6x Linker PC v7.4.14                     
******************************************************************************
>> Linked Mon Mar 28 14:29:17 2016

OUTPUT FILE NAME:   <lab1.out>
ENTRY POINT SYMBOL: "_c_int00"  address: 11806da0


MEMORY CONFIGURATION

         name            origin    length      used     unused   attr    fill
----------------------  --------  ---------  --------  --------  ----  --------
  VECTORS               11800000   00000200  00000200  00000000  RWIX
  DSPRAM                11800200   0003fe00  00008392  00037a6e  RWIX
  SHAREDRAM             80000000   00020000  00000000  00020000  RWIX
  SDRAM                 c0000000   08000000  00000000  08000000  RWIX


SECTION ALLOCATION MAP

 output                                  attributes/
section   page    origin      length       input sections
--------  ----  ----------  ----------   ----------------
vectors    0    11800000    00000200     
                  11800000    00000200     vectors.obj (vectors)

.text      0    11800200    000070e0     
                  11800200    00000dc0     LCDK_Support_DSP.obj (.text)
                  11800fc0    000005a0     rts6740.lib : divd.obj (.text:__divd)
                  11801560    00000580                 : _printfi.obj (.text:__getarg_diouxp)
                  11801ae0    00000520                 : _printfi.obj (.text:__setfield)
                  11802000    00000440                 : _printfi.obj (.text:__printfi)
                  11802440    000003a0                 : fputs.obj (.text:_fputs)
                  118027e0    00000340     main.obj (.text)
                  11802b20    00000320     rts6740.lib : _printfi.obj (.text:__pproc_fge)
                  11802e40    000002c0                 : _printfi.obj (.text:__pproc_fwp)
                  11803100    000002a0                 : _printfi.obj (.text:_ecvt)
                  118033a0    000002a0                 : _printfi.obj (.text:_fcvt)
                  11803640    00000280                 : memory.obj (.text:_free)
                  118038c0    00000260                 : imath64.obj (.text:__divull)
                  11803b20    00000260                 : _printfi.obj (.text:__pconv_e)
                  11803d80    00000260     ISRs.obj (.text:retain)
                  11803fe0    00000240     rts6740.lib : _printfi.obj (.text:__pproc_diouxp)
                  11804220    00000220                 : _printfi.obj (.text:__pproc_str)
                  11804440    00000220                 : fputc.obj (.text:_fputc)
                  11804660    00000200                 : _printfi.obj (.text:__pconv_g)
                  11804860    00000200                 : setvbuf.obj (.text:_setvbuf)
                  11804a60    000001c0                 : _printfi.obj (.text:__mcpy)
                  11804c20    000001a0                 : imath40.obj (.text:__divul)
                  11804dc0    00000180                 : trgdrv.obj (.text:_HOSTrename)
                  11804f40    00000180                 : memory.obj (.text:_malloc)
                  118050c0    00000140                 : _printfi.obj (.text:__pproc_fflags)
                  11805200    00000140                 : lowlev.obj (.text:_getdevice)
                  11805340    00000120                 : fclose.obj (.text:__closefile)
                  11805460    00000120                 : _printfi.obj (.text:__ltostr)
                  11805580    00000120                 : fseek.obj (.text:_fseek)
                  118056a0    00000100                 : trgdrv.obj (.text:_HOSTlseek)
                  118057a0    00000100                 : _io_perm.obj (.text:__wrt_ok)
                  118058a0    000000e0                 : trgdrv.obj (.text:_HOSTopen)
                  11805980    000000e0                 : trgdrv.obj (.text:_HOSTread)
                  11805a60    000000e0                 : atoi.obj (.text:_atoi)
                  11805b40    000000e0                 : lowlev.obj (.text:_close)
                  11805c20    000000e0                 : memset.obj (.text:_memset)
                  11805d00    000000e0                 : printf.obj (.text:_printf)
                  11805de0    000000c0                 : trgdrv.obj (.text:_HOSTunlink)
                  11805ea0    000000c0                 : trgdrv.obj (.text:_HOSTwrite)
                  11805f60    000000c0                 : autoinit.obj (.text:__auto_init)
                  11806020    000000c0                 : _printfi.obj (.text:__div)
                  118060e0    000000c0                 : divu.obj (.text:__divu)
                  118061a0    000000c0                 : fflush.obj (.text:__doflush)
                  11806260    000000c0                 : exit.obj (.text:_exit)
                  11806320    000000c0                 : ltoa.obj (.text:_ltoa)
                  118063e0    000000a0                 : trgdrv.obj (.text:_HOSTclose)
                  11806480    000000a0                 : fopen.obj (.text:__cleanup)
                  11806520    000000a0                 : imath40.obj (.text:__divli)
                  118065c0    000000a0                 : _printfi.obj (.text:__ecpy)
                  11806660    000000a0                 : _printfi.obj (.text:__fcpy)
                  11806700    000000a0                 : fixdli.obj (.text:__fixdli)
                  118067a0    000000a0                 : _printfi.obj (.text:__pconv_f)
                  11806840    000000a0                 : cpy_tbl.obj (.text:_copy_in)
                  118068e0    000000a0                 : lowlev.obj (.text:_finddevice)
                  11806980    000000a0                 : lowlev.obj (.text:_lseek)
                  11806a20    000000a0                 : memcpy64.obj (.text:_memcpy)
                  11806ac0    000000a0                 : memory.obj (.text:_minsert)
                  11806b60    000000a0                 : memory.obj (.text:_mremove)
                  11806c00    000000a0                 : lowlev.obj (.text:_write)
                  11806ca0    00000080                 : fltlid.obj (.text:__fltlid)
                  11806d20    00000080                 : llshift.obj (.text:__llshl)
                  11806da0    00000080                 : boot.obj (.text:_c_int00)
                  11806e20    00000080                 : trgmsg.obj (.text:_readmsg)
                  11806ea0    00000080                 : lowlev.obj (.text:_unlink)
                  11806f20    00000060                 : cpp_init.obj (.text:___TI_cpp_init)
                  11806f80    00000060                 : imath64.obj (.text:__subcull)
                  11806fe0    00000060                 : memccpy.obj (.text:_memccpy)
                  11807040    00000060                 : trgmsg.obj (.text:_writemsg)
                  118070a0    00000040                 : isinf.obj (.text:___isinf)
                  118070e0    00000040                 : _printfi.obj (.text:___isnan)
                  11807120    00000040                 : args_main.obj (.text:__args_main)
                  11807160    00000040                 : frcmpyd_div.obj (.text:__frcmpyd_div)
                  118071a0    00000040                 : llshift.obj (.text:__llshru)
                  118071e0    00000040                 : imath40.obj (.text:__remli)
                  11807220    00000020                 : negll.obj (.text:__negll)
                  11807240    00000020                 : _lock.obj (.text:__nop)
                  11807260    00000020                 : printf.obj (.text:__outc)
                  11807280    00000020                 : printf.obj (.text:__outs)
                  118072a0    00000020                 : exit.obj (.text:_abort)
                  118072c0    00000020                 : remove.obj (.text:_remove)

.far       0    118072e0    00000650     UNINITIALIZED
                  118072e0    00000324     rts6740.lib : defs.obj (.far)
                  11807604    00000004                 : fopen.obj (.far)
                  11807608    000001e0     main.obj (.far)
                  118077e8    0000011c     rts6740.lib : lowlev.obj (.far)
                  11807904    0000000c                 : exit.obj (.far)
                  11807910    00000008     ISRs.obj (.far)
                  11807918    00000008     rts6740.lib : _lock.obj (.far)
                  11807920    00000008                 : memory.obj (.far)
                  11807928    00000008                 : trgdrv.obj (.far)

.stack     0    11807930    00000400     UNINITIALIZED
                  11807930    00000008     rts6740.lib : boot.obj (.stack)
                  11807938    000003f8     --HOLE--

.sysmem    0    11807d30    00000400     UNINITIALIZED
                  11807d30    00000008     rts6740.lib : memory.obj (.sysmem)
                  11807d38    000003f8     --HOLE--

.cinit     0    11808130    000001e4     
                  11808130    00000080     main.obj (.cinit)
                  118081b0    0000005c     rts6740.lib : defs.obj (.cinit)
                  1180820c    00000004     --HOLE-- [fill = 0]
                  11808210    0000005c                 : lowlev.obj (.cinit)
                  1180826c    00000004     --HOLE-- [fill = 0]
                  11808270    0000002c                 : exit.obj (.cinit)
                  1180829c    00000004     --HOLE-- [fill = 0]
                  118082a0    0000002c                 : memory.obj (.cinit)
                  118082cc    00000004     --HOLE-- [fill = 0]
                  118082d0    0000001c                 : _lock.obj (.cinit)
                  118082ec    00000004     --HOLE-- [fill = 0]
                  118082f0    0000000c     LCDK_Support_DSP.obj (.cinit)
                  118082fc    00000004     --HOLE-- [fill = 0]
                  11808300    0000000c     rts6740.lib : fopen.obj (.cinit)
                  1180830c    00000004     --HOLE-- [fill = 0]
                  11808310    00000004     (.pad.cinit) [fill = 0]

.const     0    11808318    0000012e     
                  11808318    00000101     rts6740.lib : ctype.obj (.const:.string:__ctypes_)
                  11808419    00000023                 : _printfi.obj (.const:.string)
                  1180843c    00000008     main.obj (.const:.string)
                  11808444    00000002     rts6740.lib : fputs.obj (.const:.string)

.cio       0    11808448    00000120     UNINITIALIZED
                  11808448    00000120     rts6740.lib : trgmsg.obj (.cio)

.bss       0    11808568    00000018     UNINITIALIZED
                  11808568    00000014     main.obj (.bss)
                  1180857c    00000004     LCDK_Support_DSP.obj (.bss)

.switch    0    11808580    00000018     
                  11808580    00000018     LCDK_Support_DSP.obj (.switch:_SetSampleRate_AIC3106)


GLOBAL SYMBOLS: SORTED ALPHABETICALLY BY Name 

address    name
--------   ----
11808568   $bss
11808568   .bss
11800200   .text
118072a0   C$$EXIT
11807098   C$$IO$$
118008ec   _AIC3106_write_reg
11800674   _CheckForOverrun
11807910   _CodecDataIn
11807914   _CodecDataOut
11803d80   _Codec_ISR
11800208   _DSP_Init
11800228   _DSP_Init_EDMA
1180040c   _EnableInterrupts
11800458   _EnableInterrupts_EDMA
11800200   _GetSampleFreq
118063e0   _HOSTclose
118056a0   _HOSTlseek
118058a0   _HOSTopen
11805980   _HOSTread
11804dc0   _HOSTrename
11805de0   _HOSTunlink
11805ea0   _HOSTwrite
118003a4   _InitDigitalOutputs
11800248   _InitLEDs
118006a4   _Init_AIC3106
118004cc   _Init_I2C
118003c8   _Init_Interrupts
11800448   _Init_Interrupts_EDMA
11800a98   _Init_McASP0
11800e28   _Init_UART2
11800f68   _IsDataReady_UART2
11800f8c   _IsTxReady_UART2
1180856c   _MAX_ITERATIONS
11800f08   _Puts_UART2
1180062c   _ReadCodecData
1180038c   _ReadSwitches
11800f48   _Read_UART2
11800928   _Reset_AIC3106
11800528   _Reset_I2C
11800950   _SetSampleRate_AIC3106
11800650   _WriteCodecData
118003b0   _WriteDigitalOutputs
118002a8   _WriteLEDs
11800548   _Write_I2C
11800ee0   _Write_UART2
11808448   __CIOBUF_
11807d30   __STACK_END
00000400   __STACK_SIZE
00000400   __SYSMEM_SIZE
00000001   __TI_args_main
11806f20   ___TI_cpp_init
1180790c   ___TI_enable_exit_profile_output
ffffffff   ___TI_pprof_out_hndl
ffffffff   ___TI_prof_data_size
ffffffff   ___TI_prof_data_start
ffffffff   ___binit__
11808568   ___bss__
ffffffff   ___c_args__
11808130   ___cinit__
11808580   ___end__
118072e0   ___etext__
118070a0   ___isinf
ffffffff   ___pinit__
11800200   ___text__
11807120   __args_main
11805f60   __auto_init
118060e0   __c6xabi_divu
11806480   __cleanup
11807904   __cleanup_ptr
11805340   __closefile
11808318   __ctypes_
11800fc0   __divd
11806520   __divli
118060e0   __divu
11804c20   __divul
118038c0   __divull
118061a0   __doflush
11807908   __dtors_ptr
11806700   __fixdli
11806ca0   __fltlid
11807160   __frcmpyd_div
11807600   __ft_end
118072e0   __ftable
11806d20   __llshl
118071a0   __llshru
11807918   __lock
11807220   __negll
11807240   __nop
11802000   __printfi
118071e0   __remli
11807930   __stack
11806f80   __subcull
11807d30   __sys_memory
118074c0   __tmpnams
1180791c   __unlock
118057a0   __wrt_ok
118072a0   _abort
11805a60   _atoi
11806da0   _c_int00
11805b40   _close
11806840   _copy_in
11802a94   _descramble
11808578   _descramble_state
11806260   _exit
11804440   _fputc
11802440   _fputs
11803640   _free
11805580   _fseek
118029e0   _generatePN
11807798   _in_seq
11808570   _index
11806980   _lseek
11806320   _ltoa
118027e0   _main
11804f40   _malloc
11806fe0   _memccpy
11806a20   _memcpy
11805c20   _memset
118077c0   _out_seq
11805d00   _printf
11804440   _putc
11806e20   _readmsg
118072c0   _remove
11802a24   _scramble
11808574   _scramble_state
11807608   _sequence
11804860   _setvbuf
11808568   _state
11806ea0   _unlink
11800498   _wait
11806c00   _write
11807040   _writemsg
ffffffff   binit
11808130   cinit
11808580   end
118072e0   etext
ffffffff   pinit


GLOBAL SYMBOLS: SORTED BY Symbol Address 

address    name
--------   ----
00000001   __TI_args_main
00000400   __STACK_SIZE
00000400   __SYSMEM_SIZE
11800200   .text
11800200   _GetSampleFreq
11800200   ___text__
11800208   _DSP_Init
11800228   _DSP_Init_EDMA
11800248   _InitLEDs
118002a8   _WriteLEDs
1180038c   _ReadSwitches
118003a4   _InitDigitalOutputs
118003b0   _WriteDigitalOutputs
118003c8   _Init_Interrupts
1180040c   _EnableInterrupts
11800448   _Init_Interrupts_EDMA
11800458   _EnableInterrupts_EDMA
11800498   _wait
118004cc   _Init_I2C
11800528   _Reset_I2C
11800548   _Write_I2C
1180062c   _ReadCodecData
11800650   _WriteCodecData
11800674   _CheckForOverrun
118006a4   _Init_AIC3106
118008ec   _AIC3106_write_reg
11800928   _Reset_AIC3106
11800950   _SetSampleRate_AIC3106
11800a98   _Init_McASP0
11800e28   _Init_UART2
11800ee0   _Write_UART2
11800f08   _Puts_UART2
11800f48   _Read_UART2
11800f68   _IsDataReady_UART2
11800f8c   _IsTxReady_UART2
11800fc0   __divd
11802000   __printfi
11802440   _fputs
118027e0   _main
118029e0   _generatePN
11802a24   _scramble
11802a94   _descramble
11803640   _free
118038c0   __divull
11803d80   _Codec_ISR
11804440   _fputc
11804440   _putc
11804860   _setvbuf
11804c20   __divul
11804dc0   _HOSTrename
11804f40   _malloc
11805340   __closefile
11805580   _fseek
118056a0   _HOSTlseek
118057a0   __wrt_ok
118058a0   _HOSTopen
11805980   _HOSTread
11805a60   _atoi
11805b40   _close
11805c20   _memset
11805d00   _printf
11805de0   _HOSTunlink
11805ea0   _HOSTwrite
11805f60   __auto_init
118060e0   __c6xabi_divu
118060e0   __divu
118061a0   __doflush
11806260   _exit
11806320   _ltoa
118063e0   _HOSTclose
11806480   __cleanup
11806520   __divli
11806700   __fixdli
11806840   _copy_in
11806980   _lseek
11806a20   _memcpy
11806c00   _write
11806ca0   __fltlid
11806d20   __llshl
11806da0   _c_int00
11806e20   _readmsg
11806ea0   _unlink
11806f20   ___TI_cpp_init
11806f80   __subcull
11806fe0   _memccpy
11807040   _writemsg
11807098   C$$IO$$
118070a0   ___isinf
11807120   __args_main
11807160   __frcmpyd_div
118071a0   __llshru
118071e0   __remli
11807220   __negll
11807240   __nop
118072a0   C$$EXIT
118072a0   _abort
118072c0   _remove
118072e0   ___etext__
118072e0   __ftable
118072e0   etext
118074c0   __tmpnams
11807600   __ft_end
11807608   _sequence
11807798   _in_seq
118077c0   _out_seq
11807904   __cleanup_ptr
11807908   __dtors_ptr
1180790c   ___TI_enable_exit_profile_output
11807910   _CodecDataIn
11807914   _CodecDataOut
11807918   __lock
1180791c   __unlock
11807930   __stack
11807d30   __STACK_END
11807d30   __sys_memory
11808130   ___cinit__
11808130   cinit
11808318   __ctypes_
11808448   __CIOBUF_
11808568   $bss
11808568   .bss
11808568   ___bss__
11808568   _state
1180856c   _MAX_ITERATIONS
11808570   _index
11808574   _scramble_state
11808578   _descramble_state
11808580   ___end__
11808580   end
ffffffff   ___TI_pprof_out_hndl
ffffffff   ___TI_prof_data_size
ffffffff   ___TI_prof_data_start
ffffffff   ___binit__
ffffffff   ___c_args__
ffffffff   ___pinit__
ffffffff   binit
ffffffff   pinit

[137 symbols]
