<?xml version="1.0"?>
<link_info>
   <banner>TMS320C6x Linker PC v7.4.14</banner>
   <copyright>Copyright (c) 1996-2015 Texas Instruments Incorporated</copyright>
   <link_time>0x56f9860d</link_time>
   <output_file>lab1.out</output_file>
   <entry_point>
      <name>_c_int00</name>
      <address>0x11806da0</address>
   </entry_point>
   <input_file_list>
      <input_file id="fl-2">
         <path>.\</path>
         <kind>object</kind>
         <file>ISRs.obj</file>
         <name>ISRs.obj</name>
      </input_file>
      <input_file id="fl-3">
         <path>.\</path>
         <kind>object</kind>
         <file>LCDK_Support_DSP.obj</file>
         <name>LCDK_Support_DSP.obj</name>
      </input_file>
      <input_file id="fl-4">
         <path>.\</path>
         <kind>object</kind>
         <file>StartUp.obj</file>
         <name>StartUp.obj</name>
      </input_file>
      <input_file id="fl-5">
         <path>.\</path>
         <kind>object</kind>
         <file>main.obj</file>
         <name>main.obj</name>
      </input_file>
      <input_file id="fl-6">
         <path>.\</path>
         <kind>object</kind>
         <file>vectors.obj</file>
         <name>vectors.obj</name>
      </input_file>
      <input_file id="fl-b">
         <path>C:\ti\ccsv6\tools\compiler\c6000_7.4.14\lib\</path>
         <kind>archive</kind>
         <file>rts6740.lib</file>
         <name>boot.obj</name>
      </input_file>
      <input_file id="fl-c">
         <path>C:\ti\ccsv6\tools\compiler\c6000_7.4.14\lib\</path>
         <kind>archive</kind>
         <file>rts6740.lib</file>
         <name>divu.obj</name>
      </input_file>
      <input_file id="fl-d">
         <path>C:\ti\ccsv6\tools\compiler\c6000_7.4.14\lib\</path>
         <kind>archive</kind>
         <file>rts6740.lib</file>
         <name>exit.obj</name>
      </input_file>
      <input_file id="fl-e">
         <path>C:\ti\ccsv6\tools\compiler\c6000_7.4.14\lib\</path>
         <kind>archive</kind>
         <file>rts6740.lib</file>
         <name>printf.obj</name>
      </input_file>
      <input_file id="fl-f">
         <path>C:\ti\ccsv6\tools\compiler\c6000_7.4.14\lib\</path>
         <kind>archive</kind>
         <file>rts6740.lib</file>
         <name>_lock.obj</name>
      </input_file>
      <input_file id="fl-10">
         <path>C:\ti\ccsv6\tools\compiler\c6000_7.4.14\lib\</path>
         <kind>archive</kind>
         <file>rts6740.lib</file>
         <name>_printfi.obj</name>
      </input_file>
      <input_file id="fl-11">
         <path>C:\ti\ccsv6\tools\compiler\c6000_7.4.14\lib\</path>
         <kind>archive</kind>
         <file>rts6740.lib</file>
         <name>args_main.obj</name>
      </input_file>
      <input_file id="fl-12">
         <path>C:\ti\ccsv6\tools\compiler\c6000_7.4.14\lib\</path>
         <kind>archive</kind>
         <file>rts6740.lib</file>
         <name>atoi.obj</name>
      </input_file>
      <input_file id="fl-13">
         <path>C:\ti\ccsv6\tools\compiler\c6000_7.4.14\lib\</path>
         <kind>archive</kind>
         <file>rts6740.lib</file>
         <name>autoinit.obj</name>
      </input_file>
      <input_file id="fl-14">
         <path>C:\ti\ccsv6\tools\compiler\c6000_7.4.14\lib\</path>
         <kind>archive</kind>
         <file>rts6740.lib</file>
         <name>cpp_init.obj</name>
      </input_file>
      <input_file id="fl-15">
         <path>C:\ti\ccsv6\tools\compiler\c6000_7.4.14\lib\</path>
         <kind>archive</kind>
         <file>rts6740.lib</file>
         <name>cpy_tbl.obj</name>
      </input_file>
      <input_file id="fl-16">
         <path>C:\ti\ccsv6\tools\compiler\c6000_7.4.14\lib\</path>
         <kind>archive</kind>
         <file>rts6740.lib</file>
         <name>ctype.obj</name>
      </input_file>
      <input_file id="fl-17">
         <path>C:\ti\ccsv6\tools\compiler\c6000_7.4.14\lib\</path>
         <kind>archive</kind>
         <file>rts6740.lib</file>
         <name>defs.obj</name>
      </input_file>
      <input_file id="fl-18">
         <path>C:\ti\ccsv6\tools\compiler\c6000_7.4.14\lib\</path>
         <kind>archive</kind>
         <file>rts6740.lib</file>
         <name>divd.obj</name>
      </input_file>
      <input_file id="fl-19">
         <path>C:\ti\ccsv6\tools\compiler\c6000_7.4.14\lib\</path>
         <kind>archive</kind>
         <file>rts6740.lib</file>
         <name>fixdli.obj</name>
      </input_file>
      <input_file id="fl-1a">
         <path>C:\ti\ccsv6\tools\compiler\c6000_7.4.14\lib\</path>
         <kind>archive</kind>
         <file>rts6740.lib</file>
         <name>fltlid.obj</name>
      </input_file>
      <input_file id="fl-1b">
         <path>C:\ti\ccsv6\tools\compiler\c6000_7.4.14\lib\</path>
         <kind>archive</kind>
         <file>rts6740.lib</file>
         <name>fputc.obj</name>
      </input_file>
      <input_file id="fl-1c">
         <path>C:\ti\ccsv6\tools\compiler\c6000_7.4.14\lib\</path>
         <kind>archive</kind>
         <file>rts6740.lib</file>
         <name>fputs.obj</name>
      </input_file>
      <input_file id="fl-1d">
         <path>C:\ti\ccsv6\tools\compiler\c6000_7.4.14\lib\</path>
         <kind>archive</kind>
         <file>rts6740.lib</file>
         <name>frcmpyd_div.obj</name>
      </input_file>
      <input_file id="fl-1e">
         <path>C:\ti\ccsv6\tools\compiler\c6000_7.4.14\lib\</path>
         <kind>archive</kind>
         <file>rts6740.lib</file>
         <name>imath40.obj</name>
      </input_file>
      <input_file id="fl-1f">
         <path>C:\ti\ccsv6\tools\compiler\c6000_7.4.14\lib\</path>
         <kind>archive</kind>
         <file>rts6740.lib</file>
         <name>imath64.obj</name>
      </input_file>
      <input_file id="fl-20">
         <path>C:\ti\ccsv6\tools\compiler\c6000_7.4.14\lib\</path>
         <kind>archive</kind>
         <file>rts6740.lib</file>
         <name>isinf.obj</name>
      </input_file>
      <input_file id="fl-21">
         <path>C:\ti\ccsv6\tools\compiler\c6000_7.4.14\lib\</path>
         <kind>archive</kind>
         <file>rts6740.lib</file>
         <name>llshift.obj</name>
      </input_file>
      <input_file id="fl-22">
         <path>C:\ti\ccsv6\tools\compiler\c6000_7.4.14\lib\</path>
         <kind>archive</kind>
         <file>rts6740.lib</file>
         <name>lowlev.obj</name>
      </input_file>
      <input_file id="fl-23">
         <path>C:\ti\ccsv6\tools\compiler\c6000_7.4.14\lib\</path>
         <kind>archive</kind>
         <file>rts6740.lib</file>
         <name>ltoa.obj</name>
      </input_file>
      <input_file id="fl-24">
         <path>C:\ti\ccsv6\tools\compiler\c6000_7.4.14\lib\</path>
         <kind>archive</kind>
         <file>rts6740.lib</file>
         <name>memccpy.obj</name>
      </input_file>
      <input_file id="fl-25">
         <path>C:\ti\ccsv6\tools\compiler\c6000_7.4.14\lib\</path>
         <kind>archive</kind>
         <file>rts6740.lib</file>
         <name>memcpy64.obj</name>
      </input_file>
      <input_file id="fl-26">
         <path>C:\ti\ccsv6\tools\compiler\c6000_7.4.14\lib\</path>
         <kind>archive</kind>
         <file>rts6740.lib</file>
         <name>memset.obj</name>
      </input_file>
      <input_file id="fl-27">
         <path>C:\ti\ccsv6\tools\compiler\c6000_7.4.14\lib\</path>
         <kind>archive</kind>
         <file>rts6740.lib</file>
         <name>negll.obj</name>
      </input_file>
      <input_file id="fl-28">
         <path>C:\ti\ccsv6\tools\compiler\c6000_7.4.14\lib\</path>
         <kind>archive</kind>
         <file>rts6740.lib</file>
         <name>trgdrv.obj</name>
      </input_file>
      <input_file id="fl-29">
         <path>C:\ti\ccsv6\tools\compiler\c6000_7.4.14\lib\</path>
         <kind>archive</kind>
         <file>rts6740.lib</file>
         <name>trgmsg.obj</name>
      </input_file>
      <input_file id="fl-2a">
         <path>C:\ti\ccsv6\tools\compiler\c6000_7.4.14\lib\</path>
         <kind>archive</kind>
         <file>rts6740.lib</file>
         <name>_io_perm.obj</name>
      </input_file>
      <input_file id="fl-2b">
         <path>C:\ti\ccsv6\tools\compiler\c6000_7.4.14\lib\</path>
         <kind>archive</kind>
         <file>rts6740.lib</file>
         <name>abs.obj</name>
      </input_file>
      <input_file id="fl-2c">
         <path>C:\ti\ccsv6\tools\compiler\c6000_7.4.14\lib\</path>
         <kind>archive</kind>
         <file>rts6740.lib</file>
         <name>fflush.obj</name>
      </input_file>
      <input_file id="fl-2d">
         <path>C:\ti\ccsv6\tools\compiler\c6000_7.4.14\lib\</path>
         <kind>archive</kind>
         <file>rts6740.lib</file>
         <name>fseek.obj</name>
      </input_file>
      <input_file id="fl-2e">
         <path>C:\ti\ccsv6\tools\compiler\c6000_7.4.14\lib\</path>
         <kind>archive</kind>
         <file>rts6740.lib</file>
         <name>setvbuf.obj</name>
      </input_file>
      <input_file id="fl-2f">
         <path>C:\ti\ccsv6\tools\compiler\c6000_7.4.14\lib\</path>
         <kind>archive</kind>
         <file>rts6740.lib</file>
         <name>fopen.obj</name>
      </input_file>
      <input_file id="fl-30">
         <path>C:\ti\ccsv6\tools\compiler\c6000_7.4.14\lib\</path>
         <kind>archive</kind>
         <file>rts6740.lib</file>
         <name>memory.obj</name>
      </input_file>
      <input_file id="fl-31">
         <path>C:\ti\ccsv6\tools\compiler\c6000_7.4.14\lib\</path>
         <kind>archive</kind>
         <file>rts6740.lib</file>
         <name>fclose.obj</name>
      </input_file>
      <input_file id="fl-32">
         <path>C:\ti\ccsv6\tools\compiler\c6000_7.4.14\lib\</path>
         <kind>archive</kind>
         <file>rts6740.lib</file>
         <name>remove.obj</name>
      </input_file>
   </input_file_list>
   <object_component_list>
      <object_component id="oc-27">
         <name>vectors</name>
         <load_address>0x11800000</load_address>
         <run_address>0x11800000</run_address>
         <size>0x200</size>
         <input_file_ref idref="fl-6"/>
      </object_component>
      <object_component id="oc-15">
         <name>.bss</name>
         <uninitialized>true</uninitialized>
         <run_address>0x1180857c</run_address>
         <size>0x4</size>
         <input_file_ref idref="fl-3"/>
      </object_component>
      <object_component id="oc-1f">
         <name>.bss</name>
         <uninitialized>true</uninitialized>
         <run_address>0x11808568</run_address>
         <size>0x14</size>
         <input_file_ref idref="fl-5"/>
      </object_component>
      <object_component id="oc-21">
         <name>.cinit</name>
         <load_address>0x11808130</load_address>
         <run_address>0x11808130</run_address>
         <size>0x80</size>
         <input_file_ref idref="fl-5"/>
      </object_component>
      <object_component id="oc-55">
         <name>.cinit</name>
         <load_address>0x118081b0</load_address>
         <run_address>0x118081b0</run_address>
         <size>0x5c</size>
         <input_file_ref idref="fl-17"/>
      </object_component>
      <object_component id="oc-78">
         <name>.cinit</name>
         <load_address>0x11808210</load_address>
         <run_address>0x11808210</run_address>
         <size>0x5c</size>
         <input_file_ref idref="fl-22"/>
      </object_component>
      <object_component id="oc-33">
         <name>.cinit</name>
         <load_address>0x11808270</load_address>
         <run_address>0x11808270</run_address>
         <size>0x2c</size>
         <input_file_ref idref="fl-d"/>
      </object_component>
      <object_component id="oc-a8">
         <name>.cinit</name>
         <load_address>0x118082a0</load_address>
         <run_address>0x118082a0</run_address>
         <size>0x2c</size>
         <input_file_ref idref="fl-30"/>
      </object_component>
      <object_component id="oc-3b">
         <name>.cinit</name>
         <load_address>0x118082d0</load_address>
         <run_address>0x118082d0</run_address>
         <size>0x1c</size>
         <input_file_ref idref="fl-f"/>
      </object_component>
      <object_component id="oc-17">
         <name>.cinit</name>
         <load_address>0x118082f0</load_address>
         <run_address>0x118082f0</run_address>
         <size>0xc</size>
         <input_file_ref idref="fl-3"/>
      </object_component>
      <object_component id="oc-a3">
         <name>.cinit</name>
         <load_address>0x11808300</load_address>
         <run_address>0x11808300</run_address>
         <size>0xc</size>
         <input_file_ref idref="fl-2f"/>
      </object_component>
      <object_component id="oc-90">
         <name>.cio</name>
         <uninitialized>true</uninitialized>
         <run_address>0x11808448</run_address>
         <size>0x120</size>
         <input_file_ref idref="fl-29"/>
      </object_component>
      <object_component id="oc-dc">
         <name>.const:.string:__ctypes_</name>
         <load_address>0x11808318</load_address>
         <run_address>0x11808318</run_address>
         <size>0x101</size>
         <input_file_ref idref="fl-16"/>
      </object_component>
      <object_component id="oc-40">
         <name>.const:.string</name>
         <load_address>0x11808419</load_address>
         <run_address>0x11808419</run_address>
         <size>0x23</size>
         <input_file_ref idref="fl-10"/>
      </object_component>
      <object_component id="oc-23">
         <name>.const:.string</name>
         <load_address>0x1180843c</load_address>
         <run_address>0x1180843c</run_address>
         <size>0x8</size>
         <input_file_ref idref="fl-5"/>
      </object_component>
      <object_component id="oc-65">
         <name>.const:.string</name>
         <load_address>0x11808444</load_address>
         <run_address>0x11808444</run_address>
         <size>0x2</size>
         <input_file_ref idref="fl-1c"/>
      </object_component>
      <object_component id="oc-2c">
         <name>.stack</name>
         <uninitialized>true</uninitialized>
         <run_address>0x11807930</run_address>
         <size>0x8</size>
         <input_file_ref idref="fl-b"/>
      </object_component>
      <object_component id="oc-118">
         <name>.stack</name>
         <uninitialized>true</uninitialized>
         <run_address>0x11807930</run_address>
         <size>0x0</size>
      </object_component>
      <object_component id="oc-aa">
         <name>.sysmem</name>
         <uninitialized>true</uninitialized>
         <run_address>0x11807d30</run_address>
         <size>0x8</size>
         <input_file_ref idref="fl-30"/>
      </object_component>
      <object_component id="oc-119">
         <name>.sysmem</name>
         <uninitialized>true</uninitialized>
         <run_address>0x11807d30</run_address>
         <size>0x0</size>
      </object_component>
      <object_component id="oc-b6">
         <name>.text</name>
         <load_address>0x11800200</load_address>
         <run_address>0x11800200</run_address>
         <size>0xdc0</size>
         <input_file_ref idref="fl-3"/>
      </object_component>
      <object_component id="oc-ee">
         <name>.text:__divd</name>
         <load_address>0x11800fc0</load_address>
         <run_address>0x11800fc0</run_address>
         <size>0x5a0</size>
         <input_file_ref idref="fl-18"/>
      </object_component>
      <object_component id="oc-e2">
         <name>.text:__getarg_diouxp</name>
         <load_address>0x11801560</load_address>
         <run_address>0x11801560</run_address>
         <size>0x580</size>
         <input_file_ref idref="fl-10"/>
      </object_component>
      <object_component id="oc-cf">
         <name>.text:__setfield</name>
         <load_address>0x11801ae0</load_address>
         <run_address>0x11801ae0</run_address>
         <size>0x520</size>
         <input_file_ref idref="fl-10"/>
      </object_component>
      <object_component id="oc-ca">
         <name>.text:__printfi</name>
         <load_address>0x11802000</load_address>
         <run_address>0x11802000</run_address>
         <size>0x440</size>
         <input_file_ref idref="fl-10"/>
      </object_component>
      <object_component id="oc-cc">
         <name>.text:_fputs</name>
         <load_address>0x11802440</load_address>
         <run_address>0x11802440</run_address>
         <size>0x3a0</size>
         <input_file_ref idref="fl-1c"/>
      </object_component>
      <object_component id="oc-c2">
         <name>.text</name>
         <load_address>0x118027e0</load_address>
         <run_address>0x118027e0</run_address>
         <size>0x340</size>
         <input_file_ref idref="fl-5"/>
      </object_component>
      <object_component id="oc-d7">
         <name>.text:__pproc_fge</name>
         <load_address>0x11802b20</load_address>
         <run_address>0x11802b20</run_address>
         <size>0x320</size>
         <input_file_ref idref="fl-10"/>
      </object_component>
      <object_component id="oc-ce">
         <name>.text:__pproc_fwp</name>
         <load_address>0x11802e40</load_address>
         <run_address>0x11802e40</run_address>
         <size>0x2c0</size>
         <input_file_ref idref="fl-10"/>
      </object_component>
      <object_component id="oc-e9">
         <name>.text:_ecvt</name>
         <load_address>0x11803100</load_address>
         <run_address>0x11803100</run_address>
         <size>0x2a0</size>
         <input_file_ref idref="fl-10"/>
      </object_component>
      <object_component id="oc-ec">
         <name>.text:_fcvt</name>
         <load_address>0x118033a0</load_address>
         <run_address>0x118033a0</run_address>
         <size>0x2a0</size>
         <input_file_ref idref="fl-10"/>
      </object_component>
      <object_component id="oc-e6">
         <name>.text:_free</name>
         <load_address>0x11803640</load_address>
         <run_address>0x11803640</run_address>
         <size>0x280</size>
         <input_file_ref idref="fl-30"/>
      </object_component>
      <object_component id="oc-f9">
         <name>.text:__divull</name>
         <load_address>0x118038c0</load_address>
         <run_address>0x118038c0</run_address>
         <size>0x260</size>
         <input_file_ref idref="fl-1f"/>
      </object_component>
      <object_component id="oc-e1">
         <name>.text:__pconv_e</name>
         <load_address>0x11803b20</load_address>
         <run_address>0x11803b20</run_address>
         <size>0x260</size>
         <input_file_ref idref="fl-10"/>
      </object_component>
      <object_component id="oc-11">
         <name>.text:retain</name>
         <load_address>0x11803d80</load_address>
         <run_address>0x11803d80</run_address>
         <size>0x260</size>
         <input_file_ref idref="fl-2"/>
      </object_component>
      <object_component id="oc-d8">
         <name>.text:__pproc_diouxp</name>
         <load_address>0x11803fe0</load_address>
         <run_address>0x11803fe0</run_address>
         <size>0x240</size>
         <input_file_ref idref="fl-10"/>
      </object_component>
      <object_component id="oc-d0">
         <name>.text:__pproc_str</name>
         <load_address>0x11804220</load_address>
         <run_address>0x11804220</run_address>
         <size>0x220</size>
         <input_file_ref idref="fl-10"/>
      </object_component>
      <object_component id="oc-d1">
         <name>.text:_fputc</name>
         <load_address>0x11804440</load_address>
         <run_address>0x11804440</run_address>
         <size>0x220</size>
         <input_file_ref idref="fl-1b"/>
      </object_component>
      <object_component id="oc-df">
         <name>.text:__pconv_g</name>
         <load_address>0x11804660</load_address>
         <run_address>0x11804660</run_address>
         <size>0x200</size>
         <input_file_ref idref="fl-10"/>
      </object_component>
      <object_component id="oc-db">
         <name>.text:_setvbuf</name>
         <load_address>0x11804860</load_address>
         <run_address>0x11804860</run_address>
         <size>0x200</size>
         <input_file_ref idref="fl-2e"/>
      </object_component>
      <object_component id="oc-eb">
         <name>.text:__mcpy</name>
         <load_address>0x11804a60</load_address>
         <run_address>0x11804a60</run_address>
         <size>0x1c0</size>
         <input_file_ref idref="fl-10"/>
      </object_component>
      <object_component id="oc-f8">
         <name>.text:__divul</name>
         <load_address>0x11804c20</load_address>
         <run_address>0x11804c20</run_address>
         <size>0x1a0</size>
         <input_file_ref idref="fl-1e"/>
      </object_component>
      <object_component id="oc-be">
         <name>.text:_HOSTrename</name>
         <load_address>0x11804dc0</load_address>
         <run_address>0x11804dc0</run_address>
         <size>0x180</size>
         <input_file_ref idref="fl-28"/>
      </object_component>
      <object_component id="oc-e7">
         <name>.text:_malloc</name>
         <load_address>0x11804f40</load_address>
         <run_address>0x11804f40</run_address>
         <size>0x180</size>
         <input_file_ref idref="fl-30"/>
      </object_component>
      <object_component id="oc-cd">
         <name>.text:__pproc_fflags</name>
         <load_address>0x118050c0</load_address>
         <run_address>0x118050c0</run_address>
         <size>0x140</size>
         <input_file_ref idref="fl-10"/>
      </object_component>
      <object_component id="oc-101">
         <name>.text:_getdevice</name>
         <load_address>0x11805200</load_address>
         <run_address>0x11805200</run_address>
         <size>0x140</size>
         <input_file_ref idref="fl-22"/>
      </object_component>
      <object_component id="oc-f2">
         <name>.text:__closefile</name>
         <load_address>0x11805340</load_address>
         <run_address>0x11805340</run_address>
         <size>0x120</size>
         <input_file_ref idref="fl-31"/>
      </object_component>
      <object_component id="oc-e4">
         <name>.text:__ltostr</name>
         <load_address>0x11805460</load_address>
         <run_address>0x11805460</run_address>
         <size>0x120</size>
         <input_file_ref idref="fl-10"/>
      </object_component>
      <object_component id="oc-da">
         <name>.text:_fseek</name>
         <load_address>0x11805580</load_address>
         <run_address>0x11805580</run_address>
         <size>0x120</size>
         <input_file_ref idref="fl-2d"/>
      </object_component>
      <object_component id="oc-bc">
         <name>.text:_HOSTlseek</name>
         <load_address>0x118056a0</load_address>
         <run_address>0x118056a0</run_address>
         <size>0x100</size>
         <input_file_ref idref="fl-28"/>
      </object_component>
      <object_component id="oc-d2">
         <name>.text:__wrt_ok</name>
         <load_address>0x118057a0</load_address>
         <run_address>0x118057a0</run_address>
         <size>0x100</size>
         <input_file_ref idref="fl-2a"/>
      </object_component>
      <object_component id="oc-b8">
         <name>.text:_HOSTopen</name>
         <load_address>0x118058a0</load_address>
         <run_address>0x118058a0</run_address>
         <size>0xe0</size>
         <input_file_ref idref="fl-28"/>
      </object_component>
      <object_component id="oc-ba">
         <name>.text:_HOSTread</name>
         <load_address>0x11805980</load_address>
         <run_address>0x11805980</run_address>
         <size>0xe0</size>
         <input_file_ref idref="fl-28"/>
      </object_component>
      <object_component id="oc-d6">
         <name>.text:_atoi</name>
         <load_address>0x11805a60</load_address>
         <run_address>0x11805a60</run_address>
         <size>0xe0</size>
         <input_file_ref idref="fl-12"/>
      </object_component>
      <object_component id="oc-fa">
         <name>.text:_close</name>
         <load_address>0x11805b40</load_address>
         <run_address>0x11805b40</run_address>
         <size>0xe0</size>
         <input_file_ref idref="fl-22"/>
      </object_component>
      <object_component id="oc-d5">
         <name>.text:_memset</name>
         <load_address>0x11805c20</load_address>
         <run_address>0x11805c20</run_address>
         <size>0xe0</size>
         <input_file_ref idref="fl-26"/>
      </object_component>
      <object_component id="oc-c8">
         <name>.text:_printf</name>
         <load_address>0x11805d00</load_address>
         <run_address>0x11805d00</run_address>
         <size>0xe0</size>
         <input_file_ref idref="fl-e"/>
      </object_component>
      <object_component id="oc-bd">
         <name>.text:_HOSTunlink</name>
         <load_address>0x11805de0</load_address>
         <run_address>0x11805de0</run_address>
         <size>0xc0</size>
         <input_file_ref idref="fl-28"/>
      </object_component>
      <object_component id="oc-bb">
         <name>.text:_HOSTwrite</name>
         <load_address>0x11805ea0</load_address>
         <run_address>0x11805ea0</run_address>
         <size>0xc0</size>
         <input_file_ref idref="fl-28"/>
      </object_component>
      <object_component id="oc-b3">
         <name>.text:__auto_init</name>
         <load_address>0x11805f60</load_address>
         <run_address>0x11805f60</run_address>
         <size>0xc0</size>
         <input_file_ref idref="fl-13"/>
      </object_component>
      <object_component id="oc-ef">
         <name>.text:__div</name>
         <load_address>0x11806020</load_address>
         <run_address>0x11806020</run_address>
         <size>0xc0</size>
         <input_file_ref idref="fl-10"/>
      </object_component>
      <object_component id="oc-c5">
         <name>.text:__divu</name>
         <load_address>0x118060e0</load_address>
         <run_address>0x118060e0</run_address>
         <size>0xc0</size>
         <input_file_ref idref="fl-c"/>
      </object_component>
      <object_component id="oc-d3">
         <name>.text:__doflush</name>
         <load_address>0x118061a0</load_address>
         <run_address>0x118061a0</run_address>
         <size>0xc0</size>
         <input_file_ref idref="fl-2c"/>
      </object_component>
      <object_component id="oc-b5">
         <name>.text:_exit</name>
         <load_address>0x11806260</load_address>
         <run_address>0x11806260</run_address>
         <size>0xc0</size>
         <input_file_ref idref="fl-d"/>
      </object_component>
      <object_component id="oc-f4">
         <name>.text:_ltoa</name>
         <load_address>0x11806320</load_address>
         <run_address>0x11806320</run_address>
         <size>0xc0</size>
         <input_file_ref idref="fl-23"/>
      </object_component>
      <object_component id="oc-b9">
         <name>.text:_HOSTclose</name>
         <load_address>0x118063e0</load_address>
         <run_address>0x118063e0</run_address>
         <size>0xa0</size>
         <input_file_ref idref="fl-28"/>
      </object_component>
      <object_component id="oc-e8">
         <name>.text:__cleanup</name>
         <load_address>0x11806480</load_address>
         <run_address>0x11806480</run_address>
         <size>0xa0</size>
         <input_file_ref idref="fl-2f"/>
      </object_component>
      <object_component id="oc-fd">
         <name>.text:__divli</name>
         <load_address>0x11806520</load_address>
         <run_address>0x11806520</run_address>
         <size>0xa0</size>
         <input_file_ref idref="fl-1e"/>
      </object_component>
      <object_component id="oc-ea">
         <name>.text:__ecpy</name>
         <load_address>0x118065c0</load_address>
         <run_address>0x118065c0</run_address>
         <size>0xa0</size>
         <input_file_ref idref="fl-10"/>
      </object_component>
      <object_component id="oc-ed">
         <name>.text:__fcpy</name>
         <load_address>0x11806660</load_address>
         <run_address>0x11806660</run_address>
         <size>0xa0</size>
         <input_file_ref idref="fl-10"/>
      </object_component>
      <object_component id="oc-f3">
         <name>.text:__fixdli</name>
         <load_address>0x11806700</load_address>
         <run_address>0x11806700</run_address>
         <size>0xa0</size>
         <input_file_ref idref="fl-19"/>
      </object_component>
      <object_component id="oc-e0">
         <name>.text:__pconv_f</name>
         <load_address>0x118067a0</load_address>
         <run_address>0x118067a0</run_address>
         <size>0xa0</size>
         <input_file_ref idref="fl-10"/>
      </object_component>
      <object_component id="oc-bf">
         <name>.text:_copy_in</name>
         <load_address>0x11806840</load_address>
         <run_address>0x11806840</run_address>
         <size>0xa0</size>
         <input_file_ref idref="fl-15"/>
      </object_component>
      <object_component id="oc-102">
         <name>.text:_finddevice</name>
         <load_address>0x118068e0</load_address>
         <run_address>0x118068e0</run_address>
         <size>0xa0</size>
         <input_file_ref idref="fl-22"/>
      </object_component>
      <object_component id="oc-e5">
         <name>.text:_lseek</name>
         <load_address>0x11806980</load_address>
         <run_address>0x11806980</run_address>
         <size>0xa0</size>
         <input_file_ref idref="fl-22"/>
      </object_component>
      <object_component id="oc-c0">
         <name>.text:_memcpy</name>
         <load_address>0x11806a20</load_address>
         <run_address>0x11806a20</run_address>
         <size>0xa0</size>
         <input_file_ref idref="fl-25"/>
      </object_component>
      <object_component id="oc-f1">
         <name>.text:_minsert</name>
         <load_address>0x11806ac0</load_address>
         <run_address>0x11806ac0</run_address>
         <size>0xa0</size>
         <input_file_ref idref="fl-30"/>
      </object_component>
      <object_component id="oc-f0">
         <name>.text:_mremove</name>
         <load_address>0x11806b60</load_address>
         <run_address>0x11806b60</run_address>
         <size>0xa0</size>
         <input_file_ref idref="fl-30"/>
      </object_component>
      <object_component id="oc-d4">
         <name>.text:_write</name>
         <load_address>0x11806c00</load_address>
         <run_address>0x11806c00</run_address>
         <size>0xa0</size>
         <input_file_ref idref="fl-22"/>
      </object_component>
      <object_component id="oc-f5">
         <name>.text:__fltlid</name>
         <load_address>0x11806ca0</load_address>
         <run_address>0x11806ca0</run_address>
         <size>0x80</size>
         <input_file_ref idref="fl-1a"/>
      </object_component>
      <object_component id="oc-fe">
         <name>.text:__llshl</name>
         <load_address>0x11806d20</load_address>
         <run_address>0x11806d20</run_address>
         <size>0x80</size>
         <input_file_ref idref="fl-21"/>
      </object_component>
      <object_component id="oc-e">
         <name>.text:_c_int00</name>
         <load_address>0x11806da0</load_address>
         <run_address>0x11806da0</run_address>
         <size>0x80</size>
         <input_file_ref idref="fl-b"/>
      </object_component>
      <object_component id="oc-c7">
         <name>.text:_readmsg</name>
         <load_address>0x11806e20</load_address>
         <run_address>0x11806e20</run_address>
         <size>0x80</size>
         <input_file_ref idref="fl-29"/>
      </object_component>
      <object_component id="oc-100">
         <name>.text:_unlink</name>
         <load_address>0x11806ea0</load_address>
         <run_address>0x11806ea0</run_address>
         <size>0x80</size>
         <input_file_ref idref="fl-22"/>
      </object_component>
      <object_component id="oc-c1">
         <name>.text:___TI_cpp_init</name>
         <load_address>0x11806f20</load_address>
         <run_address>0x11806f20</run_address>
         <size>0x60</size>
         <input_file_ref idref="fl-14"/>
      </object_component>
      <object_component id="oc-ff">
         <name>.text:__subcull</name>
         <load_address>0x11806f80</load_address>
         <run_address>0x11806f80</run_address>
         <size>0x60</size>
         <input_file_ref idref="fl-1f"/>
      </object_component>
      <object_component id="oc-d9">
         <name>.text:_memccpy</name>
         <load_address>0x11806fe0</load_address>
         <run_address>0x11806fe0</run_address>
         <size>0x60</size>
         <input_file_ref idref="fl-24"/>
      </object_component>
      <object_component id="oc-c6">
         <name>.text:_writemsg</name>
         <load_address>0x11807040</load_address>
         <run_address>0x11807040</run_address>
         <size>0x60</size>
         <input_file_ref idref="fl-29"/>
      </object_component>
      <object_component id="oc-de">
         <name>.text:___isinf</name>
         <load_address>0x118070a0</load_address>
         <run_address>0x118070a0</run_address>
         <size>0x40</size>
         <input_file_ref idref="fl-20"/>
      </object_component>
      <object_component id="oc-dd">
         <name>.text:___isnan</name>
         <load_address>0x118070e0</load_address>
         <run_address>0x118070e0</run_address>
         <size>0x40</size>
         <input_file_ref idref="fl-10"/>
      </object_component>
      <object_component id="oc-b4">
         <name>.text:__args_main</name>
         <load_address>0x11807120</load_address>
         <run_address>0x11807120</run_address>
         <size>0x40</size>
         <input_file_ref idref="fl-11"/>
      </object_component>
      <object_component id="oc-f7">
         <name>.text:__frcmpyd_div</name>
         <load_address>0x11807160</load_address>
         <run_address>0x11807160</run_address>
         <size>0x40</size>
         <input_file_ref idref="fl-1d"/>
      </object_component>
      <object_component id="oc-f6">
         <name>.text:__llshru</name>
         <load_address>0x118071a0</load_address>
         <run_address>0x118071a0</run_address>
         <size>0x40</size>
         <input_file_ref idref="fl-21"/>
      </object_component>
      <object_component id="oc-fc">
         <name>.text:__remli</name>
         <load_address>0x118071e0</load_address>
         <run_address>0x118071e0</run_address>
         <size>0x40</size>
         <input_file_ref idref="fl-1e"/>
      </object_component>
      <object_component id="oc-e3">
         <name>.text:__negll</name>
         <load_address>0x11807220</load_address>
         <run_address>0x11807220</run_address>
         <size>0x20</size>
         <input_file_ref idref="fl-27"/>
      </object_component>
      <object_component id="oc-b7">
         <name>.text:__nop</name>
         <load_address>0x11807240</load_address>
         <run_address>0x11807240</run_address>
         <size>0x20</size>
         <input_file_ref idref="fl-f"/>
      </object_component>
      <object_component id="oc-cb">
         <name>.text:__outc</name>
         <load_address>0x11807260</load_address>
         <run_address>0x11807260</run_address>
         <size>0x20</size>
         <input_file_ref idref="fl-e"/>
      </object_component>
      <object_component id="oc-c9">
         <name>.text:__outs</name>
         <load_address>0x11807280</load_address>
         <run_address>0x11807280</run_address>
         <size>0x20</size>
         <input_file_ref idref="fl-e"/>
      </object_component>
      <object_component id="oc-c3">
         <name>.text:_abort</name>
         <load_address>0x118072a0</load_address>
         <run_address>0x118072a0</run_address>
         <size>0x20</size>
         <input_file_ref idref="fl-d"/>
      </object_component>
      <object_component id="oc-fb">
         <name>.text:_remove</name>
         <load_address>0x118072c0</load_address>
         <run_address>0x118072c0</run_address>
         <size>0x20</size>
         <input_file_ref idref="fl-32"/>
      </object_component>
      <object_component id="oc-c4">
         <name>.switch:_SetSampleRate_AIC3106</name>
         <load_address>0x11808580</load_address>
         <run_address>0x11808580</run_address>
         <size>0x18</size>
         <input_file_ref idref="fl-3"/>
      </object_component>
      <object_component id="oc-10">
         <name>.far</name>
         <uninitialized>true</uninitialized>
         <run_address>0x11807910</run_address>
         <size>0x8</size>
         <input_file_ref idref="fl-2"/>
      </object_component>
      <object_component id="oc-22">
         <name>.far</name>
         <uninitialized>true</uninitialized>
         <run_address>0x11807608</run_address>
         <size>0x1e0</size>
         <input_file_ref idref="fl-5"/>
      </object_component>
      <object_component id="oc-34">
         <name>.far</name>
         <uninitialized>true</uninitialized>
         <run_address>0x11807904</run_address>
         <size>0xc</size>
         <input_file_ref idref="fl-d"/>
      </object_component>
      <object_component id="oc-3c">
         <name>.far</name>
         <uninitialized>true</uninitialized>
         <run_address>0x11807918</run_address>
         <size>0x8</size>
         <input_file_ref idref="fl-f"/>
      </object_component>
      <object_component id="oc-56">
         <name>.far</name>
         <uninitialized>true</uninitialized>
         <run_address>0x118072e0</run_address>
         <size>0x324</size>
         <input_file_ref idref="fl-17"/>
      </object_component>
      <object_component id="oc-79">
         <name>.far</name>
         <uninitialized>true</uninitialized>
         <run_address>0x118077e8</run_address>
         <size>0x11c</size>
         <input_file_ref idref="fl-22"/>
      </object_component>
      <object_component id="oc-8c">
         <name>.far</name>
         <uninitialized>true</uninitialized>
         <run_address>0x11807928</run_address>
         <size>0x8</size>
         <input_file_ref idref="fl-28"/>
      </object_component>
      <object_component id="oc-a4">
         <name>.far</name>
         <uninitialized>true</uninitialized>
         <run_address>0x11807604</run_address>
         <size>0x4</size>
         <input_file_ref idref="fl-2f"/>
      </object_component>
      <object_component id="oc-a9">
         <name>.far</name>
         <uninitialized>true</uninitialized>
         <run_address>0x11807920</run_address>
         <size>0x8</size>
         <input_file_ref idref="fl-30"/>
      </object_component>
      <object_component id="oc-f">
         <name>.debug_info</name>
         <load_address>0x0</load_address>
         <run_address>0x0</run_address>
         <size>0x7ba</size>
         <input_file_ref idref="fl-2"/>
      </object_component>
      <object_component id="oc-16">
         <name>.debug_info</name>
         <load_address>0x7ba</load_address>
         <run_address>0x7ba</run_address>
         <size>0x2b4b</size>
         <input_file_ref idref="fl-3"/>
      </object_component>
      <object_component id="oc-1b">
         <name>.debug_info</name>
         <load_address>0x3305</load_address>
         <run_address>0x3305</run_address>
         <size>0x5ca</size>
         <input_file_ref idref="fl-4"/>
      </object_component>
      <object_component id="oc-20">
         <name>.debug_info</name>
         <load_address>0x38cf</load_address>
         <run_address>0x38cf</run_address>
         <size>0xcc1</size>
         <input_file_ref idref="fl-5"/>
      </object_component>
      <object_component id="oc-28">
         <name>.debug_info</name>
         <load_address>0x4590</load_address>
         <run_address>0x4590</run_address>
         <size>0xc3</size>
         <input_file_ref idref="fl-6"/>
      </object_component>
      <object_component id="oc-2b">
         <name>.debug_info</name>
         <load_address>0x4653</load_address>
         <run_address>0x4653</run_address>
         <size>0x6f3</size>
         <input_file_ref idref="fl-b"/>
      </object_component>
      <object_component id="oc-2f">
         <name>.debug_info</name>
         <load_address>0x4d46</load_address>
         <run_address>0x4d46</run_address>
         <size>0xbc</size>
         <input_file_ref idref="fl-c"/>
      </object_component>
      <object_component id="oc-32">
         <name>.debug_info</name>
         <load_address>0x4e02</load_address>
         <run_address>0x4e02</run_address>
         <size>0x7c0</size>
         <input_file_ref idref="fl-d"/>
      </object_component>
      <object_component id="oc-37">
         <name>.debug_info</name>
         <load_address>0x55c2</load_address>
         <run_address>0x55c2</run_address>
         <size>0x8ea</size>
         <input_file_ref idref="fl-e"/>
      </object_component>
      <object_component id="oc-3a">
         <name>.debug_info</name>
         <load_address>0x5eac</load_address>
         <run_address>0x5eac</run_address>
         <size>0x634</size>
         <input_file_ref idref="fl-f"/>
      </object_component>
      <object_component id="oc-3f">
         <name>.debug_info</name>
         <load_address>0x64e0</load_address>
         <run_address>0x64e0</run_address>
         <size>0x2684</size>
         <input_file_ref idref="fl-10"/>
      </object_component>
      <object_component id="oc-43">
         <name>.debug_info</name>
         <load_address>0x8b64</load_address>
         <run_address>0x8b64</run_address>
         <size>0x6c9</size>
         <input_file_ref idref="fl-11"/>
      </object_component>
      <object_component id="oc-46">
         <name>.debug_info</name>
         <load_address>0x922d</load_address>
         <run_address>0x922d</run_address>
         <size>0x6d6</size>
         <input_file_ref idref="fl-12"/>
      </object_component>
      <object_component id="oc-49">
         <name>.debug_info</name>
         <load_address>0x9903</load_address>
         <run_address>0x9903</run_address>
         <size>0x83f</size>
         <input_file_ref idref="fl-13"/>
      </object_component>
      <object_component id="oc-4c">
         <name>.debug_info</name>
         <load_address>0xa142</load_address>
         <run_address>0xa142</run_address>
         <size>0x6b7</size>
         <input_file_ref idref="fl-14"/>
      </object_component>
      <object_component id="oc-4f">
         <name>.debug_info</name>
         <load_address>0xa7f9</load_address>
         <run_address>0xa7f9</run_address>
         <size>0x7ad</size>
         <input_file_ref idref="fl-15"/>
      </object_component>
      <object_component id="oc-52">
         <name>.debug_info</name>
         <load_address>0xafa6</load_address>
         <run_address>0xafa6</run_address>
         <size>0x5e2</size>
         <input_file_ref idref="fl-16"/>
      </object_component>
      <object_component id="oc-54">
         <name>.debug_info</name>
         <load_address>0xb588</load_address>
         <run_address>0xb588</run_address>
         <size>0x6cf</size>
         <input_file_ref idref="fl-17"/>
      </object_component>
      <object_component id="oc-58">
         <name>.debug_info</name>
         <load_address>0xbc57</load_address>
         <run_address>0xbc57</run_address>
         <size>0x96b</size>
         <input_file_ref idref="fl-18"/>
      </object_component>
      <object_component id="oc-5b">
         <name>.debug_info</name>
         <load_address>0xc5c2</load_address>
         <run_address>0xc5c2</run_address>
         <size>0x679</size>
         <input_file_ref idref="fl-19"/>
      </object_component>
      <object_component id="oc-5e">
         <name>.debug_info</name>
         <load_address>0xcc3b</load_address>
         <run_address>0xcc3b</run_address>
         <size>0x698</size>
         <input_file_ref idref="fl-1a"/>
      </object_component>
      <object_component id="oc-61">
         <name>.debug_info</name>
         <load_address>0xd2d3</load_address>
         <run_address>0xd2d3</run_address>
         <size>0x812</size>
         <input_file_ref idref="fl-1b"/>
      </object_component>
      <object_component id="oc-64">
         <name>.debug_info</name>
         <load_address>0xdae5</load_address>
         <run_address>0xdae5</run_address>
         <size>0xa9e</size>
         <input_file_ref idref="fl-1c"/>
      </object_component>
      <object_component id="oc-68">
         <name>.debug_info</name>
         <load_address>0xe583</load_address>
         <run_address>0xe583</run_address>
         <size>0x654</size>
         <input_file_ref idref="fl-1d"/>
      </object_component>
      <object_component id="oc-6b">
         <name>.debug_info</name>
         <load_address>0xebd7</load_address>
         <run_address>0xebd7</run_address>
         <size>0x78b</size>
         <input_file_ref idref="fl-1e"/>
      </object_component>
      <object_component id="oc-6e">
         <name>.debug_info</name>
         <load_address>0xf362</load_address>
         <run_address>0xf362</run_address>
         <size>0x786</size>
         <input_file_ref idref="fl-1f"/>
      </object_component>
      <object_component id="oc-71">
         <name>.debug_info</name>
         <load_address>0xfae8</load_address>
         <run_address>0xfae8</run_address>
         <size>0x7fe</size>
         <input_file_ref idref="fl-20"/>
      </object_component>
      <object_component id="oc-74">
         <name>.debug_info</name>
         <load_address>0x102e6</load_address>
         <run_address>0x102e6</run_address>
         <size>0x6e9</size>
         <input_file_ref idref="fl-21"/>
      </object_component>
      <object_component id="oc-77">
         <name>.debug_info</name>
         <load_address>0x109cf</load_address>
         <run_address>0x109cf</run_address>
         <size>0xe71</size>
         <input_file_ref idref="fl-22"/>
      </object_component>
      <object_component id="oc-7c">
         <name>.debug_info</name>
         <load_address>0x11840</load_address>
         <run_address>0x11840</run_address>
         <size>0x717</size>
         <input_file_ref idref="fl-23"/>
      </object_component>
      <object_component id="oc-7f">
         <name>.debug_info</name>
         <load_address>0x11f57</load_address>
         <run_address>0x11f57</run_address>
         <size>0x6ba</size>
         <input_file_ref idref="fl-24"/>
      </object_component>
      <object_component id="oc-82">
         <name>.debug_info</name>
         <load_address>0x12611</load_address>
         <run_address>0x12611</run_address>
         <size>0xcb</size>
         <input_file_ref idref="fl-25"/>
      </object_component>
      <object_component id="oc-85">
         <name>.debug_info</name>
         <load_address>0x126dc</load_address>
         <run_address>0x126dc</run_address>
         <size>0x79e</size>
         <input_file_ref idref="fl-26"/>
      </object_component>
      <object_component id="oc-88">
         <name>.debug_info</name>
         <load_address>0x12e7a</load_address>
         <run_address>0x12e7a</run_address>
         <size>0x600</size>
         <input_file_ref idref="fl-27"/>
      </object_component>
      <object_component id="oc-8b">
         <name>.debug_info</name>
         <load_address>0x1347a</load_address>
         <run_address>0x1347a</run_address>
         <size>0xdc4</size>
         <input_file_ref idref="fl-28"/>
      </object_component>
      <object_component id="oc-8f">
         <name>.debug_info</name>
         <load_address>0x1423e</load_address>
         <run_address>0x1423e</run_address>
         <size>0x851</size>
         <input_file_ref idref="fl-29"/>
      </object_component>
      <object_component id="oc-93">
         <name>.debug_info</name>
         <load_address>0x14a8f</load_address>
         <run_address>0x14a8f</run_address>
         <size>0x742</size>
         <input_file_ref idref="fl-2a"/>
      </object_component>
      <object_component id="oc-96">
         <name>.debug_info</name>
         <load_address>0x151d1</load_address>
         <run_address>0x151d1</run_address>
         <size>0x5b4</size>
         <input_file_ref idref="fl-2b"/>
      </object_component>
      <object_component id="oc-99">
         <name>.debug_info</name>
         <load_address>0x15785</load_address>
         <run_address>0x15785</run_address>
         <size>0x769</size>
         <input_file_ref idref="fl-2c"/>
      </object_component>
      <object_component id="oc-9c">
         <name>.debug_info</name>
         <load_address>0x15eee</load_address>
         <run_address>0x15eee</run_address>
         <size>0x7a1</size>
         <input_file_ref idref="fl-2d"/>
      </object_component>
      <object_component id="oc-9f">
         <name>.debug_info</name>
         <load_address>0x1668f</load_address>
         <run_address>0x1668f</run_address>
         <size>0x7fb</size>
         <input_file_ref idref="fl-2e"/>
      </object_component>
      <object_component id="oc-a2">
         <name>.debug_info</name>
         <load_address>0x16e8a</load_address>
         <run_address>0x16e8a</run_address>
         <size>0x853</size>
         <input_file_ref idref="fl-2f"/>
      </object_component>
      <object_component id="oc-a7">
         <name>.debug_info</name>
         <load_address>0x176dd</load_address>
         <run_address>0x176dd</run_address>
         <size>0xac7</size>
         <input_file_ref idref="fl-30"/>
      </object_component>
      <object_component id="oc-ad">
         <name>.debug_info</name>
         <load_address>0x181a4</load_address>
         <run_address>0x181a4</run_address>
         <size>0x7ee</size>
         <input_file_ref idref="fl-31"/>
      </object_component>
      <object_component id="oc-b0">
         <name>.debug_info</name>
         <load_address>0x18992</load_address>
         <run_address>0x18992</run_address>
         <size>0x64c</size>
         <input_file_ref idref="fl-32"/>
      </object_component>
      <object_component id="oc-11a">
         <name>.debug_info</name>
         <load_address>0x18fde</load_address>
         <run_address>0x18fde</run_address>
         <size>0x6e</size>
      </object_component>
      <object_component id="oc-12">
         <name>.debug_frame</name>
         <load_address>0x0</load_address>
         <run_address>0x0</run_address>
         <size>0x37f</size>
         <input_file_ref idref="fl-2"/>
      </object_component>
      <object_component id="oc-18">
         <name>.debug_frame</name>
         <load_address>0x37f</load_address>
         <run_address>0x37f</run_address>
         <size>0x57a</size>
         <input_file_ref idref="fl-3"/>
      </object_component>
      <object_component id="oc-1c">
         <name>.debug_frame</name>
         <load_address>0x8f9</load_address>
         <run_address>0x8f9</run_address>
         <size>0x23f</size>
         <input_file_ref idref="fl-4"/>
      </object_component>
      <object_component id="oc-24">
         <name>.debug_frame</name>
         <load_address>0xb38</load_address>
         <run_address>0xb38</run_address>
         <size>0x2ab</size>
         <input_file_ref idref="fl-5"/>
      </object_component>
      <object_component id="oc-13">
         <name>.debug_line</name>
         <load_address>0x0</load_address>
         <run_address>0x0</run_address>
         <size>0x54</size>
         <input_file_ref idref="fl-2"/>
      </object_component>
      <object_component id="oc-19">
         <name>.debug_line</name>
         <load_address>0x54</load_address>
         <run_address>0x54</run_address>
         <size>0x64c</size>
         <input_file_ref idref="fl-3"/>
      </object_component>
      <object_component id="oc-1d">
         <name>.debug_line</name>
         <load_address>0x6a0</load_address>
         <run_address>0x6a0</run_address>
         <size>0x2a</size>
         <input_file_ref idref="fl-4"/>
      </object_component>
      <object_component id="oc-25">
         <name>.debug_line</name>
         <load_address>0x6ca</load_address>
         <run_address>0x6ca</run_address>
         <size>0x10d</size>
         <input_file_ref idref="fl-5"/>
      </object_component>
      <object_component id="oc-29">
         <name>.debug_line</name>
         <load_address>0x7d7</load_address>
         <run_address>0x7d7</run_address>
         <size>0xb9</size>
         <input_file_ref idref="fl-6"/>
      </object_component>
      <object_component id="oc-2d">
         <name>.debug_line</name>
         <load_address>0x890</load_address>
         <run_address>0x890</run_address>
         <size>0x3d</size>
         <input_file_ref idref="fl-b"/>
      </object_component>
      <object_component id="oc-30">
         <name>.debug_line</name>
         <load_address>0x8cd</load_address>
         <run_address>0x8cd</run_address>
         <size>0x44</size>
         <input_file_ref idref="fl-c"/>
      </object_component>
      <object_component id="oc-35">
         <name>.debug_line</name>
         <load_address>0x911</load_address>
         <run_address>0x911</run_address>
         <size>0x4f</size>
         <input_file_ref idref="fl-d"/>
      </object_component>
      <object_component id="oc-38">
         <name>.debug_line</name>
         <load_address>0x960</load_address>
         <run_address>0x960</run_address>
         <size>0x6a</size>
         <input_file_ref idref="fl-e"/>
      </object_component>
      <object_component id="oc-3d">
         <name>.debug_line</name>
         <load_address>0x9ca</load_address>
         <run_address>0x9ca</run_address>
         <size>0x35</size>
         <input_file_ref idref="fl-f"/>
      </object_component>
      <object_component id="oc-41">
         <name>.debug_line</name>
         <load_address>0x9ff</load_address>
         <run_address>0x9ff</run_address>
         <size>0x31a</size>
         <input_file_ref idref="fl-10"/>
      </object_component>
      <object_component id="oc-44">
         <name>.debug_line</name>
         <load_address>0xd19</load_address>
         <run_address>0xd19</run_address>
         <size>0x3f</size>
         <input_file_ref idref="fl-11"/>
      </object_component>
      <object_component id="oc-47">
         <name>.debug_line</name>
         <load_address>0xd58</load_address>
         <run_address>0xd58</run_address>
         <size>0x45</size>
         <input_file_ref idref="fl-12"/>
      </object_component>
      <object_component id="oc-4a">
         <name>.debug_line</name>
         <load_address>0xd9d</load_address>
         <run_address>0xd9d</run_address>
         <size>0x49</size>
         <input_file_ref idref="fl-13"/>
      </object_component>
      <object_component id="oc-4d">
         <name>.debug_line</name>
         <load_address>0xde6</load_address>
         <run_address>0xde6</run_address>
         <size>0x45</size>
         <input_file_ref idref="fl-14"/>
      </object_component>
      <object_component id="oc-50">
         <name>.debug_line</name>
         <load_address>0xe2b</load_address>
         <run_address>0xe2b</run_address>
         <size>0x44</size>
         <input_file_ref idref="fl-15"/>
      </object_component>
      <object_component id="oc-59">
         <name>.debug_line</name>
         <load_address>0xe6f</load_address>
         <run_address>0xe6f</run_address>
         <size>0x3c</size>
         <input_file_ref idref="fl-18"/>
      </object_component>
      <object_component id="oc-5c">
         <name>.debug_line</name>
         <load_address>0xeab</load_address>
         <run_address>0xeab</run_address>
         <size>0x3d</size>
         <input_file_ref idref="fl-19"/>
      </object_component>
      <object_component id="oc-5f">
         <name>.debug_line</name>
         <load_address>0xee8</load_address>
         <run_address>0xee8</run_address>
         <size>0x3d</size>
         <input_file_ref idref="fl-1a"/>
      </object_component>
      <object_component id="oc-62">
         <name>.debug_line</name>
         <load_address>0xf25</load_address>
         <run_address>0xf25</run_address>
         <size>0x3f</size>
         <input_file_ref idref="fl-1b"/>
      </object_component>
      <object_component id="oc-66">
         <name>.debug_line</name>
         <load_address>0xf64</load_address>
         <run_address>0xf64</run_address>
         <size>0x93</size>
         <input_file_ref idref="fl-1c"/>
      </object_component>
      <object_component id="oc-69">
         <name>.debug_line</name>
         <load_address>0xff7</load_address>
         <run_address>0xff7</run_address>
         <size>0x3e</size>
         <input_file_ref idref="fl-1d"/>
      </object_component>
      <object_component id="oc-6c">
         <name>.debug_line</name>
         <load_address>0x1035</load_address>
         <run_address>0x1035</run_address>
         <size>0x73</size>
         <input_file_ref idref="fl-1e"/>
      </object_component>
      <object_component id="oc-6f">
         <name>.debug_line</name>
         <load_address>0x10a8</load_address>
         <run_address>0x10a8</run_address>
         <size>0x61</size>
         <input_file_ref idref="fl-1f"/>
      </object_component>
      <object_component id="oc-72">
         <name>.debug_line</name>
         <load_address>0x1109</load_address>
         <run_address>0x1109</run_address>
         <size>0x38</size>
         <input_file_ref idref="fl-20"/>
      </object_component>
      <object_component id="oc-75">
         <name>.debug_line</name>
         <load_address>0x1141</load_address>
         <run_address>0x1141</run_address>
         <size>0x56</size>
         <input_file_ref idref="fl-21"/>
      </object_component>
      <object_component id="oc-7a">
         <name>.debug_line</name>
         <load_address>0x1197</load_address>
         <run_address>0x1197</run_address>
         <size>0xf5</size>
         <input_file_ref idref="fl-22"/>
      </object_component>
      <object_component id="oc-7d">
         <name>.debug_line</name>
         <load_address>0x128c</load_address>
         <run_address>0x128c</run_address>
         <size>0x40</size>
         <input_file_ref idref="fl-23"/>
      </object_component>
      <object_component id="oc-80">
         <name>.debug_line</name>
         <load_address>0x12cc</load_address>
         <run_address>0x12cc</run_address>
         <size>0x3f</size>
         <input_file_ref idref="fl-24"/>
      </object_component>
      <object_component id="oc-83">
         <name>.debug_line</name>
         <load_address>0x130b</load_address>
         <run_address>0x130b</run_address>
         <size>0x4a</size>
         <input_file_ref idref="fl-25"/>
      </object_component>
      <object_component id="oc-86">
         <name>.debug_line</name>
         <load_address>0x1355</load_address>
         <run_address>0x1355</run_address>
         <size>0x46</size>
         <input_file_ref idref="fl-26"/>
      </object_component>
      <object_component id="oc-89">
         <name>.debug_line</name>
         <load_address>0x139b</load_address>
         <run_address>0x139b</run_address>
         <size>0x39</size>
         <input_file_ref idref="fl-27"/>
      </object_component>
      <object_component id="oc-8d">
         <name>.debug_line</name>
         <load_address>0x13d4</load_address>
         <run_address>0x13d4</run_address>
         <size>0x126</size>
         <input_file_ref idref="fl-28"/>
      </object_component>
      <object_component id="oc-91">
         <name>.debug_line</name>
         <load_address>0x14fa</load_address>
         <run_address>0x14fa</run_address>
         <size>0x66</size>
         <input_file_ref idref="fl-29"/>
      </object_component>
      <object_component id="oc-94">
         <name>.debug_line</name>
         <load_address>0x1560</load_address>
         <run_address>0x1560</run_address>
         <size>0x40</size>
         <input_file_ref idref="fl-2a"/>
      </object_component>
      <object_component id="oc-97">
         <name>.debug_line</name>
         <load_address>0x15a0</load_address>
         <run_address>0x15a0</run_address>
         <size>0x23</size>
         <input_file_ref idref="fl-2b"/>
      </object_component>
      <object_component id="oc-9a">
         <name>.debug_line</name>
         <load_address>0x15c3</load_address>
         <run_address>0x15c3</run_address>
         <size>0x3e</size>
         <input_file_ref idref="fl-2c"/>
      </object_component>
      <object_component id="oc-9d">
         <name>.debug_line</name>
         <load_address>0x1601</load_address>
         <run_address>0x1601</run_address>
         <size>0x3c</size>
         <input_file_ref idref="fl-2d"/>
      </object_component>
      <object_component id="oc-a0">
         <name>.debug_line</name>
         <load_address>0x163d</load_address>
         <run_address>0x163d</run_address>
         <size>0x40</size>
         <input_file_ref idref="fl-2e"/>
      </object_component>
      <object_component id="oc-a5">
         <name>.debug_line</name>
         <load_address>0x167d</load_address>
         <run_address>0x167d</run_address>
         <size>0x42</size>
         <input_file_ref idref="fl-2f"/>
      </object_component>
      <object_component id="oc-ab">
         <name>.debug_line</name>
         <load_address>0x16bf</load_address>
         <run_address>0x16bf</run_address>
         <size>0xa7</size>
         <input_file_ref idref="fl-30"/>
      </object_component>
      <object_component id="oc-ae">
         <name>.debug_line</name>
         <load_address>0x1766</load_address>
         <run_address>0x1766</run_address>
         <size>0x3e</size>
         <input_file_ref idref="fl-31"/>
      </object_component>
      <object_component id="oc-b1">
         <name>.debug_line</name>
         <load_address>0x17a4</load_address>
         <run_address>0x17a4</run_address>
         <size>0x39</size>
         <input_file_ref idref="fl-32"/>
      </object_component>
      <object_component id="oc-14">
         <name>.debug_abbrev</name>
         <load_address>0x0</load_address>
         <run_address>0x0</run_address>
         <size>0xf8</size>
         <input_file_ref idref="fl-2"/>
      </object_component>
      <object_component id="oc-1a">
         <name>.debug_abbrev</name>
         <load_address>0xf8</load_address>
         <run_address>0xf8</run_address>
         <size>0x1a5</size>
         <input_file_ref idref="fl-3"/>
      </object_component>
      <object_component id="oc-1e">
         <name>.debug_abbrev</name>
         <load_address>0x29d</load_address>
         <run_address>0x29d</run_address>
         <size>0x69</size>
         <input_file_ref idref="fl-4"/>
      </object_component>
      <object_component id="oc-26">
         <name>.debug_abbrev</name>
         <load_address>0x306</load_address>
         <run_address>0x306</run_address>
         <size>0x114</size>
         <input_file_ref idref="fl-5"/>
      </object_component>
      <object_component id="oc-2a">
         <name>.debug_abbrev</name>
         <load_address>0x41a</load_address>
         <run_address>0x41a</run_address>
         <size>0x21</size>
         <input_file_ref idref="fl-6"/>
      </object_component>
      <object_component id="oc-2e">
         <name>.debug_abbrev</name>
         <load_address>0x43b</load_address>
         <run_address>0x43b</run_address>
         <size>0xfe</size>
         <input_file_ref idref="fl-b"/>
      </object_component>
      <object_component id="oc-31">
         <name>.debug_abbrev</name>
         <load_address>0x539</load_address>
         <run_address>0x539</run_address>
         <size>0x3b</size>
         <input_file_ref idref="fl-c"/>
      </object_component>
      <object_component id="oc-36">
         <name>.debug_abbrev</name>
         <load_address>0x574</load_address>
         <run_address>0x574</run_address>
         <size>0x119</size>
         <input_file_ref idref="fl-d"/>
      </object_component>
      <object_component id="oc-39">
         <name>.debug_abbrev</name>
         <load_address>0x68d</load_address>
         <run_address>0x68d</run_address>
         <size>0x161</size>
         <input_file_ref idref="fl-e"/>
      </object_component>
      <object_component id="oc-3e">
         <name>.debug_abbrev</name>
         <load_address>0x7ee</load_address>
         <run_address>0x7ee</run_address>
         <size>0x9f</size>
         <input_file_ref idref="fl-f"/>
      </object_component>
      <object_component id="oc-42">
         <name>.debug_abbrev</name>
         <load_address>0x88d</load_address>
         <run_address>0x88d</run_address>
         <size>0x1d1</size>
         <input_file_ref idref="fl-10"/>
      </object_component>
      <object_component id="oc-45">
         <name>.debug_abbrev</name>
         <load_address>0xa5e</load_address>
         <run_address>0xa5e</run_address>
         <size>0xe1</size>
         <input_file_ref idref="fl-11"/>
      </object_component>
      <object_component id="oc-48">
         <name>.debug_abbrev</name>
         <load_address>0xb3f</load_address>
         <run_address>0xb3f</run_address>
         <size>0xcc</size>
         <input_file_ref idref="fl-12"/>
      </object_component>
      <object_component id="oc-4b">
         <name>.debug_abbrev</name>
         <load_address>0xc0b</load_address>
         <run_address>0xc0b</run_address>
         <size>0x13f</size>
         <input_file_ref idref="fl-13"/>
      </object_component>
      <object_component id="oc-4e">
         <name>.debug_abbrev</name>
         <load_address>0xd4a</load_address>
         <run_address>0xd4a</run_address>
         <size>0xdd</size>
         <input_file_ref idref="fl-14"/>
      </object_component>
      <object_component id="oc-51">
         <name>.debug_abbrev</name>
         <load_address>0xe27</load_address>
         <run_address>0xe27</run_address>
         <size>0x10c</size>
         <input_file_ref idref="fl-15"/>
      </object_component>
      <object_component id="oc-53">
         <name>.debug_abbrev</name>
         <load_address>0xf33</load_address>
         <run_address>0xf33</run_address>
         <size>0x5f</size>
         <input_file_ref idref="fl-16"/>
      </object_component>
      <object_component id="oc-57">
         <name>.debug_abbrev</name>
         <load_address>0xf92</load_address>
         <run_address>0xf92</run_address>
         <size>0x8e</size>
         <input_file_ref idref="fl-17"/>
      </object_component>
      <object_component id="oc-5a">
         <name>.debug_abbrev</name>
         <load_address>0x1020</load_address>
         <run_address>0x1020</run_address>
         <size>0xf5</size>
         <input_file_ref idref="fl-18"/>
      </object_component>
      <object_component id="oc-5d">
         <name>.debug_abbrev</name>
         <load_address>0x1115</load_address>
         <run_address>0x1115</run_address>
         <size>0xac</size>
         <input_file_ref idref="fl-19"/>
      </object_component>
      <object_component id="oc-60">
         <name>.debug_abbrev</name>
         <load_address>0x11c1</load_address>
         <run_address>0x11c1</run_address>
         <size>0xc3</size>
         <input_file_ref idref="fl-1a"/>
      </object_component>
      <object_component id="oc-63">
         <name>.debug_abbrev</name>
         <load_address>0x1284</load_address>
         <run_address>0x1284</run_address>
         <size>0x11f</size>
         <input_file_ref idref="fl-1b"/>
      </object_component>
      <object_component id="oc-67">
         <name>.debug_abbrev</name>
         <load_address>0x13a3</load_address>
         <run_address>0x13a3</run_address>
         <size>0x14b</size>
         <input_file_ref idref="fl-1c"/>
      </object_component>
      <object_component id="oc-6a">
         <name>.debug_abbrev</name>
         <load_address>0x14ee</load_address>
         <run_address>0x14ee</run_address>
         <size>0x8c</size>
         <input_file_ref idref="fl-1d"/>
      </object_component>
      <object_component id="oc-6d">
         <name>.debug_abbrev</name>
         <load_address>0x157a</load_address>
         <run_address>0x157a</run_address>
         <size>0xc3</size>
         <input_file_ref idref="fl-1e"/>
      </object_component>
      <object_component id="oc-70">
         <name>.debug_abbrev</name>
         <load_address>0x163d</load_address>
         <run_address>0x163d</run_address>
         <size>0xc3</size>
         <input_file_ref idref="fl-1f"/>
      </object_component>
      <object_component id="oc-73">
         <name>.debug_abbrev</name>
         <load_address>0x1700</load_address>
         <run_address>0x1700</run_address>
         <size>0xd0</size>
         <input_file_ref idref="fl-20"/>
      </object_component>
      <object_component id="oc-76">
         <name>.debug_abbrev</name>
         <load_address>0x17d0</load_address>
         <run_address>0x17d0</run_address>
         <size>0xa3</size>
         <input_file_ref idref="fl-21"/>
      </object_component>
      <object_component id="oc-7b">
         <name>.debug_abbrev</name>
         <load_address>0x1873</load_address>
         <run_address>0x1873</run_address>
         <size>0x215</size>
         <input_file_ref idref="fl-22"/>
      </object_component>
      <object_component id="oc-7e">
         <name>.debug_abbrev</name>
         <load_address>0x1a88</load_address>
         <run_address>0x1a88</run_address>
         <size>0xe3</size>
         <input_file_ref idref="fl-23"/>
      </object_component>
      <object_component id="oc-81">
         <name>.debug_abbrev</name>
         <load_address>0x1b6b</load_address>
         <run_address>0x1b6b</run_address>
         <size>0xae</size>
         <input_file_ref idref="fl-24"/>
      </object_component>
      <object_component id="oc-84">
         <name>.debug_abbrev</name>
         <load_address>0x1c19</load_address>
         <run_address>0x1c19</run_address>
         <size>0x3b</size>
         <input_file_ref idref="fl-25"/>
      </object_component>
      <object_component id="oc-87">
         <name>.debug_abbrev</name>
         <load_address>0x1c54</load_address>
         <run_address>0x1c54</run_address>
         <size>0xd0</size>
         <input_file_ref idref="fl-26"/>
      </object_component>
      <object_component id="oc-8a">
         <name>.debug_abbrev</name>
         <load_address>0x1d24</load_address>
         <run_address>0x1d24</run_address>
         <size>0x71</size>
         <input_file_ref idref="fl-27"/>
      </object_component>
      <object_component id="oc-8e">
         <name>.debug_abbrev</name>
         <load_address>0x1d95</load_address>
         <run_address>0x1d95</run_address>
         <size>0x180</size>
         <input_file_ref idref="fl-28"/>
      </object_component>
      <object_component id="oc-92">
         <name>.debug_abbrev</name>
         <load_address>0x1f15</load_address>
         <run_address>0x1f15</run_address>
         <size>0xd5</size>
         <input_file_ref idref="fl-29"/>
      </object_component>
      <object_component id="oc-95">
         <name>.debug_abbrev</name>
         <load_address>0x1fea</load_address>
         <run_address>0x1fea</run_address>
         <size>0xd1</size>
         <input_file_ref idref="fl-2a"/>
      </object_component>
      <object_component id="oc-98">
         <name>.debug_abbrev</name>
         <load_address>0x20bb</load_address>
         <run_address>0x20bb</run_address>
         <size>0x90</size>
         <input_file_ref idref="fl-2b"/>
      </object_component>
      <object_component id="oc-9b">
         <name>.debug_abbrev</name>
         <load_address>0x214b</load_address>
         <run_address>0x214b</run_address>
         <size>0x12d</size>
         <input_file_ref idref="fl-2c"/>
      </object_component>
      <object_component id="oc-9e">
         <name>.debug_abbrev</name>
         <load_address>0x2278</load_address>
         <run_address>0x2278</run_address>
         <size>0xf7</size>
         <input_file_ref idref="fl-2d"/>
      </object_component>
      <object_component id="oc-a1">
         <name>.debug_abbrev</name>
         <load_address>0x236f</load_address>
         <run_address>0x236f</run_address>
         <size>0x11a</size>
         <input_file_ref idref="fl-2e"/>
      </object_component>
      <object_component id="oc-a6">
         <name>.debug_abbrev</name>
         <load_address>0x2489</load_address>
         <run_address>0x2489</run_address>
         <size>0x1cd</size>
         <input_file_ref idref="fl-2f"/>
      </object_component>
      <object_component id="oc-ac">
         <name>.debug_abbrev</name>
         <load_address>0x2656</load_address>
         <run_address>0x2656</run_address>
         <size>0x1f6</size>
         <input_file_ref idref="fl-30"/>
      </object_component>
      <object_component id="oc-af">
         <name>.debug_abbrev</name>
         <load_address>0x284c</load_address>
         <run_address>0x284c</run_address>
         <size>0x130</size>
         <input_file_ref idref="fl-31"/>
      </object_component>
      <object_component id="oc-b2">
         <name>.debug_abbrev</name>
         <load_address>0x297c</load_address>
         <run_address>0x297c</run_address>
         <size>0xab</size>
         <input_file_ref idref="fl-32"/>
      </object_component>
      <object_component id="oc-11b">
         <name>.debug_abbrev</name>
         <load_address>0x2a27</load_address>
         <run_address>0x2a27</run_address>
         <size>0xd</size>
      </object_component>
   </object_component_list>
   <logical_group_list>
      <logical_group id="lg-2">
         <name>vectors</name>
         <load_address>0x11800000</load_address>
         <run_address>0x11800000</run_address>
         <size>0x200</size>
         <contents>
            <object_component_ref idref="oc-27"/>
         </contents>
      </logical_group>
      <logical_group id="lg-3">
         <name>.bss</name>
         <run_address>0x11808568</run_address>
         <size>0x18</size>
         <contents>
            <object_component_ref idref="oc-15"/>
            <object_component_ref idref="oc-1f"/>
         </contents>
      </logical_group>
      <logical_group id="lg-4">
         <name>.cinit</name>
         <load_address>0x11808130</load_address>
         <run_address>0x11808130</run_address>
         <size>0x1e4</size>
         <contents>
            <object_component_ref idref="oc-21"/>
            <object_component_ref idref="oc-55"/>
            <object_component_ref idref="oc-78"/>
            <object_component_ref idref="oc-33"/>
            <object_component_ref idref="oc-a8"/>
            <object_component_ref idref="oc-3b"/>
            <object_component_ref idref="oc-17"/>
            <object_component_ref idref="oc-a3"/>
         </contents>
      </logical_group>
      <logical_group id="lg-5">
         <name>.cio</name>
         <run_address>0x11808448</run_address>
         <size>0x120</size>
         <contents>
            <object_component_ref idref="oc-90"/>
         </contents>
      </logical_group>
      <logical_group id="lg-6">
         <name>.const</name>
         <load_address>0x11808318</load_address>
         <run_address>0x11808318</run_address>
         <size>0x12e</size>
         <contents>
            <object_component_ref idref="oc-dc"/>
            <object_component_ref idref="oc-40"/>
            <object_component_ref idref="oc-23"/>
            <object_component_ref idref="oc-65"/>
         </contents>
      </logical_group>
      <logical_group id="lg-7">
         <name>.stack</name>
         <run_address>0x11807930</run_address>
         <size>0x400</size>
         <contents>
            <object_component_ref idref="oc-2c"/>
            <object_component_ref idref="oc-118"/>
         </contents>
      </logical_group>
      <logical_group id="lg-8">
         <name>.sysmem</name>
         <run_address>0x11807d30</run_address>
         <size>0x400</size>
         <contents>
            <object_component_ref idref="oc-aa"/>
            <object_component_ref idref="oc-119"/>
         </contents>
      </logical_group>
      <logical_group id="lg-9">
         <name>.text</name>
         <load_address>0x11800200</load_address>
         <run_address>0x11800200</run_address>
         <size>0x70e0</size>
         <contents>
            <object_component_ref idref="oc-b6"/>
            <object_component_ref idref="oc-ee"/>
            <object_component_ref idref="oc-e2"/>
            <object_component_ref idref="oc-cf"/>
            <object_component_ref idref="oc-ca"/>
            <object_component_ref idref="oc-cc"/>
            <object_component_ref idref="oc-c2"/>
            <object_component_ref idref="oc-d7"/>
            <object_component_ref idref="oc-ce"/>
            <object_component_ref idref="oc-e9"/>
            <object_component_ref idref="oc-ec"/>
            <object_component_ref idref="oc-e6"/>
            <object_component_ref idref="oc-f9"/>
            <object_component_ref idref="oc-e1"/>
            <object_component_ref idref="oc-11"/>
            <object_component_ref idref="oc-d8"/>
            <object_component_ref idref="oc-d0"/>
            <object_component_ref idref="oc-d1"/>
            <object_component_ref idref="oc-df"/>
            <object_component_ref idref="oc-db"/>
            <object_component_ref idref="oc-eb"/>
            <object_component_ref idref="oc-f8"/>
            <object_component_ref idref="oc-be"/>
            <object_component_ref idref="oc-e7"/>
            <object_component_ref idref="oc-cd"/>
            <object_component_ref idref="oc-101"/>
            <object_component_ref idref="oc-f2"/>
            <object_component_ref idref="oc-e4"/>
            <object_component_ref idref="oc-da"/>
            <object_component_ref idref="oc-bc"/>
            <object_component_ref idref="oc-d2"/>
            <object_component_ref idref="oc-b8"/>
            <object_component_ref idref="oc-ba"/>
            <object_component_ref idref="oc-d6"/>
            <object_component_ref idref="oc-fa"/>
            <object_component_ref idref="oc-d5"/>
            <object_component_ref idref="oc-c8"/>
            <object_component_ref idref="oc-bd"/>
            <object_component_ref idref="oc-bb"/>
            <object_component_ref idref="oc-b3"/>
            <object_component_ref idref="oc-ef"/>
            <object_component_ref idref="oc-c5"/>
            <object_component_ref idref="oc-d3"/>
            <object_component_ref idref="oc-b5"/>
            <object_component_ref idref="oc-f4"/>
            <object_component_ref idref="oc-b9"/>
            <object_component_ref idref="oc-e8"/>
            <object_component_ref idref="oc-fd"/>
            <object_component_ref idref="oc-ea"/>
            <object_component_ref idref="oc-ed"/>
            <object_component_ref idref="oc-f3"/>
            <object_component_ref idref="oc-e0"/>
            <object_component_ref idref="oc-bf"/>
            <object_component_ref idref="oc-102"/>
            <object_component_ref idref="oc-e5"/>
            <object_component_ref idref="oc-c0"/>
            <object_component_ref idref="oc-f1"/>
            <object_component_ref idref="oc-f0"/>
            <object_component_ref idref="oc-d4"/>
            <object_component_ref idref="oc-f5"/>
            <object_component_ref idref="oc-fe"/>
            <object_component_ref idref="oc-e"/>
            <object_component_ref idref="oc-c7"/>
            <object_component_ref idref="oc-100"/>
            <object_component_ref idref="oc-c1"/>
            <object_component_ref idref="oc-ff"/>
            <object_component_ref idref="oc-d9"/>
            <object_component_ref idref="oc-c6"/>
            <object_component_ref idref="oc-de"/>
            <object_component_ref idref="oc-dd"/>
            <object_component_ref idref="oc-b4"/>
            <object_component_ref idref="oc-f7"/>
            <object_component_ref idref="oc-f6"/>
            <object_component_ref idref="oc-fc"/>
            <object_component_ref idref="oc-e3"/>
[...]
         <name>___binit__</name>
         <value>0xffffffff</value>
      </symbol>
      <symbol id="sm-6">
         <name>__STACK_SIZE</name>
         <value>0x400</value>
      </symbol>
      <symbol id="sm-7">
         <name>__STACK_END</name>
         <value>0x11807d30</value>
      </symbol>
      <symbol id="sm-8">
         <name>__SYSMEM_SIZE</name>
         <value>0x400</value>
      </symbol>
      <symbol id="sm-9">
         <name>___c_args__</name>
         <value>0xffffffff</value>
      </symbol>
      <symbol id="sm-a">
         <name>.text</name>
         <value>0x11800200</value>
      </symbol>
      <symbol id="sm-b">
         <name>___text__</name>
         <value>0x11800200</value>
      </symbol>
      <symbol id="sm-c">
         <name>etext</name>
         <value>0x118072e0</value>
      </symbol>
      <symbol id="sm-d">
         <name>___etext__</name>
         <value>0x118072e0</value>
      </symbol>
      <symbol id="sm-e">
         <name>.bss</name>
         <value>0x11808568</value>
      </symbol>
      <symbol id="sm-f">
         <name>___bss__</name>
         <value>0x11808568</value>
      </symbol>
      <symbol id="sm-10">
         <name>end</name>
         <value>0x11808580</value>
      </symbol>
      <symbol id="sm-11">
         <name>___end__</name>
         <value>0x11808580</value>
      </symbol>
      <symbol id="sm-12">
         <name>___TI_pprof_out_hndl</name>
         <value>0xffffffff</value>
      </symbol>
      <symbol id="sm-13">
         <name>___TI_prof_data_start</name>
         <value>0xffffffff</value>
      </symbol>
      <symbol id="sm-14">
         <name>___TI_prof_data_size</name>
         <value>0xffffffff</value>
      </symbol>
      <symbol id="sm-15">
         <name>$bss</name>
         <value>0x11808568</value>
      </symbol>
      <symbol id="sm-45">
         <name>_Codec_ISR</name>
         <value>0x11803d80</value>
         <object_component_ref idref="oc-11"/>
      </symbol>
      <symbol id="sm-46">
         <name>_CodecDataIn</name>
         <value>0x11807910</value>
         <object_component_ref idref="oc-10"/>
      </symbol>
      <symbol id="sm-47">
         <name>_CodecDataOut</name>
         <value>0x11807914</value>
         <object_component_ref idref="oc-10"/>
      </symbol>
      <symbol id="sm-10f">
         <name>_CheckForOverrun</name>
         <value>0x11800674</value>
         <object_component_ref idref="oc-b6"/>
      </symbol>
      <symbol id="sm-110">
         <name>_Reset_I2C</name>
         <value>0x11800528</value>
         <object_component_ref idref="oc-b6"/>
      </symbol>
      <symbol id="sm-111">
         <name>_Init_McASP0</name>
         <value>0x11800a98</value>
         <object_component_ref idref="oc-b6"/>
      </symbol>
      <symbol id="sm-112">
         <name>_SetSampleRate_AIC3106</name>
         <value>0x11800950</value>
         <object_component_ref idref="oc-b6"/>
      </symbol>
      <symbol id="sm-113">
         <name>_Read_UART2</name>
         <value>0x11800f48</value>
         <object_component_ref idref="oc-b6"/>
      </symbol>
      <symbol id="sm-114">
         <name>_Puts_UART2</name>
         <value>0x11800f08</value>
         <object_component_ref idref="oc-b6"/>
      </symbol>
      <symbol id="sm-115">
         <name>_Init_AIC3106</name>
         <value>0x118006a4</value>
         <object_component_ref idref="oc-b6"/>
      </symbol>
      <symbol id="sm-116">
         <name>_WriteDigitalOutputs</name>
         <value>0x118003b0</value>
         <object_component_ref idref="oc-b6"/>
      </symbol>
      <symbol id="sm-117">
         <name>_wait</name>
         <value>0x11800498</value>
         <object_component_ref idref="oc-b6"/>
      </symbol>
      <symbol id="sm-118">
         <name>_Init_UART2</name>
         <value>0x11800e28</value>
         <object_component_ref idref="oc-b6"/>
      </symbol>
      <symbol id="sm-119">
         <name>_Reset_AIC3106</name>
         <value>0x11800928</value>
         <object_component_ref idref="oc-b6"/>
      </symbol>
      <symbol id="sm-11a">
         <name>_DSP_Init</name>
         <value>0x11800208</value>
         <object_component_ref idref="oc-b6"/>
      </symbol>
      <symbol id="sm-11b">
         <name>_IsDataReady_UART2</name>
         <value>0x11800f68</value>
         <object_component_ref idref="oc-b6"/>
      </symbol>
      <symbol id="sm-11c">
         <name>_IsTxReady_UART2</name>
         <value>0x11800f8c</value>
         <object_component_ref idref="oc-b6"/>
      </symbol>
      <symbol id="sm-11d">
         <name>_Init_Interrupts_EDMA</name>
         <value>0x11800448</value>
         <object_component_ref idref="oc-b6"/>
      </symbol>
      <symbol id="sm-11e">
         <name>_AIC3106_write_reg</name>
         <value>0x118008ec</value>
         <object_component_ref idref="oc-b6"/>
      </symbol>
      <symbol id="sm-11f">
         <name>_WriteLEDs</name>
         <value>0x118002a8</value>
         <object_component_ref idref="oc-b6"/>
      </symbol>
      <symbol id="sm-120">
         <name>_Init_I2C</name>
         <value>0x118004cc</value>
         <object_component_ref idref="oc-b6"/>
      </symbol>
      <symbol id="sm-121">
         <name>_InitDigitalOutputs</name>
         <value>0x118003a4</value>
         <object_component_ref idref="oc-b6"/>
      </symbol>
      <symbol id="sm-122">
         <name>_InitLEDs</name>
         <value>0x11800248</value>
         <object_component_ref idref="oc-b6"/>
      </symbol>
      <symbol id="sm-123">
         <name>_WriteCodecData</name>
         <value>0x11800650</value>
         <object_component_ref idref="oc-b6"/>
      </symbol>
      <symbol id="sm-124">
         <name>_ReadSwitches</name>
         <value>0x1180038c</value>
         <object_component_ref idref="oc-b6"/>
      </symbol>
      <symbol id="sm-125">
         <name>_DSP_Init_EDMA</name>
         <value>0x11800228</value>
         <object_component_ref idref="oc-b6"/>
      </symbol>
      <symbol id="sm-126">
         <name>_Write_I2C</name>
         <value>0x11800548</value>
         <object_component_ref idref="oc-b6"/>
      </symbol>
      <symbol id="sm-127">
         <name>_Write_UART2</name>
         <value>0x11800ee0</value>
         <object_component_ref idref="oc-b6"/>
      </symbol>
      <symbol id="sm-128">
         <name>_ReadCodecData</name>
         <value>0x1180062c</value>
         <object_component_ref idref="oc-b6"/>
      </symbol>
      <symbol id="sm-129">
         <name>_EnableInterrupts</name>
         <value>0x1180040c</value>
         <object_component_ref idref="oc-b6"/>
      </symbol>
      <symbol id="sm-12a">
         <name>_Init_Interrupts</name>
         <value>0x118003c8</value>
         <object_component_ref idref="oc-b6"/>
      </symbol>
      <symbol id="sm-12b">
         <name>_GetSampleFreq</name>
         <value>0x11800200</value>
         <object_component_ref idref="oc-b6"/>
      </symbol>
      <symbol id="sm-12c">
         <name>_EnableInterrupts_EDMA</name>
         <value>0x11800458</value>
         <object_component_ref idref="oc-b6"/>
      </symbol>
      <symbol id="sm-164">
         <name>_scramble_state</name>
         <value>0x11808574</value>
         <object_component_ref idref="oc-1f"/>
      </symbol>
      <symbol id="sm-165">
         <name>_main</name>
         <value>0x118027e0</value>
         <object_component_ref idref="oc-c2"/>
      </symbol>
      <symbol id="sm-166">
         <name>_descramble_state</name>
         <value>0x11808578</value>
         <object_component_ref idref="oc-1f"/>
      </symbol>
      <symbol id="sm-167">
         <name>_state</name>
         <value>0x11808568</value>
         <object_component_ref idref="oc-1f"/>
      </symbol>
      <symbol id="sm-168">
         <name>_out_seq</name>
         <value>0x118077c0</value>
         <object_component_ref idref="oc-22"/>
      </symbol>
      <symbol id="sm-169">
         <name>_scramble</name>
         <value>0x11802a24</value>
         <object_component_ref idref="oc-c2"/>
      </symbol>
      <symbol id="sm-16a">
         <name>_generatePN</name>
         <value>0x118029e0</value>
         <object_component_ref idref="oc-c2"/>
      </symbol>
      <symbol id="sm-16b">
         <name>_MAX_ITERATIONS</name>
         <value>0x1180856c</value>
         <object_component_ref idref="oc-1f"/>
      </symbol>
      <symbol id="sm-16c">
         <name>_in_seq</name>
         <value>0x11807798</value>
         <object_component_ref idref="oc-22"/>
      </symbol>
      <symbol id="sm-16d">
         <name>_index</name>
         <value>0x11808570</value>
         <object_component_ref idref="oc-1f"/>
      </symbol>
      <symbol id="sm-16e">
         <name>_descramble</name>
         <value>0x11802a94</value>
         <object_component_ref idref="oc-c2"/>
      </symbol>
      <symbol id="sm-16f">
         <name>_sequence</name>
         <value>0x11807608</value>
         <object_component_ref idref="oc-22"/>
      </symbol>
      <symbol id="sm-195">
         <name>_c_int00</name>
         <value>0x11806da0</value>
         <object_component_ref idref="oc-e"/>
      </symbol>
      <symbol id="sm-196">
         <name>__stack</name>
         <value>0x11807930</value>
         <object_component_ref idref="oc-2c"/>
      </symbol>
      <symbol id="sm-19f">
         <name>__c6xabi_divu</name>
         <value>0x118060e0</value>
         <object_component_ref idref="oc-c5"/>
      </symbol>
      <symbol id="sm-1a0">
         <name>__divu</name>
         <value>0x118060e0</value>
         <object_component_ref idref="oc-c5"/>
      </symbol>
      <symbol id="sm-1b7">
         <name>C$$EXIT</name>
         <value>0x118072a0</value>
         <object_component_ref idref="oc-c3"/>
      </symbol>
      <symbol id="sm-1b8">
         <name>_exit</name>
         <value>0x11806260</value>
         <object_component_ref idref="oc-b5"/>
      </symbol>
      <symbol id="sm-1b9">
         <name>___TI_enable_exit_profile_output</name>
         <value>0x1180790c</value>
         <object_component_ref idref="oc-34"/>
      </symbol>
      <symbol id="sm-1ba">
         <name>_abort</name>
         <value>0x118072a0</value>
         <object_component_ref idref="oc-c3"/>
      </symbol>
      <symbol id="sm-1bb">
         <name>__cleanup_ptr</name>
         <value>0x11807904</value>
         <object_component_ref idref="oc-34"/>
      </symbol>
      <symbol id="sm-1bc">
         <name>__dtors_ptr</name>
         <value>0x11807908</value>
         <object_component_ref idref="oc-34"/>
      </symbol>
      <symbol id="sm-1d1">
         <name>_printf</name>
         <value>0x11805d00</value>
         <object_component_ref idref="oc-c8"/>
      </symbol>
      <symbol id="sm-1df">
         <name>__unlock</name>
         <value>0x1180791c</value>
         <object_component_ref idref="oc-3c"/>
      </symbol>
      <symbol id="sm-1e0">
         <name>__lock</name>
         <value>0x11807918</value>
         <object_component_ref idref="oc-3c"/>
      </symbol>
      <symbol id="sm-1e1">
         <name>__nop</name>
         <value>0x11807240</value>
         <object_component_ref idref="oc-b7"/>
      </symbol>
      <symbol id="sm-2ea">
         <name>__printfi</name>
         <value>0x11802000</value>
         <object_component_ref idref="oc-ca"/>
      </symbol>
      <symbol id="sm-2f4">
         <name>__args_main</name>
         <value>0x11807120</value>
         <object_component_ref idref="oc-b4"/>
      </symbol>
      <symbol id="sm-2f5">
         <name>__TI_args_main</name>
         <value>0x1</value>
      </symbol>
      <symbol id="sm-303">
         <name>_atoi</name>
         <value>0x11805a60</value>
         <object_component_ref idref="oc-d6"/>
      </symbol>
      <symbol id="sm-312">
         <name>__auto_init</name>
         <value>0x11805f60</value>
         <object_component_ref idref="oc-b3"/>
      </symbol>
      <symbol id="sm-31f">
         <name>___TI_cpp_init</name>
         <value>0x11806f20</value>
         <object_component_ref idref="oc-c1"/>
      </symbol>
      <symbol id="sm-32d">
         <name>_copy_in</name>
         <value>0x11806840</value>
         <object_component_ref idref="oc-bf"/>
      </symbol>
      <symbol id="sm-335">
         <name>__ctypes_</name>
         <value>0x11808318</value>
         <object_component_ref idref="oc-dc"/>
      </symbol>
      <symbol id="sm-33f">
         <name>__tmpnams</name>
         <value>0x118074c0</value>
         <object_component_ref idref="oc-56"/>
      </symbol>
      <symbol id="sm-340">
         <name>__ft_end</name>
         <value>0x11807600</value>
         <object_component_ref idref="oc-56"/>
      </symbol>
      <symbol id="sm-341">
         <name>__ftable</name>
         <value>0x118072e0</value>
         <object_component_ref idref="oc-56"/>
      </symbol>
      <symbol id="sm-353">
         <name>__divd</name>
         <value>0x11800fc0</value>
         <object_component_ref idref="oc-ee"/>
      </symbol>
      <symbol id="sm-360">
         <name>__fixdli</name>
         <value>0x11806700</value>
         <object_component_ref idref="oc-f3"/>
      </symbol>
      <symbol id="sm-36b">
         <name>__fltlid</name>
         <value>0x11806ca0</value>
         <object_component_ref idref="oc-f5"/>
      </symbol>
      <symbol id="sm-386">
         <name>_putc</name>
         <value>0x11804440</value>
         <object_component_ref idref="oc-d1"/>
      </symbol>
      <symbol id="sm-387">
         <name>_fputc</name>
         <value>0x11804440</value>
         <object_component_ref idref="oc-d1"/>
      </symbol>
      <symbol id="sm-3a9">
         <name>_fputs</name>
         <value>0x11802440</value>
         <object_component_ref idref="oc-cc"/>
      </symbol>
      <symbol id="sm-3b3">
         <name>__frcmpyd_div</name>
         <value>0x11807160</value>
         <object_component_ref idref="oc-f7"/>
      </symbol>
      <symbol id="sm-3c3">
         <name>__divul</name>
         <value>0x11804c20</value>
         <object_component_ref idref="oc-f8"/>
      </symbol>
      <symbol id="sm-3c4">
         <name>__remli</name>
         <value>0x118071e0</value>
         <object_component_ref idref="oc-fc"/>
      </symbol>
      <symbol id="sm-3c5">
         <name>__divli</name>
         <value>0x11806520</value>
         <object_component_ref idref="oc-fd"/>
      </symbol>
      <symbol id="sm-3d9">
         <name>__subcull</name>
         <value>0x11806f80</value>
         <object_component_ref idref="oc-ff"/>
      </symbol>
      <symbol id="sm-3da">
         <name>__divull</name>
         <value>0x118038c0</value>
         <object_component_ref idref="oc-f9"/>
      </symbol>
      <symbol id="sm-3e4">
         <name>___isinf</name>
         <value>0x118070a0</value>
         <object_component_ref idref="oc-de"/>
      </symbol>
      <symbol id="sm-3f2">
         <name>__llshl</name>
         <value>0x11806d20</value>
         <object_component_ref idref="oc-fe"/>
      </symbol>
      <symbol id="sm-3f3">
         <name>__llshru</name>
         <value>0x118071a0</value>
         <object_component_ref idref="oc-f6"/>
      </symbol>
      <symbol id="sm-430">
         <name>_unlink</name>
         <value>0x11806ea0</value>
         <object_component_ref idref="oc-100"/>
      </symbol>
      <symbol id="sm-431">
         <name>_lseek</name>
         <value>0x11806980</value>
         <object_component_ref idref="oc-e5"/>
      </symbol>
      <symbol id="sm-432">
         <name>_close</name>
         <value>0x11805b40</value>
         <object_component_ref idref="oc-fa"/>
      </symbol>
      <symbol id="sm-433">
         <name>_write</name>
         <value>0x11806c00</value>
         <object_component_ref idref="oc-d4"/>
      </symbol>
      <symbol id="sm-440">
         <name>_ltoa</name>
         <value>0x11806320</value>
         <object_component_ref idref="oc-f4"/>
      </symbol>
      <symbol id="sm-44d">
         <name>_memccpy</name>
         <value>0x11806fe0</value>
         <object_component_ref idref="oc-d9"/>
      </symbol>
      <symbol id="sm-455">
         <name>_memcpy</name>
         <value>0x11806a20</value>
         <object_component_ref idref="oc-c0"/>
      </symbol>
      <symbol id="sm-460">
         <name>_memset</name>
         <value>0x11805c20</value>
         <object_component_ref idref="oc-d5"/>
      </symbol>
      <symbol id="sm-46a">
         <name>__negll</name>
         <value>0x11807220</value>
         <object_component_ref idref="oc-e3"/>
      </symbol>
      <symbol id="sm-493">
         <name>_HOSTopen</name>
         <value>0x118058a0</value>
         <object_component_ref idref="oc-b8"/>
      </symbol>
      <symbol id="sm-494">
         <name>_HOSTread</name>
         <value>0x11805980</value>
         <object_component_ref idref="oc-ba"/>
      </symbol>
      <symbol id="sm-495">
         <name>_HOSTrename</name>
         <value>0x11804dc0</value>
         <object_component_ref idref="oc-be"/>
      </symbol>
      <symbol id="sm-496">
         <name>_HOSTwrite</name>
         <value>0x11805ea0</value>
         <object_component_ref idref="oc-bb"/>
      </symbol>
      <symbol id="sm-497">
         <name>_HOSTlseek</name>
         <value>0x118056a0</value>
         <object_component_ref idref="oc-bc"/>
      </symbol>
      <symbol id="sm-498">
         <name>_HOSTunlink</name>
         <value>0x11805de0</value>
         <object_component_ref idref="oc-bd"/>
      </symbol>
      <symbol id="sm-499">
         <name>_HOSTclose</name>
         <value>0x118063e0</value>
         <object_component_ref idref="oc-b9"/>
      </symbol>
      <symbol id="sm-4a9">
         <name>C$$IO$$</name>
         <value>0x11807098</value>
         <object_component_ref idref="oc-c6"/>
      </symbol>
      <symbol id="sm-4aa">
         <name>__CIOBUF_</name>
         <value>0x11808448</value>
         <object_component_ref idref="oc-90"/>
      </symbol>
      <symbol id="sm-4ab">
         <name>_readmsg</name>
         <value>0x11806e20</value>
         <object_component_ref idref="oc-c7"/>
      </symbol>
      <symbol id="sm-4ac">
         <name>_writemsg</name>
         <value>0x11807040</value>
         <object_component_ref idref="oc-c6"/>
      </symbol>
      <symbol id="sm-4bb">
         <name>__wrt_ok</name>
         <value>0x118057a0</value>
         <object_component_ref idref="oc-d2"/>
      </symbol>
      <symbol id="sm-4cf">
         <name>__doflush</name>
         <value>0x118061a0</value>
         <object_component_ref idref="oc-d3"/>
      </symbol>
      <symbol id="sm-4e0">
         <name>_fseek</name>
         <value>0x11805580</value>
         <object_component_ref idref="oc-da"/>
      </symbol>
      <symbol id="sm-4f7">
         <name>_setvbuf</name>
         <value>0x11804860</value>
         <object_component_ref idref="oc-db"/>
      </symbol>
      <symbol id="sm-50a">
         <name>__cleanup</name>
         <value>0x11806480</value>
         <object_component_ref idref="oc-e8"/>
      </symbol>
      <symbol id="sm-542">
         <name>__sys_memory</name>
         <value>0x11807d30</value>
         <object_component_ref idref="oc-aa"/>
      </symbol>
      <symbol id="sm-543">
         <name>_free</name>
         <value>0x11803640</value>
         <object_component_ref idref="oc-e6"/>
      </symbol>
      <symbol id="sm-544">
         <name>_malloc</name>
         <value>0x11804f40</value>
         <object_component_ref idref="oc-e7"/>
      </symbol>
      <symbol id="sm-556">
         <name>__closefile</name>
         <value>0x11805340</value>
         <object_component_ref idref="oc-f2"/>
      </symbol>
      <symbol id="sm-560">
         <name>_remove</name>
         <value>0x118072c0</value>
         <object_component_ref idref="oc-fb"/>
      </symbol>
   </symbol_table>
</link_info>
