******************************************************************************
               TMS320C6x Linker PC v7.4.14                     
******************************************************************************
>> Linked Tue Feb 16 20:53:05 2016

OUTPUT FILE NAME:   <lab_3_part1_clcok.out>
ENTRY POINT SYMBOL: "_c_int00"  address: 11801620


MEMORY CONFIGURATION

         name            origin    length      used     unused   attr    fill
----------------------  --------  ---------  --------  --------  ----  --------
  VECTORS               11800000   00000200  00000200  00000000  RWIX
  DSPRAM                11800200   0003fe00  00001ba4  0003e25c  RWIX
  SHAREDRAM             80000000   00020000  00000000  00020000  RWIX
  SDRAM                 c0000000   08000000  00000000  08000000  RWIX


SECTION ALLOCATION MAP

 output                                  attributes/
section   page    origin      length       input sections
--------  ----  ----------  ----------   ----------------
vectors    0    11800000    00000200     
                  11800000    00000200     vectors.obj (vectors)

.text      0    11800200    000015a0     
                  11800200    00000dc0     LCDK_Support_DSP.obj (.text)
                  11800fc0    000002e0     FIRmono_ISRs.obj (.text:retain)
                  118012a0    000000c0     rts6740.lib : autoinit.obj (.text:__auto_init)
                  11801360    000000c0                 : divu.obj (.text:__divu)
                  11801420    000000c0                 : exit.obj (.text:_exit)
                  118014e0    000000a0                 : cpy_tbl.obj (.text:_copy_in)
                  11801580    000000a0                 : memcpy64.obj (.text:_memcpy)
                  11801620    00000080                 : boot.obj (.text:_c_int00)
                  118016a0    00000060                 : cpp_init.obj (.text:___TI_cpp_init)
                  11801700    00000040                 : args_main.obj (.text:__args_main)
                  11801740    00000020     StartUp.obj (.text)
                  11801760    00000020     rts6740.lib : exit.obj (.text:_abort)
                  11801780    00000020     main.obj (.text)

.stack     0    118017a0    00000400     UNINITIALIZED
                  118017a0    00000008     rts6740.lib : boot.obj (.stack)
                  118017a8    000003f8     --HOLE--

.far       0    11801ba0    00000110     UNINITIALIZED
                  11801ba0    00000084     FIRmono_ISRs.obj (.far)
                  11801c24    00000004     --HOLE--
                  11801c28    0000007c     coeff.obj (.far)
                  11801ca4    0000000c     rts6740.lib : exit.obj (.far)

.cinit     0    11801cb0    000000cc     
                  11801cb0    00000084     coeff.obj (.cinit)
                  11801d34    00000004     --HOLE-- [fill = 0]
                  11801d38    0000002c     rts6740.lib : exit.obj (.cinit)
                  11801d64    00000004     --HOLE-- [fill = 0]
                  11801d68    0000000c     LCDK_Support_DSP.obj (.cinit)
                  11801d74    00000004     --HOLE-- [fill = 0]
                  11801d78    00000004     (.pad.cinit) [fill = 0]

.switch    0    11801d7c    00000018     
                  11801d7c    00000018     LCDK_Support_DSP.obj (.switch:_SetSampleRate_AIC3106)

.bss       0    11801d94    00000010     UNINITIALIZED
                  11801d94    00000008     FIRmono_ISRs.obj (.bss)
                  11801d9c    00000004     LCDK_Support_DSP.obj (.bss)
                  11801da0    00000004     StartUp.obj (.bss)


GLOBAL SYMBOLS: SORTED ALPHABETICALLY BY Name 

address    name
--------   ----
11801d94   $bss
11801d94   .bss
11800200   .text
11801760   C$$EXIT
118008ec   _AIC3106_write_reg
11801c28   _B
11800674   _CheckForOverrun
11801ba0   _CodecDataIn
11801ba4   _CodecDataOut
11800fc0   _Codec_ISR
11800208   _DSP_Init
11800228   _DSP_Init_EDMA
1180040c   _EnableInterrupts
11800458   _EnableInterrupts_EDMA
11800200   _GetSampleFreq
118003a4   _InitDigitalOutputs
11800248   _InitLEDs
118006a4   _Init_AIC3106
118004cc   _Init_I2C
118003c8   _Init_Interrupts
11800448   _Init_Interrupts_EDMA
11800a98   _Init_McASP0
11800e28   _Init_UART2
11800f68   _IsDataReady_UART2
11800f8c   _IsTxReady_UART2
11800f08   _Puts_UART2
1180062c   _ReadCodecData
1180038c   _ReadSwitches
11800f48   _Read_UART2
11800928   _Reset_AIC3106
11800528   _Reset_I2C
11800950   _SetSampleRate_AIC3106
11801740   _StartUp
11800650   _WriteCodecData
118003b0   _WriteDigitalOutputs
118002a8   _WriteLEDs
11800548   _Write_I2C
11800ee0   _Write_UART2
11801ba0   __STACK_END
00000400   __STACK_SIZE
00000001   __TI_args_main
118016a0   ___TI_cpp_init
11801cac   ___TI_enable_exit_profile_output
ffffffff   ___TI_pprof_out_hndl
ffffffff   ___TI_prof_data_size
ffffffff   ___TI_prof_data_start
ffffffff   ___binit__
11801d94   ___bss__
ffffffff   ___c_args__
11801cb0   ___cinit__
11801da4   ___end__
118017a0   ___etext__
ffffffff   ___pinit__
11800200   ___text__
11801700   __args_main
118012a0   __auto_init
11801360   __c6xabi_divu
11801ca4   __cleanup_ptr
11801360   __divu
11801ca8   __dtors_ptr
118017a0   __stack
11801760   _abort
11801620   _c_int00
118014e0   _copy_in
11801da0   _current_index
11801420   _exit
11801d98   _i
11801780   _main
11801580   _memcpy
11800498   _wait
11801ba8   _xLeft
11801d94   _yLeft
ffffffff   binit
11801cb0   cinit
11801da4   end
118017a0   etext
ffffffff   pinit


GLOBAL SYMBOLS: SORTED BY Symbol Address 

address    name
--------   ----
00000001   __TI_args_main
00000400   __STACK_SIZE
11800200   .text
11800200   _GetSampleFreq
11800200   ___text__
11800208   _DSP_Init
11800228   _DSP_Init_EDMA
11800248   _InitLEDs
118002a8   _WriteLEDs
1180038c   _ReadSwitches
118003a4   _InitDigitalOutputs
118003b0   _WriteDigitalOutputs
118003c8   _Init_Interrupts
1180040c   _EnableInterrupts
11800448   _Init_Interrupts_EDMA
11800458   _EnableInterrupts_EDMA
11800498   _wait
118004cc   _Init_I2C
11800528   _Reset_I2C
11800548   _Write_I2C
1180062c   _ReadCodecData
11800650   _WriteCodecData
11800674   _CheckForOverrun
118006a4   _Init_AIC3106
118008ec   _AIC3106_write_reg
11800928   _Reset_AIC3106
11800950   _SetSampleRate_AIC3106
11800a98   _Init_McASP0
11800e28   _Init_UART2
11800ee0   _Write_UART2
11800f08   _Puts_UART2
11800f48   _Read_UART2
11800f68   _IsDataReady_UART2
11800f8c   _IsTxReady_UART2
11800fc0   _Codec_ISR
118012a0   __auto_init
11801360   __c6xabi_divu
11801360   __divu
11801420   _exit
118014e0   _copy_in
11801580   _memcpy
11801620   _c_int00
118016a0   ___TI_cpp_init
11801700   __args_main
11801740   _StartUp
11801760   C$$EXIT
11801760   _abort
11801780   _main
118017a0   ___etext__
118017a0   __stack
118017a0   etext
11801ba0   _CodecDataIn
11801ba0   __STACK_END
11801ba4   _CodecDataOut
11801ba8   _xLeft
11801c28   _B
11801ca4   __cleanup_ptr
11801ca8   __dtors_ptr
11801cac   ___TI_enable_exit_profile_output
11801cb0   ___cinit__
11801cb0   cinit
11801d94   $bss
11801d94   .bss
11801d94   ___bss__
11801d94   _yLeft
11801d98   _i
11801da0   _current_index
11801da4   ___end__
11801da4   end
ffffffff   ___TI_pprof_out_hndl
ffffffff   ___TI_prof_data_size
ffffffff   ___TI_prof_data_start
ffffffff   ___binit__
ffffffff   ___c_args__
ffffffff   ___pinit__
ffffffff   binit
ffffffff   pinit

[77 symbols]
