EN top NULL "//austin.utexas.edu/disk/engrstu/ece/ajt2459/__SchoolWork/EE316_Lab5/lab5-part 2/Testbench_modified.vhd" sub00/vhpl02 1430160785
EN sm NULL "//austin.utexas.edu/disk/engrstu/ece/ajt2459/__SchoolWork/EE316_Lab5/lab5-part 2/lab5_testbench.vhd" sub00/vhpl00 1430160783
AR sm structure "//austin.utexas.edu/disk/engrstu/ece/ajt2459/__SchoolWork/EE316_Lab5/lab5-part 2/lab5_testbench.vhd" sub00/vhpl01 1430160784
AR top behavioral "//austin.utexas.edu/disk/engrstu/ece/ajt2459/__SchoolWork/EE316_Lab5/lab5-part 2/Testbench_modified.vhd" sub00/vhpl03 1430160786
