******************************************************************************
               TMS320C6x Linker PC v7.4.14                     
******************************************************************************
>> Linked Tue Mar 01 20:46:28 2016

OUTPUT FILE NAME:   <lab_3_part_3_dog.out>
ENTRY POINT SYMBOL: "_c_int00"  address: 118017c0


MEMORY CONFIGURATION

         name            origin    length      used     unused   attr    fill
----------------------  --------  ---------  --------  --------  ----  --------
  VECTORS               11800000   00000200  00000200  00000000  RWIX
  DSPRAM                11800200   0003fe00  00001d40  0003e0c0  RWIX
  SHAREDRAM             80000000   00020000  00000000  00020000  RWIX
  SDRAM                 c0000000   08000000  00000000  08000000  RWIX


SECTION ALLOCATION MAP

 output                                  attributes/
section   page    origin      length       input sections
--------  ----  ----------  ----------   ----------------
vectors    0    11800000    00000200     
                  11800000    00000200     vectors.obj (vectors)

.text      0    11800200    00001740     
                  11800200    00000dc0     LCDK_Support_DSP.obj (.text)
                  11800fc0    00000260     IIRmono_ISRs.obj (.text:retain)
                  11801220    00000220     IIRmono_ISRs.obj (.text)
                  11801440    000000c0     rts6740.lib : autoinit.obj (.text:__auto_init)
                  11801500    000000c0                 : divu.obj (.text:__divu)
                  118015c0    000000c0                 : exit.obj (.text:_exit)
                  11801680    000000a0                 : cpy_tbl.obj (.text:_copy_in)
                  11801720    000000a0                 : memcpy64.obj (.text:_memcpy)
                  118017c0    00000080                 : boot.obj (.text:_c_int00)
                  11801840    00000060                 : cpp_init.obj (.text:___TI_cpp_init)
                  118018a0    00000040                 : args_main.obj (.text:__args_main)
                  118018e0    00000020     StartUp.obj (.text)
                  11801900    00000020     rts6740.lib : exit.obj (.text:_abort)
                  11801920    00000020     main.obj (.text)

.stack     0    11801940    00000400     UNINITIALIZED
                  11801940    00000008     rts6740.lib : boot.obj (.stack)
                  11801948    000003f8     --HOLE--

.cinit     0    11801d40    0000011c     
                  11801d40    000000d8     IIRmono_ISRs.obj (.cinit)
                  11801e18    0000002c     rts6740.lib : exit.obj (.cinit)
                  11801e44    00000004     --HOLE-- [fill = 0]
                  11801e48    0000000c     LCDK_Support_DSP.obj (.cinit)
                  11801e54    00000004     --HOLE-- [fill = 0]
                  11801e58    00000004     (.pad.cinit) [fill = 0]

.far       0    11801e60    000000c4     UNINITIALIZED
                  11801e60    000000b8     IIRmono_ISRs.obj (.far)
                  11801f18    0000000c     rts6740.lib : exit.obj (.far)

.switch    0    11801f24    00000018     
                  11801f24    00000018     LCDK_Support_DSP.obj (.switch:_SetSampleRate_AIC3106)

.bss       0    11801f3c    00000008     UNINITIALIZED
                  11801f3c    00000004     IIRmono_ISRs.obj (.bss)
                  11801f40    00000004     LCDK_Support_DSP.obj (.bss)


GLOBAL SYMBOLS: SORTED ALPHABETICALLY BY Name 

address    name
--------   ----
11801f3c   $bss
11801f3c   .bss
11800200   .text
11801900   C$$EXIT
11801e90   _A
118008ec   _AIC3106_write_reg
11801e68   _B
11800674   _CheckForOverrun
11801e60   _CodecDataIn
11801e64   _CodecDataOut
11800fc0   _Codec_ISR
11800208   _DSP_Init
11800228   _DSP_Init_EDMA
1180040c   _EnableInterrupts
11800458   _EnableInterrupts_EDMA
11801f08   _G
11800200   _GetSampleFreq
118003a4   _InitDigitalOutputs
11800248   _InitLEDs
118006a4   _Init_AIC3106
118004cc   _Init_I2C
118003c8   _Init_Interrupts
11800448   _Init_Interrupts_EDMA
11800a98   _Init_McASP0
11800e28   _Init_UART2
11800f68   _IsDataReady_UART2
11800f8c   _IsTxReady_UART2
11800f08   _Puts_UART2
1180062c   _ReadCodecData
1180038c   _ReadSwitches
11800f48   _Read_UART2
11800928   _Reset_AIC3106
11800528   _Reset_I2C
11800950   _SetSampleRate_AIC3106
118018e0   _StartUp
11800650   _WriteCodecData
118003b0   _WriteDigitalOutputs
118002a8   _WriteLEDs
11800548   _Write_I2C
11800ee0   _Write_UART2
11801d40   __STACK_END
00000400   __STACK_SIZE
00000001   __TI_args_main
11801840   ___TI_cpp_init
11801f20   ___TI_enable_exit_profile_output
ffffffff   ___TI_pprof_out_hndl
ffffffff   ___TI_prof_data_size
ffffffff   ___TI_prof_data_start
ffffffff   ___binit__
11801f3c   ___bss__
ffffffff   ___c_args__
11801d40   ___cinit__
11801f44   ___end__
11801940   ___etext__
ffffffff   ___pinit__
11800200   ___text__
118018a0   __args_main
11801440   __auto_init
11801500   __c6xabi_divu
11801f18   __cleanup_ptr
11801500   __divu
11801f1c   __dtors_ptr
11801940   __stack
11801900   _abort
11801220   _biquad
118017c0   _c_int00
11801680   _copy_in
118015c0   _exit
11801920   _main
11801720   _memcpy
11801f3c   _result
11800498   _wait
11801eb8   _x
11801ee0   _y
ffffffff   binit
11801d40   cinit
11801f44   end
11801940   etext
ffffffff   pinit


GLOBAL SYMBOLS: SORTED BY Symbol Address 

address    name
--------   ----
00000001   __TI_args_main
00000400   __STACK_SIZE
11800200   .text
11800200   _GetSampleFreq
11800200   ___text__
11800208   _DSP_Init
11800228   _DSP_Init_EDMA
11800248   _InitLEDs
118002a8   _WriteLEDs
1180038c   _ReadSwitches
118003a4   _InitDigitalOutputs
118003b0   _WriteDigitalOutputs
118003c8   _Init_Interrupts
1180040c   _EnableInterrupts
11800448   _Init_Interrupts_EDMA
11800458   _EnableInterrupts_EDMA
11800498   _wait
118004cc   _Init_I2C
11800528   _Reset_I2C
11800548   _Write_I2C
1180062c   _ReadCodecData
11800650   _WriteCodecData
11800674   _CheckForOverrun
118006a4   _Init_AIC3106
118008ec   _AIC3106_write_reg
11800928   _Reset_AIC3106
11800950   _SetSampleRate_AIC3106
11800a98   _Init_McASP0
11800e28   _Init_UART2
11800ee0   _Write_UART2
11800f08   _Puts_UART2
11800f48   _Read_UART2
11800f68   _IsDataReady_UART2
11800f8c   _IsTxReady_UART2
11800fc0   _Codec_ISR
11801220   _biquad
11801440   __auto_init
11801500   __c6xabi_divu
11801500   __divu
118015c0   _exit
11801680   _copy_in
11801720   _memcpy
118017c0   _c_int00
11801840   ___TI_cpp_init
118018a0   __args_main
118018e0   _StartUp
11801900   C$$EXIT
11801900   _abort
11801920   _main
11801940   ___etext__
11801940   __stack
11801940   etext
11801d40   __STACK_END
11801d40   ___cinit__
11801d40   cinit
11801e60   _CodecDataIn
11801e64   _CodecDataOut
11801e68   _B
11801e90   _A
11801eb8   _x
11801ee0   _y
11801f08   _G
11801f18   __cleanup_ptr
11801f1c   __dtors_ptr
11801f20   ___TI_enable_exit_profile_output
11801f3c   $bss
11801f3c   .bss
11801f3c   ___bss__
11801f3c   _result
11801f44   ___end__
11801f44   end
ffffffff   ___TI_pprof_out_hndl
ffffffff   ___TI_prof_data_size
ffffffff   ___TI_prof_data_start
ffffffff   ___binit__
ffffffff   ___c_args__
ffffffff   ___pinit__
ffffffff   binit
ffffffff   pinit

[79 symbols]
