AR counter behavior "//austin.utexas.edu/disk/engrstu/ece/ajt2459/__SchoolWork/EE316_Lab5/lab5-part 2/Lab5-manual/SimUAid_Synthesis_Package.vhd" sub00/vhpl45 1429643788
AR or3 behavior "//austin.utexas.edu/disk/engrstu/ece/ajt2459/__SchoolWork/EE316_Lab5/lab5-part 2/Lab5-manual/SimUAid_Synthesis_Package.vhd" sub00/vhpl13 1429643756
EN mux_4_to_1 NULL "//austin.utexas.edu/disk/engrstu/ece/ajt2459/__SchoolWork/EE316_Lab5/lab5-part 2/Lab5-manual/SimUAid_Synthesis_Package.vhd" sub00/vhpl72 1429643815
AR and5 behavior "//austin.utexas.edu/disk/engrstu/ece/ajt2459/__SchoolWork/EE316_Lab5/lab5-part 2/Lab5-manual/SimUAid_Synthesis_Package.vhd" sub00/vhpl09 1429643752
AR shiftregbidir behavior "//austin.utexas.edu/disk/engrstu/ece/ajt2459/__SchoolWork/EE316_Lab5/lab5-part 2/Lab5-manual/SimUAid_Synthesis_Package.vhd" sub00/vhpl59 1429643802
EN dflipflop NULL "//austin.utexas.edu/disk/engrstu/ece/ajt2459/__SchoolWork/EE316_Lab5/lab5-part 2/Lab5-manual/SimUAid_Synthesis_Package.vhd" sub00/vhpl40 1429643783
AR complementer behavior "//austin.utexas.edu/disk/engrstu/ece/ajt2459/__SchoolWork/EE316_Lab5/lab5-part 2/Lab5-manual/SimUAid_Synthesis_Package.vhd" sub00/vhpl63 1429643806
EN shiftregrs NULL "//austin.utexas.edu/disk/engrstu/ece/ajt2459/__SchoolWork/EE316_Lab5/lab5-part 2/Lab5-manual/SimUAid_Synthesis_Package.vhd" sub00/vhpl56 1429643799
AR nor5 behavior "//austin.utexas.edu/disk/engrstu/ece/ajt2459/__SchoolWork/EE316_Lab5/lab5-part 2/Lab5-manual/SimUAid_Synthesis_Package.vhd" sub00/vhpl33 1429643776
EN decoder_3_to_8 NULL "//austin.utexas.edu/disk/engrstu/ece/ajt2459/__SchoolWork/EE316_Lab5/lab5-part 2/Lab5-manual/SimUAid_Synthesis_Package.vhd" sub00/vhpl68 1429643811
EN nand2 NULL "//austin.utexas.edu/disk/engrstu/ece/ajt2459/__SchoolWork/EE316_Lab5/lab5-part 2/Lab5-manual/SimUAid_Synthesis_Package.vhd" sub00/vhpl18 1429643761
EN loadablecounter NULL "//austin.utexas.edu/disk/engrstu/ece/ajt2459/__SchoolWork/EE316_Lab5/lab5-part 2/Lab5-manual/SimUAid_Synthesis_Package.vhd" sub00/vhpl46 1429643789
EN nand3 NULL "//austin.utexas.edu/disk/engrstu/ece/ajt2459/__SchoolWork/EE316_Lab5/lab5-part 2/Lab5-manual/SimUAid_Synthesis_Package.vhd" sub00/vhpl20 1429643763
EN nand4 NULL "//austin.utexas.edu/disk/engrstu/ece/ajt2459/__SchoolWork/EE316_Lab5/lab5-part 2/Lab5-manual/SimUAid_Synthesis_Package.vhd" sub00/vhpl22 1429643765
EN nand5 NULL "//austin.utexas.edu/disk/engrstu/ece/ajt2459/__SchoolWork/EE316_Lab5/lab5-part 2/Lab5-manual/SimUAid_Synthesis_Package.vhd" sub00/vhpl24 1429643767
AR nwidemux behavior "//austin.utexas.edu/disk/engrstu/ece/ajt2459/__SchoolWork/EE316_Lab5/lab5-part 2/Lab5-manual/SimUAid_Synthesis_Package.vhd" sub00/vhpl53 1429643796
EN nbittristate NULL "//austin.utexas.edu/disk/engrstu/ece/ajt2459/__SchoolWork/EE316_Lab5/lab5-part 2/Lab5-manual/SimUAid_Synthesis_Package.vhd" sub00/vhpl60 1429643803
AR or2 behavior "//austin.utexas.edu/disk/engrstu/ece/ajt2459/__SchoolWork/EE316_Lab5/lab5-part 2/Lab5-manual/SimUAid_Synthesis_Package.vhd" sub00/vhpl11 1429643754
AR and4 behavior "//austin.utexas.edu/disk/engrstu/ece/ajt2459/__SchoolWork/EE316_Lab5/lab5-part 2/Lab5-manual/SimUAid_Synthesis_Package.vhd" sub00/vhpl07 1429643750
PB simuaid_synthesis_pack simuaid_synthesis_pack "//austin.utexas.edu/disk/engrstu/ece/ajt2459/__SchoolWork/EE316_Lab5/lab5-part 2/Lab5-manual/SimUAid_Synthesis_Package.vhd" sub00/vhpl01 1429643744
EN shiftregbidir NULL "//austin.utexas.edu/disk/engrstu/ece/ajt2459/__SchoolWork/EE316_Lab5/lab5-part 2/Lab5-manual/SimUAid_Synthesis_Package.vhd" sub00/vhpl58 1429643801
AR nor4 behavior "//austin.utexas.edu/disk/engrstu/ece/ajt2459/__SchoolWork/EE316_Lab5/lab5-part 2/Lab5-manual/SimUAid_Synthesis_Package.vhd" sub00/vhpl31 1429643774
EN xor2 NULL "//austin.utexas.edu/disk/engrstu/ece/ajt2459/__SchoolWork/EE316_Lab5/lab5-part 2/Lab5-manual/SimUAid_Synthesis_Package.vhd" sub00/vhpl34 1429643777
AR mux_4_to_1 behavior "//austin.utexas.edu/disk/engrstu/ece/ajt2459/__SchoolWork/EE316_Lab5/lab5-part 2/Lab5-manual/SimUAid_Synthesis_Package.vhd" sub00/vhpl73 1429643816
EN fulladder NULL "//austin.utexas.edu/disk/engrstu/ece/ajt2459/__SchoolWork/EE316_Lab5/lab5-part 2/Lab5-manual/SimUAid_Synthesis_Package.vhd" sub00/vhpl64 1429643807
AR decoder_3_to_8 behavior "//austin.utexas.edu/disk/engrstu/ece/ajt2459/__SchoolWork/EE316_Lab5/lab5-part 2/Lab5-manual/SimUAid_Synthesis_Package.vhd" sub00/vhpl69 1429643812
AR and3 behavior "//austin.utexas.edu/disk/engrstu/ece/ajt2459/__SchoolWork/EE316_Lab5/lab5-part 2/Lab5-manual/SimUAid_Synthesis_Package.vhd" sub00/vhpl05 1429643748
AR shiftregrs behavior "//austin.utexas.edu/disk/engrstu/ece/ajt2459/__SchoolWork/EE316_Lab5/lab5-part 2/Lab5-manual/SimUAid_Synthesis_Package.vhd" sub00/vhpl57 1429643800
AR nand5 behavior "//austin.utexas.edu/disk/engrstu/ece/ajt2459/__SchoolWork/EE316_Lab5/lab5-part 2/Lab5-manual/SimUAid_Synthesis_Package.vhd" sub00/vhpl25 1429643768
EN nwidemux NULL "//austin.utexas.edu/disk/engrstu/ece/ajt2459/__SchoolWork/EE316_Lab5/lab5-part 2/Lab5-manual/SimUAid_Synthesis_Package.vhd" sub00/vhpl52 1429643795
EN xnor2 NULL "//austin.utexas.edu/disk/engrstu/ece/ajt2459/__SchoolWork/EE316_Lab5/lab5-part 2/Lab5-manual/SimUAid_Synthesis_Package.vhd" sub00/vhpl36 1429643779
AR fulladder behavior "//austin.utexas.edu/disk/engrstu/ece/ajt2459/__SchoolWork/EE316_Lab5/lab5-part 2/Lab5-manual/SimUAid_Synthesis_Package.vhd" sub00/vhpl65 1429643808
EN inverter NULL "//austin.utexas.edu/disk/engrstu/ece/ajt2459/__SchoolWork/EE316_Lab5/lab5-part 2/Lab5-manual/SimUAid_Synthesis_Package.vhd" sub00/vhpl38 1429643781
AR inverter behavior "//austin.utexas.edu/disk/engrstu/ece/ajt2459/__SchoolWork/EE316_Lab5/lab5-part 2/Lab5-manual/SimUAid_Synthesis_Package.vhd" sub00/vhpl39 1429643782
AR jkflipflop behavior "//austin.utexas.edu/disk/engrstu/ece/ajt2459/__SchoolWork/EE316_Lab5/lab5-part 2/Lab5-manual/SimUAid_Synthesis_Package.vhd" sub00/vhpl43 1429643786
AR mux_8_to_1 behavior "//austin.utexas.edu/disk/engrstu/ece/ajt2459/__SchoolWork/EE316_Lab5/lab5-part 2/Lab5-manual/SimUAid_Synthesis_Package.vhd" sub00/vhpl75 1429643818
AR nor3 behavior "//austin.utexas.edu/disk/engrstu/ece/ajt2459/__SchoolWork/EE316_Lab5/lab5-part 2/Lab5-manual/SimUAid_Synthesis_Package.vhd" sub00/vhpl29 1429643772
AR nbittristate behavior "//austin.utexas.edu/disk/engrstu/ece/ajt2459/__SchoolWork/EE316_Lab5/lab5-part 2/Lab5-manual/SimUAid_Synthesis_Package.vhd" sub00/vhpl61 1429643804
EN counter NULL "//austin.utexas.edu/disk/engrstu/ece/ajt2459/__SchoolWork/EE316_Lab5/lab5-part 2/Lab5-manual/SimUAid_Synthesis_Package.vhd" sub00/vhpl44 1429643787
EN complementer NULL "//austin.utexas.edu/disk/engrstu/ece/ajt2459/__SchoolWork/EE316_Lab5/lab5-part 2/Lab5-manual/SimUAid_Synthesis_Package.vhd" sub00/vhpl62 1429643805
AR and2 behavior "//austin.utexas.edu/disk/engrstu/ece/ajt2459/__SchoolWork/EE316_Lab5/lab5-part 2/Lab5-manual/SimUAid_Synthesis_Package.vhd" sub00/vhpl03 1429643746
EN or2 NULL "//austin.utexas.edu/disk/engrstu/ece/ajt2459/__SchoolWork/EE316_Lab5/lab5-part 2/Lab5-manual/SimUAid_Synthesis_Package.vhd" sub00/vhpl10 1429643753
EN or3 NULL "//austin.utexas.edu/disk/engrstu/ece/ajt2459/__SchoolWork/EE316_Lab5/lab5-part 2/Lab5-manual/SimUAid_Synthesis_Package.vhd" sub00/vhpl12 1429643755
EN or4 NULL "//austin.utexas.edu/disk/engrstu/ece/ajt2459/__SchoolWork/EE316_Lab5/lab5-part 2/Lab5-manual/SimUAid_Synthesis_Package.vhd" sub00/vhpl14 1429643757
AR nand4 behavior "//austin.utexas.edu/disk/engrstu/ece/ajt2459/__SchoolWork/EE316_Lab5/lab5-part 2/Lab5-manual/SimUAid_Synthesis_Package.vhd" sub00/vhpl23 1429643766
EN or5 NULL "//austin.utexas.edu/disk/engrstu/ece/ajt2459/__SchoolWork/EE316_Lab5/lab5-part 2/Lab5-manual/SimUAid_Synthesis_Package.vhd" sub00/vhpl16 1429643759
EN tristatebuf NULL "//austin.utexas.edu/disk/engrstu/ece/ajt2459/__SchoolWork/EE316_Lab5/lab5-part 2/Lab5-manual/SimUAid_Synthesis_Package.vhd" sub00/vhpl76 1429643819
EN jkflipflop NULL "//austin.utexas.edu/disk/engrstu/ece/ajt2459/__SchoolWork/EE316_Lab5/lab5-part 2/Lab5-manual/SimUAid_Synthesis_Package.vhd" sub00/vhpl42 1429643785
AR xnor2 behavior "//austin.utexas.edu/disk/engrstu/ece/ajt2459/__SchoolWork/EE316_Lab5/lab5-part 2/Lab5-manual/SimUAid_Synthesis_Package.vhd" sub00/vhpl37 1429643780
EN nbitadder NULL "//austin.utexas.edu/disk/engrstu/ece/ajt2459/__SchoolWork/EE316_Lab5/lab5-part 2/Lab5-manual/SimUAid_Synthesis_Package.vhd" sub00/vhpl50 1429643793
EN mux_2_to_1 NULL "//austin.utexas.edu/disk/engrstu/ece/ajt2459/__SchoolWork/EE316_Lab5/lab5-part 2/Lab5-manual/SimUAid_Synthesis_Package.vhd" sub00/vhpl70 1429643813
AR or5 behavior "//austin.utexas.edu/disk/engrstu/ece/ajt2459/__SchoolWork/EE316_Lab5/lab5-part 2/Lab5-manual/SimUAid_Synthesis_Package.vhd" sub00/vhpl17 1429643760
AR tristatebuf behavior "//austin.utexas.edu/disk/engrstu/ece/ajt2459/__SchoolWork/EE316_Lab5/lab5-part 2/Lab5-manual/SimUAid_Synthesis_Package.vhd" sub00/vhpl77 1429643820
AR nor2 behavior "//austin.utexas.edu/disk/engrstu/ece/ajt2459/__SchoolWork/EE316_Lab5/lab5-part 2/Lab5-manual/SimUAid_Synthesis_Package.vhd" sub00/vhpl27 1429643770
AR nbitadder behavior "//austin.utexas.edu/disk/engrstu/ece/ajt2459/__SchoolWork/EE316_Lab5/lab5-part 2/Lab5-manual/SimUAid_Synthesis_Package.vhd" sub00/vhpl51 1429643794
AR mux_2_to_1 behavior "//austin.utexas.edu/disk/engrstu/ece/ajt2459/__SchoolWork/EE316_Lab5/lab5-part 2/Lab5-manual/SimUAid_Synthesis_Package.vhd" sub00/vhpl71 1429643814
AR nbitregister behavior "//austin.utexas.edu/disk/engrstu/ece/ajt2459/__SchoolWork/EE316_Lab5/lab5-part 2/Lab5-manual/SimUAid_Synthesis_Package.vhd" sub00/vhpl49 1429643792
AR decoder_2_to_4 behavior "//austin.utexas.edu/disk/engrstu/ece/ajt2459/__SchoolWork/EE316_Lab5/lab5-part 2/Lab5-manual/SimUAid_Synthesis_Package.vhd" sub00/vhpl67 1429643810
AR dflipflop behavior "//austin.utexas.edu/disk/engrstu/ece/ajt2459/__SchoolWork/EE316_Lab5/lab5-part 2/Lab5-manual/SimUAid_Synthesis_Package.vhd" sub00/vhpl41 1429643784
AR nand3 behavior "//austin.utexas.edu/disk/engrstu/ece/ajt2459/__SchoolWork/EE316_Lab5/lab5-part 2/Lab5-manual/SimUAid_Synthesis_Package.vhd" sub00/vhpl21 1429643764
EN mux_8_to_1 NULL "//austin.utexas.edu/disk/engrstu/ece/ajt2459/__SchoolWork/EE316_Lab5/lab5-part 2/Lab5-manual/SimUAid_Synthesis_Package.vhd" sub00/vhpl74 1429643817
AR or4 behavior "//austin.utexas.edu/disk/engrstu/ece/ajt2459/__SchoolWork/EE316_Lab5/lab5-part 2/Lab5-manual/SimUAid_Synthesis_Package.vhd" sub00/vhpl15 1429643758
EN nor2 NULL "//austin.utexas.edu/disk/engrstu/ece/ajt2459/__SchoolWork/EE316_Lab5/lab5-part 2/Lab5-manual/SimUAid_Synthesis_Package.vhd" sub00/vhpl26 1429643769
EN nor3 NULL "//austin.utexas.edu/disk/engrstu/ece/ajt2459/__SchoolWork/EE316_Lab5/lab5-part 2/Lab5-manual/SimUAid_Synthesis_Package.vhd" sub00/vhpl28 1429643771
EN nor4 NULL "//austin.utexas.edu/disk/engrstu/ece/ajt2459/__SchoolWork/EE316_Lab5/lab5-part 2/Lab5-manual/SimUAid_Synthesis_Package.vhd" sub00/vhpl30 1429643773
EN nor5 NULL "//austin.utexas.edu/disk/engrstu/ece/ajt2459/__SchoolWork/EE316_Lab5/lab5-part 2/Lab5-manual/SimUAid_Synthesis_Package.vhd" sub00/vhpl32 1429643775
AR shiftregls behavior "//austin.utexas.edu/disk/engrstu/ece/ajt2459/__SchoolWork/EE316_Lab5/lab5-part 2/Lab5-manual/SimUAid_Synthesis_Package.vhd" sub00/vhpl55 1429643798
EN nbitregister NULL "//austin.utexas.edu/disk/engrstu/ece/ajt2459/__SchoolWork/EE316_Lab5/lab5-part 2/Lab5-manual/SimUAid_Synthesis_Package.vhd" sub00/vhpl48 1429643791
PH simuaid_synthesis_pack NULL "//austin.utexas.edu/disk/engrstu/ece/ajt2459/__SchoolWork/EE316_Lab5/lab5-part 2/Lab5-manual/SimUAid_Synthesis_Package.vhd" sub00/vhpl00 1429643743
EN decoder_2_to_4 NULL "//austin.utexas.edu/disk/engrstu/ece/ajt2459/__SchoolWork/EE316_Lab5/lab5-part 2/Lab5-manual/SimUAid_Synthesis_Package.vhd" sub00/vhpl66 1429643809
EN and2 NULL "//austin.utexas.edu/disk/engrstu/ece/ajt2459/__SchoolWork/EE316_Lab5/lab5-part 2/Lab5-manual/SimUAid_Synthesis_Package.vhd" sub00/vhpl02 1429643745
EN and3 NULL "//austin.utexas.edu/disk/engrstu/ece/ajt2459/__SchoolWork/EE316_Lab5/lab5-part 2/Lab5-manual/SimUAid_Synthesis_Package.vhd" sub00/vhpl04 1429643747
EN and4 NULL "//austin.utexas.edu/disk/engrstu/ece/ajt2459/__SchoolWork/EE316_Lab5/lab5-part 2/Lab5-manual/SimUAid_Synthesis_Package.vhd" sub00/vhpl06 1429643749
EN and5 NULL "//austin.utexas.edu/disk/engrstu/ece/ajt2459/__SchoolWork/EE316_Lab5/lab5-part 2/Lab5-manual/SimUAid_Synthesis_Package.vhd" sub00/vhpl08 1429643751
EN shiftregls NULL "//austin.utexas.edu/disk/engrstu/ece/ajt2459/__SchoolWork/EE316_Lab5/lab5-part 2/Lab5-manual/SimUAid_Synthesis_Package.vhd" sub00/vhpl54 1429643797
AR nand2 behavior "//austin.utexas.edu/disk/engrstu/ece/ajt2459/__SchoolWork/EE316_Lab5/lab5-part 2/Lab5-manual/SimUAid_Synthesis_Package.vhd" sub00/vhpl19 1429643762
AR loadablecounter behavior "//austin.utexas.edu/disk/engrstu/ece/ajt2459/__SchoolWork/EE316_Lab5/lab5-part 2/Lab5-manual/SimUAid_Synthesis_Package.vhd" sub00/vhpl47 1429643790
AR xor2 behavior "//austin.utexas.edu/disk/engrstu/ece/ajt2459/__SchoolWork/EE316_Lab5/lab5-part 2/Lab5-manual/SimUAid_Synthesis_Package.vhd" sub00/vhpl35 1429643778
