AR counter behavior "//austin.utexas.edu/disk/engrstu/ece/ajt2459/__SchoolWork/EE316_Lab5/lab5-part 2/Lab5O_auto/SimUAid_Synthesis_Package.vhd" sub00/vhpl45 1429645347
AR or3 behavior "//austin.utexas.edu/disk/engrstu/ece/ajt2459/__SchoolWork/EE316_Lab5/lab5-part 2/Lab5O_auto/SimUAid_Synthesis_Package.vhd" sub00/vhpl13 1429645315
EN mux_4_to_1 NULL "//austin.utexas.edu/disk/engrstu/ece/ajt2459/__SchoolWork/EE316_Lab5/lab5-part 2/Lab5O_auto/SimUAid_Synthesis_Package.vhd" sub00/vhpl72 1429645374
AR and5 behavior "//austin.utexas.edu/disk/engrstu/ece/ajt2459/__SchoolWork/EE316_Lab5/lab5-part 2/Lab5O_auto/SimUAid_Synthesis_Package.vhd" sub00/vhpl09 1429645311
AR shiftregbidir behavior "//austin.utexas.edu/disk/engrstu/ece/ajt2459/__SchoolWork/EE316_Lab5/lab5-part 2/Lab5O_auto/SimUAid_Synthesis_Package.vhd" sub00/vhpl59 1429645361
EN dflipflop NULL "//austin.utexas.edu/disk/engrstu/ece/ajt2459/__SchoolWork/EE316_Lab5/lab5-part 2/Lab5O_auto/SimUAid_Synthesis_Package.vhd" sub00/vhpl40 1429645342
AR complementer behavior "//austin.utexas.edu/disk/engrstu/ece/ajt2459/__SchoolWork/EE316_Lab5/lab5-part 2/Lab5O_auto/SimUAid_Synthesis_Package.vhd" sub00/vhpl63 1429645365
EN shiftregrs NULL "//austin.utexas.edu/disk/engrstu/ece/ajt2459/__SchoolWork/EE316_Lab5/lab5-part 2/Lab5O_auto/SimUAid_Synthesis_Package.vhd" sub00/vhpl56 1429645358
AR nor5 behavior "//austin.utexas.edu/disk/engrstu/ece/ajt2459/__SchoolWork/EE316_Lab5/lab5-part 2/Lab5O_auto/SimUAid_Synthesis_Package.vhd" sub00/vhpl33 1429645335
EN decoder_3_to_8 NULL "//austin.utexas.edu/disk/engrstu/ece/ajt2459/__SchoolWork/EE316_Lab5/lab5-part 2/Lab5O_auto/SimUAid_Synthesis_Package.vhd" sub00/vhpl68 1429645370
EN nand2 NULL "//austin.utexas.edu/disk/engrstu/ece/ajt2459/__SchoolWork/EE316_Lab5/lab5-part 2/Lab5O_auto/SimUAid_Synthesis_Package.vhd" sub00/vhpl18 1429645320
EN loadablecounter NULL "//austin.utexas.edu/disk/engrstu/ece/ajt2459/__SchoolWork/EE316_Lab5/lab5-part 2/Lab5O_auto/SimUAid_Synthesis_Package.vhd" sub00/vhpl46 1429645348
EN nand3 NULL "//austin.utexas.edu/disk/engrstu/ece/ajt2459/__SchoolWork/EE316_Lab5/lab5-part 2/Lab5O_auto/SimUAid_Synthesis_Package.vhd" sub00/vhpl20 1429645322
EN nand4 NULL "//austin.utexas.edu/disk/engrstu/ece/ajt2459/__SchoolWork/EE316_Lab5/lab5-part 2/Lab5O_auto/SimUAid_Synthesis_Package.vhd" sub00/vhpl22 1429645324
EN nand5 NULL "//austin.utexas.edu/disk/engrstu/ece/ajt2459/__SchoolWork/EE316_Lab5/lab5-part 2/Lab5O_auto/SimUAid_Synthesis_Package.vhd" sub00/vhpl24 1429645326
AR nwidemux behavior "//austin.utexas.edu/disk/engrstu/ece/ajt2459/__SchoolWork/EE316_Lab5/lab5-part 2/Lab5O_auto/SimUAid_Synthesis_Package.vhd" sub00/vhpl53 1429645355
EN nbittristate NULL "//austin.utexas.edu/disk/engrstu/ece/ajt2459/__SchoolWork/EE316_Lab5/lab5-part 2/Lab5O_auto/SimUAid_Synthesis_Package.vhd" sub00/vhpl60 1429645362
AR or2 behavior "//austin.utexas.edu/disk/engrstu/ece/ajt2459/__SchoolWork/EE316_Lab5/lab5-part 2/Lab5O_auto/SimUAid_Synthesis_Package.vhd" sub00/vhpl11 1429645313
AR and4 behavior "//austin.utexas.edu/disk/engrstu/ece/ajt2459/__SchoolWork/EE316_Lab5/lab5-part 2/Lab5O_auto/SimUAid_Synthesis_Package.vhd" sub00/vhpl07 1429645309
PB simuaid_synthesis_pack simuaid_synthesis_pack "//austin.utexas.edu/disk/engrstu/ece/ajt2459/__SchoolWork/EE316_Lab5/lab5-part 2/Lab5O_auto/SimUAid_Synthesis_Package.vhd" sub00/vhpl01 1429645303
EN shiftregbidir NULL "//austin.utexas.edu/disk/engrstu/ece/ajt2459/__SchoolWork/EE316_Lab5/lab5-part 2/Lab5O_auto/SimUAid_Synthesis_Package.vhd" sub00/vhpl58 1429645360
AR nor4 behavior "//austin.utexas.edu/disk/engrstu/ece/ajt2459/__SchoolWork/EE316_Lab5/lab5-part 2/Lab5O_auto/SimUAid_Synthesis_Package.vhd" sub00/vhpl31 1429645333
EN xor2 NULL "//austin.utexas.edu/disk/engrstu/ece/ajt2459/__SchoolWork/EE316_Lab5/lab5-part 2/Lab5O_auto/SimUAid_Synthesis_Package.vhd" sub00/vhpl34 1429645336
AR mux_4_to_1 behavior "//austin.utexas.edu/disk/engrstu/ece/ajt2459/__SchoolWork/EE316_Lab5/lab5-part 2/Lab5O_auto/SimUAid_Synthesis_Package.vhd" sub00/vhpl73 1429645375
EN fulladder NULL "//austin.utexas.edu/disk/engrstu/ece/ajt2459/__SchoolWork/EE316_Lab5/lab5-part 2/Lab5O_auto/SimUAid_Synthesis_Package.vhd" sub00/vhpl64 1429645366
AR decoder_3_to_8 behavior "//austin.utexas.edu/disk/engrstu/ece/ajt2459/__SchoolWork/EE316_Lab5/lab5-part 2/Lab5O_auto/SimUAid_Synthesis_Package.vhd" sub00/vhpl69 1429645371
AR and3 behavior "//austin.utexas.edu/disk/engrstu/ece/ajt2459/__SchoolWork/EE316_Lab5/lab5-part 2/Lab5O_auto/SimUAid_Synthesis_Package.vhd" sub00/vhpl05 1429645307
AR shiftregrs behavior "//austin.utexas.edu/disk/engrstu/ece/ajt2459/__SchoolWork/EE316_Lab5/lab5-part 2/Lab5O_auto/SimUAid_Synthesis_Package.vhd" sub00/vhpl57 1429645359
AR nand5 behavior "//austin.utexas.edu/disk/engrstu/ece/ajt2459/__SchoolWork/EE316_Lab5/lab5-part 2/Lab5O_auto/SimUAid_Synthesis_Package.vhd" sub00/vhpl25 1429645327
EN nwidemux NULL "//austin.utexas.edu/disk/engrstu/ece/ajt2459/__SchoolWork/EE316_Lab5/lab5-part 2/Lab5O_auto/SimUAid_Synthesis_Package.vhd" sub00/vhpl52 1429645354
EN xnor2 NULL "//austin.utexas.edu/disk/engrstu/ece/ajt2459/__SchoolWork/EE316_Lab5/lab5-part 2/Lab5O_auto/SimUAid_Synthesis_Package.vhd" sub00/vhpl36 1429645338
AR fulladder behavior "//austin.utexas.edu/disk/engrstu/ece/ajt2459/__SchoolWork/EE316_Lab5/lab5-part 2/Lab5O_auto/SimUAid_Synthesis_Package.vhd" sub00/vhpl65 1429645367
EN inverter NULL "//austin.utexas.edu/disk/engrstu/ece/ajt2459/__SchoolWork/EE316_Lab5/lab5-part 2/Lab5O_auto/SimUAid_Synthesis_Package.vhd" sub00/vhpl38 1429645340
AR inverter behavior "//austin.utexas.edu/disk/engrstu/ece/ajt2459/__SchoolWork/EE316_Lab5/lab5-part 2/Lab5O_auto/SimUAid_Synthesis_Package.vhd" sub00/vhpl39 1429645341
AR jkflipflop behavior "//austin.utexas.edu/disk/engrstu/ece/ajt2459/__SchoolWork/EE316_Lab5/lab5-part 2/Lab5O_auto/SimUAid_Synthesis_Package.vhd" sub00/vhpl43 1429645345
AR mux_8_to_1 behavior "//austin.utexas.edu/disk/engrstu/ece/ajt2459/__SchoolWork/EE316_Lab5/lab5-part 2/Lab5O_auto/SimUAid_Synthesis_Package.vhd" sub00/vhpl75 1429645377
AR nor3 behavior "//austin.utexas.edu/disk/engrstu/ece/ajt2459/__SchoolWork/EE316_Lab5/lab5-part 2/Lab5O_auto/SimUAid_Synthesis_Package.vhd" sub00/vhpl29 1429645331
AR nbittristate behavior "//austin.utexas.edu/disk/engrstu/ece/ajt2459/__SchoolWork/EE316_Lab5/lab5-part 2/Lab5O_auto/SimUAid_Synthesis_Package.vhd" sub00/vhpl61 1429645363
EN counter NULL "//austin.utexas.edu/disk/engrstu/ece/ajt2459/__SchoolWork/EE316_Lab5/lab5-part 2/Lab5O_auto/SimUAid_Synthesis_Package.vhd" sub00/vhpl44 1429645346
EN complementer NULL "//austin.utexas.edu/disk/engrstu/ece/ajt2459/__SchoolWork/EE316_Lab5/lab5-part 2/Lab5O_auto/SimUAid_Synthesis_Package.vhd" sub00/vhpl62 1429645364
AR and2 behavior "//austin.utexas.edu/disk/engrstu/ece/ajt2459/__SchoolWork/EE316_Lab5/lab5-part 2/Lab5O_auto/SimUAid_Synthesis_Package.vhd" sub00/vhpl03 1429645305
EN or2 NULL "//austin.utexas.edu/disk/engrstu/ece/ajt2459/__SchoolWork/EE316_Lab5/lab5-part 2/Lab5O_auto/SimUAid_Synthesis_Package.vhd" sub00/vhpl10 1429645312
EN or3 NULL "//austin.utexas.edu/disk/engrstu/ece/ajt2459/__SchoolWork/EE316_Lab5/lab5-part 2/Lab5O_auto/SimUAid_Synthesis_Package.vhd" sub00/vhpl12 1429645314
EN or4 NULL "//austin.utexas.edu/disk/engrstu/ece/ajt2459/__SchoolWork/EE316_Lab5/lab5-part 2/Lab5O_auto/SimUAid_Synthesis_Package.vhd" sub00/vhpl14 1429645316
AR nand4 behavior "//austin.utexas.edu/disk/engrstu/ece/ajt2459/__SchoolWork/EE316_Lab5/lab5-part 2/Lab5O_auto/SimUAid_Synthesis_Package.vhd" sub00/vhpl23 1429645325
EN or5 NULL "//austin.utexas.edu/disk/engrstu/ece/ajt2459/__SchoolWork/EE316_Lab5/lab5-part 2/Lab5O_auto/SimUAid_Synthesis_Package.vhd" sub00/vhpl16 1429645318
EN tristatebuf NULL "//austin.utexas.edu/disk/engrstu/ece/ajt2459/__SchoolWork/EE316_Lab5/lab5-part 2/Lab5O_auto/SimUAid_Synthesis_Package.vhd" sub00/vhpl76 1429645378
EN jkflipflop NULL "//austin.utexas.edu/disk/engrstu/ece/ajt2459/__SchoolWork/EE316_Lab5/lab5-part 2/Lab5O_auto/SimUAid_Synthesis_Package.vhd" sub00/vhpl42 1429645344
AR xnor2 behavior "//austin.utexas.edu/disk/engrstu/ece/ajt2459/__SchoolWork/EE316_Lab5/lab5-part 2/Lab5O_auto/SimUAid_Synthesis_Package.vhd" sub00/vhpl37 1429645339
EN nbitadder NULL "//austin.utexas.edu/disk/engrstu/ece/ajt2459/__SchoolWork/EE316_Lab5/lab5-part 2/Lab5O_auto/SimUAid_Synthesis_Package.vhd" sub00/vhpl50 1429645352
EN mux_2_to_1 NULL "//austin.utexas.edu/disk/engrstu/ece/ajt2459/__SchoolWork/EE316_Lab5/lab5-part 2/Lab5O_auto/SimUAid_Synthesis_Package.vhd" sub00/vhpl70 1429645372
AR or5 behavior "//austin.utexas.edu/disk/engrstu/ece/ajt2459/__SchoolWork/EE316_Lab5/lab5-part 2/Lab5O_auto/SimUAid_Synthesis_Package.vhd" sub00/vhpl17 1429645319
AR tristatebuf behavior "//austin.utexas.edu/disk/engrstu/ece/ajt2459/__SchoolWork/EE316_Lab5/lab5-part 2/Lab5O_auto/SimUAid_Synthesis_Package.vhd" sub00/vhpl77 1429645379
AR nor2 behavior "//austin.utexas.edu/disk/engrstu/ece/ajt2459/__SchoolWork/EE316_Lab5/lab5-part 2/Lab5O_auto/SimUAid_Synthesis_Package.vhd" sub00/vhpl27 1429645329
AR nbitadder behavior "//austin.utexas.edu/disk/engrstu/ece/ajt2459/__SchoolWork/EE316_Lab5/lab5-part 2/Lab5O_auto/SimUAid_Synthesis_Package.vhd" sub00/vhpl51 1429645353
AR mux_2_to_1 behavior "//austin.utexas.edu/disk/engrstu/ece/ajt2459/__SchoolWork/EE316_Lab5/lab5-part 2/Lab5O_auto/SimUAid_Synthesis_Package.vhd" sub00/vhpl71 1429645373
AR nbitregister behavior "//austin.utexas.edu/disk/engrstu/ece/ajt2459/__SchoolWork/EE316_Lab5/lab5-part 2/Lab5O_auto/SimUAid_Synthesis_Package.vhd" sub00/vhpl49 1429645351
AR decoder_2_to_4 behavior "//austin.utexas.edu/disk/engrstu/ece/ajt2459/__SchoolWork/EE316_Lab5/lab5-part 2/Lab5O_auto/SimUAid_Synthesis_Package.vhd" sub00/vhpl67 1429645369
AR dflipflop behavior "//austin.utexas.edu/disk/engrstu/ece/ajt2459/__SchoolWork/EE316_Lab5/lab5-part 2/Lab5O_auto/SimUAid_Synthesis_Package.vhd" sub00/vhpl41 1429645343
AR nand3 behavior "//austin.utexas.edu/disk/engrstu/ece/ajt2459/__SchoolWork/EE316_Lab5/lab5-part 2/Lab5O_auto/SimUAid_Synthesis_Package.vhd" sub00/vhpl21 1429645323
EN mux_8_to_1 NULL "//austin.utexas.edu/disk/engrstu/ece/ajt2459/__SchoolWork/EE316_Lab5/lab5-part 2/Lab5O_auto/SimUAid_Synthesis_Package.vhd" sub00/vhpl74 1429645376
AR or4 behavior "//austin.utexas.edu/disk/engrstu/ece/ajt2459/__SchoolWork/EE316_Lab5/lab5-part 2/Lab5O_auto/SimUAid_Synthesis_Package.vhd" sub00/vhpl15 1429645317
EN nor2 NULL "//austin.utexas.edu/disk/engrstu/ece/ajt2459/__SchoolWork/EE316_Lab5/lab5-part 2/Lab5O_auto/SimUAid_Synthesis_Package.vhd" sub00/vhpl26 1429645328
EN nor3 NULL "//austin.utexas.edu/disk/engrstu/ece/ajt2459/__SchoolWork/EE316_Lab5/lab5-part 2/Lab5O_auto/SimUAid_Synthesis_Package.vhd" sub00/vhpl28 1429645330
EN nor4 NULL "//austin.utexas.edu/disk/engrstu/ece/ajt2459/__SchoolWork/EE316_Lab5/lab5-part 2/Lab5O_auto/SimUAid_Synthesis_Package.vhd" sub00/vhpl30 1429645332
EN nor5 NULL "//austin.utexas.edu/disk/engrstu/ece/ajt2459/__SchoolWork/EE316_Lab5/lab5-part 2/Lab5O_auto/SimUAid_Synthesis_Package.vhd" sub00/vhpl32 1429645334
AR shiftregls behavior "//austin.utexas.edu/disk/engrstu/ece/ajt2459/__SchoolWork/EE316_Lab5/lab5-part 2/Lab5O_auto/SimUAid_Synthesis_Package.vhd" sub00/vhpl55 1429645357
EN nbitregister NULL "//austin.utexas.edu/disk/engrstu/ece/ajt2459/__SchoolWork/EE316_Lab5/lab5-part 2/Lab5O_auto/SimUAid_Synthesis_Package.vhd" sub00/vhpl48 1429645350
PH simuaid_synthesis_pack NULL "//austin.utexas.edu/disk/engrstu/ece/ajt2459/__SchoolWork/EE316_Lab5/lab5-part 2/Lab5O_auto/SimUAid_Synthesis_Package.vhd" sub00/vhpl00 1429645302
EN decoder_2_to_4 NULL "//austin.utexas.edu/disk/engrstu/ece/ajt2459/__SchoolWork/EE316_Lab5/lab5-part 2/Lab5O_auto/SimUAid_Synthesis_Package.vhd" sub00/vhpl66 1429645368
EN and2 NULL "//austin.utexas.edu/disk/engrstu/ece/ajt2459/__SchoolWork/EE316_Lab5/lab5-part 2/Lab5O_auto/SimUAid_Synthesis_Package.vhd" sub00/vhpl02 1429645304
EN and3 NULL "//austin.utexas.edu/disk/engrstu/ece/ajt2459/__SchoolWork/EE316_Lab5/lab5-part 2/Lab5O_auto/SimUAid_Synthesis_Package.vhd" sub00/vhpl04 1429645306
EN and4 NULL "//austin.utexas.edu/disk/engrstu/ece/ajt2459/__SchoolWork/EE316_Lab5/lab5-part 2/Lab5O_auto/SimUAid_Synthesis_Package.vhd" sub00/vhpl06 1429645308
EN and5 NULL "//austin.utexas.edu/disk/engrstu/ece/ajt2459/__SchoolWork/EE316_Lab5/lab5-part 2/Lab5O_auto/SimUAid_Synthesis_Package.vhd" sub00/vhpl08 1429645310
EN shiftregls NULL "//austin.utexas.edu/disk/engrstu/ece/ajt2459/__SchoolWork/EE316_Lab5/lab5-part 2/Lab5O_auto/SimUAid_Synthesis_Package.vhd" sub00/vhpl54 1429645356
AR nand2 behavior "//austin.utexas.edu/disk/engrstu/ece/ajt2459/__SchoolWork/EE316_Lab5/lab5-part 2/Lab5O_auto/SimUAid_Synthesis_Package.vhd" sub00/vhpl19 1429645321
AR loadablecounter behavior "//austin.utexas.edu/disk/engrstu/ece/ajt2459/__SchoolWork/EE316_Lab5/lab5-part 2/Lab5O_auto/SimUAid_Synthesis_Package.vhd" sub00/vhpl47 1429645349
AR xor2 behavior "//austin.utexas.edu/disk/engrstu/ece/ajt2459/__SchoolWork/EE316_Lab5/lab5-part 2/Lab5O_auto/SimUAid_Synthesis_Package.vhd" sub00/vhpl35 1429645337
