AR counter behavior "//austin.utexas.edu/disk/engrstu/ece/ajt2459/__SchoolWork/EE316_Lab5/lab5-part 2/Lab5O_auto/SimUAid_Synthesis_Package.vhd" sub00/vhpl45 1430160750
AR or3 behavior "//austin.utexas.edu/disk/engrstu/ece/ajt2459/__SchoolWork/EE316_Lab5/lab5-part 2/Lab5O_auto/SimUAid_Synthesis_Package.vhd" sub00/vhpl13 1430160718
EN mux_4_to_1 NULL "//austin.utexas.edu/disk/engrstu/ece/ajt2459/__SchoolWork/EE316_Lab5/lab5-part 2/Lab5O_auto/SimUAid_Synthesis_Package.vhd" sub00/vhpl72 1430160777
AR and5 behavior "//austin.utexas.edu/disk/engrstu/ece/ajt2459/__SchoolWork/EE316_Lab5/lab5-part 2/Lab5O_auto/SimUAid_Synthesis_Package.vhd" sub00/vhpl09 1430160714
AR shiftregbidir behavior "//austin.utexas.edu/disk/engrstu/ece/ajt2459/__SchoolWork/EE316_Lab5/lab5-part 2/Lab5O_auto/SimUAid_Synthesis_Package.vhd" sub00/vhpl59 1430160764
EN dflipflop NULL "//austin.utexas.edu/disk/engrstu/ece/ajt2459/__SchoolWork/EE316_Lab5/lab5-part 2/Lab5O_auto/SimUAid_Synthesis_Package.vhd" sub00/vhpl40 1430160745
AR complementer behavior "//austin.utexas.edu/disk/engrstu/ece/ajt2459/__SchoolWork/EE316_Lab5/lab5-part 2/Lab5O_auto/SimUAid_Synthesis_Package.vhd" sub00/vhpl63 1430160768
EN shiftregrs NULL "//austin.utexas.edu/disk/engrstu/ece/ajt2459/__SchoolWork/EE316_Lab5/lab5-part 2/Lab5O_auto/SimUAid_Synthesis_Package.vhd" sub00/vhpl56 1430160761
AR nor5 behavior "//austin.utexas.edu/disk/engrstu/ece/ajt2459/__SchoolWork/EE316_Lab5/lab5-part 2/Lab5O_auto/SimUAid_Synthesis_Package.vhd" sub00/vhpl33 1430160738
EN decoder_3_to_8 NULL "//austin.utexas.edu/disk/engrstu/ece/ajt2459/__SchoolWork/EE316_Lab5/lab5-part 2/Lab5O_auto/SimUAid_Synthesis_Package.vhd" sub00/vhpl68 1430160773
EN nand2 NULL "//austin.utexas.edu/disk/engrstu/ece/ajt2459/__SchoolWork/EE316_Lab5/lab5-part 2/Lab5O_auto/SimUAid_Synthesis_Package.vhd" sub00/vhpl18 1430160723
EN loadablecounter NULL "//austin.utexas.edu/disk/engrstu/ece/ajt2459/__SchoolWork/EE316_Lab5/lab5-part 2/Lab5O_auto/SimUAid_Synthesis_Package.vhd" sub00/vhpl46 1430160751
EN nand3 NULL "//austin.utexas.edu/disk/engrstu/ece/ajt2459/__SchoolWork/EE316_Lab5/lab5-part 2/Lab5O_auto/SimUAid_Synthesis_Package.vhd" sub00/vhpl20 1430160725
EN nand4 NULL "//austin.utexas.edu/disk/engrstu/ece/ajt2459/__SchoolWork/EE316_Lab5/lab5-part 2/Lab5O_auto/SimUAid_Synthesis_Package.vhd" sub00/vhpl22 1430160727
EN nand5 NULL "//austin.utexas.edu/disk/engrstu/ece/ajt2459/__SchoolWork/EE316_Lab5/lab5-part 2/Lab5O_auto/SimUAid_Synthesis_Package.vhd" sub00/vhpl24 1430160729
AR nwidemux behavior "//austin.utexas.edu/disk/engrstu/ece/ajt2459/__SchoolWork/EE316_Lab5/lab5-part 2/Lab5O_auto/SimUAid_Synthesis_Package.vhd" sub00/vhpl53 1430160758
EN nbittristate NULL "//austin.utexas.edu/disk/engrstu/ece/ajt2459/__SchoolWork/EE316_Lab5/lab5-part 2/Lab5O_auto/SimUAid_Synthesis_Package.vhd" sub00/vhpl60 1430160765
AR or2 behavior "//austin.utexas.edu/disk/engrstu/ece/ajt2459/__SchoolWork/EE316_Lab5/lab5-part 2/Lab5O_auto/SimUAid_Synthesis_Package.vhd" sub00/vhpl11 1430160716
AR and4 behavior "//austin.utexas.edu/disk/engrstu/ece/ajt2459/__SchoolWork/EE316_Lab5/lab5-part 2/Lab5O_auto/SimUAid_Synthesis_Package.vhd" sub00/vhpl07 1430160712
PB simuaid_synthesis_pack simuaid_synthesis_pack "//austin.utexas.edu/disk/engrstu/ece/ajt2459/__SchoolWork/EE316_Lab5/lab5-part 2/Lab5O_auto/SimUAid_Synthesis_Package.vhd" sub00/vhpl01 1430160706
EN shiftregbidir NULL "//austin.utexas.edu/disk/engrstu/ece/ajt2459/__SchoolWork/EE316_Lab5/lab5-part 2/Lab5O_auto/SimUAid_Synthesis_Package.vhd" sub00/vhpl58 1430160763
AR nor4 behavior "//austin.utexas.edu/disk/engrstu/ece/ajt2459/__SchoolWork/EE316_Lab5/lab5-part 2/Lab5O_auto/SimUAid_Synthesis_Package.vhd" sub00/vhpl31 1430160736
EN xor2 NULL "//austin.utexas.edu/disk/engrstu/ece/ajt2459/__SchoolWork/EE316_Lab5/lab5-part 2/Lab5O_auto/SimUAid_Synthesis_Package.vhd" sub00/vhpl34 1430160739
AR mux_4_to_1 behavior "//austin.utexas.edu/disk/engrstu/ece/ajt2459/__SchoolWork/EE316_Lab5/lab5-part 2/Lab5O_auto/SimUAid_Synthesis_Package.vhd" sub00/vhpl73 1430160778
EN fulladder NULL "//austin.utexas.edu/disk/engrstu/ece/ajt2459/__SchoolWork/EE316_Lab5/lab5-part 2/Lab5O_auto/SimUAid_Synthesis_Package.vhd" sub00/vhpl64 1430160769
AR decoder_3_to_8 behavior "//austin.utexas.edu/disk/engrstu/ece/ajt2459/__SchoolWork/EE316_Lab5/lab5-part 2/Lab5O_auto/SimUAid_Synthesis_Package.vhd" sub00/vhpl69 1430160774
AR and3 behavior "//austin.utexas.edu/disk/engrstu/ece/ajt2459/__SchoolWork/EE316_Lab5/lab5-part 2/Lab5O_auto/SimUAid_Synthesis_Package.vhd" sub00/vhpl05 1430160710
AR shiftregrs behavior "//austin.utexas.edu/disk/engrstu/ece/ajt2459/__SchoolWork/EE316_Lab5/lab5-part 2/Lab5O_auto/SimUAid_Synthesis_Package.vhd" sub00/vhpl57 1430160762
AR nand5 behavior "//austin.utexas.edu/disk/engrstu/ece/ajt2459/__SchoolWork/EE316_Lab5/lab5-part 2/Lab5O_auto/SimUAid_Synthesis_Package.vhd" sub00/vhpl25 1430160730
EN nwidemux NULL "//austin.utexas.edu/disk/engrstu/ece/ajt2459/__SchoolWork/EE316_Lab5/lab5-part 2/Lab5O_auto/SimUAid_Synthesis_Package.vhd" sub00/vhpl52 1430160757
EN xnor2 NULL "//austin.utexas.edu/disk/engrstu/ece/ajt2459/__SchoolWork/EE316_Lab5/lab5-part 2/Lab5O_auto/SimUAid_Synthesis_Package.vhd" sub00/vhpl36 1430160741
AR fulladder behavior "//austin.utexas.edu/disk/engrstu/ece/ajt2459/__SchoolWork/EE316_Lab5/lab5-part 2/Lab5O_auto/SimUAid_Synthesis_Package.vhd" sub00/vhpl65 1430160770
EN inverter NULL "//austin.utexas.edu/disk/engrstu/ece/ajt2459/__SchoolWork/EE316_Lab5/lab5-part 2/Lab5O_auto/SimUAid_Synthesis_Package.vhd" sub00/vhpl38 1430160743
AR inverter behavior "//austin.utexas.edu/disk/engrstu/ece/ajt2459/__SchoolWork/EE316_Lab5/lab5-part 2/Lab5O_auto/SimUAid_Synthesis_Package.vhd" sub00/vhpl39 1430160744
AR jkflipflop behavior "//austin.utexas.edu/disk/engrstu/ece/ajt2459/__SchoolWork/EE316_Lab5/lab5-part 2/Lab5O_auto/SimUAid_Synthesis_Package.vhd" sub00/vhpl43 1430160748
AR mux_8_to_1 behavior "//austin.utexas.edu/disk/engrstu/ece/ajt2459/__SchoolWork/EE316_Lab5/lab5-part 2/Lab5O_auto/SimUAid_Synthesis_Package.vhd" sub00/vhpl75 1430160780
AR nor3 behavior "//austin.utexas.edu/disk/engrstu/ece/ajt2459/__SchoolWork/EE316_Lab5/lab5-part 2/Lab5O_auto/SimUAid_Synthesis_Package.vhd" sub00/vhpl29 1430160734
AR nbittristate behavior "//austin.utexas.edu/disk/engrstu/ece/ajt2459/__SchoolWork/EE316_Lab5/lab5-part 2/Lab5O_auto/SimUAid_Synthesis_Package.vhd" sub00/vhpl61 1430160766
EN counter NULL "//austin.utexas.edu/disk/engrstu/ece/ajt2459/__SchoolWork/EE316_Lab5/lab5-part 2/Lab5O_auto/SimUAid_Synthesis_Package.vhd" sub00/vhpl44 1430160749
EN complementer NULL "//austin.utexas.edu/disk/engrstu/ece/ajt2459/__SchoolWork/EE316_Lab5/lab5-part 2/Lab5O_auto/SimUAid_Synthesis_Package.vhd" sub00/vhpl62 1430160767
AR and2 behavior "//austin.utexas.edu/disk/engrstu/ece/ajt2459/__SchoolWork/EE316_Lab5/lab5-part 2/Lab5O_auto/SimUAid_Synthesis_Package.vhd" sub00/vhpl03 1430160708
EN or2 NULL "//austin.utexas.edu/disk/engrstu/ece/ajt2459/__SchoolWork/EE316_Lab5/lab5-part 2/Lab5O_auto/SimUAid_Synthesis_Package.vhd" sub00/vhpl10 1430160715
EN or3 NULL "//austin.utexas.edu/disk/engrstu/ece/ajt2459/__SchoolWork/EE316_Lab5/lab5-part 2/Lab5O_auto/SimUAid_Synthesis_Package.vhd" sub00/vhpl12 1430160717
EN or4 NULL "//austin.utexas.edu/disk/engrstu/ece/ajt2459/__SchoolWork/EE316_Lab5/lab5-part 2/Lab5O_auto/SimUAid_Synthesis_Package.vhd" sub00/vhpl14 1430160719
AR nand4 behavior "//austin.utexas.edu/disk/engrstu/ece/ajt2459/__SchoolWork/EE316_Lab5/lab5-part 2/Lab5O_auto/SimUAid_Synthesis_Package.vhd" sub00/vhpl23 1430160728
EN or5 NULL "//austin.utexas.edu/disk/engrstu/ece/ajt2459/__SchoolWork/EE316_Lab5/lab5-part 2/Lab5O_auto/SimUAid_Synthesis_Package.vhd" sub00/vhpl16 1430160721
EN tristatebuf NULL "//austin.utexas.edu/disk/engrstu/ece/ajt2459/__SchoolWork/EE316_Lab5/lab5-part 2/Lab5O_auto/SimUAid_Synthesis_Package.vhd" sub00/vhpl76 1430160781
EN jkflipflop NULL "//austin.utexas.edu/disk/engrstu/ece/ajt2459/__SchoolWork/EE316_Lab5/lab5-part 2/Lab5O_auto/SimUAid_Synthesis_Package.vhd" sub00/vhpl42 1430160747
AR xnor2 behavior "//austin.utexas.edu/disk/engrstu/ece/ajt2459/__SchoolWork/EE316_Lab5/lab5-part 2/Lab5O_auto/SimUAid_Synthesis_Package.vhd" sub00/vhpl37 1430160742
EN nbitadder NULL "//austin.utexas.edu/disk/engrstu/ece/ajt2459/__SchoolWork/EE316_Lab5/lab5-part 2/Lab5O_auto/SimUAid_Synthesis_Package.vhd" sub00/vhpl50 1430160755
EN mux_2_to_1 NULL "//austin.utexas.edu/disk/engrstu/ece/ajt2459/__SchoolWork/EE316_Lab5/lab5-part 2/Lab5O_auto/SimUAid_Synthesis_Package.vhd" sub00/vhpl70 1430160775
AR or5 behavior "//austin.utexas.edu/disk/engrstu/ece/ajt2459/__SchoolWork/EE316_Lab5/lab5-part 2/Lab5O_auto/SimUAid_Synthesis_Package.vhd" sub00/vhpl17 1430160722
AR tristatebuf behavior "//austin.utexas.edu/disk/engrstu/ece/ajt2459/__SchoolWork/EE316_Lab5/lab5-part 2/Lab5O_auto/SimUAid_Synthesis_Package.vhd" sub00/vhpl77 1430160782
AR nor2 behavior "//austin.utexas.edu/disk/engrstu/ece/ajt2459/__SchoolWork/EE316_Lab5/lab5-part 2/Lab5O_auto/SimUAid_Synthesis_Package.vhd" sub00/vhpl27 1430160732
AR nbitadder behavior "//austin.utexas.edu/disk/engrstu/ece/ajt2459/__SchoolWork/EE316_Lab5/lab5-part 2/Lab5O_auto/SimUAid_Synthesis_Package.vhd" sub00/vhpl51 1430160756
AR mux_2_to_1 behavior "//austin.utexas.edu/disk/engrstu/ece/ajt2459/__SchoolWork/EE316_Lab5/lab5-part 2/Lab5O_auto/SimUAid_Synthesis_Package.vhd" sub00/vhpl71 1430160776
AR nbitregister behavior "//austin.utexas.edu/disk/engrstu/ece/ajt2459/__SchoolWork/EE316_Lab5/lab5-part 2/Lab5O_auto/SimUAid_Synthesis_Package.vhd" sub00/vhpl49 1430160754
AR decoder_2_to_4 behavior "//austin.utexas.edu/disk/engrstu/ece/ajt2459/__SchoolWork/EE316_Lab5/lab5-part 2/Lab5O_auto/SimUAid_Synthesis_Package.vhd" sub00/vhpl67 1430160772
AR dflipflop behavior "//austin.utexas.edu/disk/engrstu/ece/ajt2459/__SchoolWork/EE316_Lab5/lab5-part 2/Lab5O_auto/SimUAid_Synthesis_Package.vhd" sub00/vhpl41 1430160746
AR nand3 behavior "//austin.utexas.edu/disk/engrstu/ece/ajt2459/__SchoolWork/EE316_Lab5/lab5-part 2/Lab5O_auto/SimUAid_Synthesis_Package.vhd" sub00/vhpl21 1430160726
EN mux_8_to_1 NULL "//austin.utexas.edu/disk/engrstu/ece/ajt2459/__SchoolWork/EE316_Lab5/lab5-part 2/Lab5O_auto/SimUAid_Synthesis_Package.vhd" sub00/vhpl74 1430160779
AR or4 behavior "//austin.utexas.edu/disk/engrstu/ece/ajt2459/__SchoolWork/EE316_Lab5/lab5-part 2/Lab5O_auto/SimUAid_Synthesis_Package.vhd" sub00/vhpl15 1430160720
EN nor2 NULL "//austin.utexas.edu/disk/engrstu/ece/ajt2459/__SchoolWork/EE316_Lab5/lab5-part 2/Lab5O_auto/SimUAid_Synthesis_Package.vhd" sub00/vhpl26 1430160731
EN nor3 NULL "//austin.utexas.edu/disk/engrstu/ece/ajt2459/__SchoolWork/EE316_Lab5/lab5-part 2/Lab5O_auto/SimUAid_Synthesis_Package.vhd" sub00/vhpl28 1430160733
EN nor4 NULL "//austin.utexas.edu/disk/engrstu/ece/ajt2459/__SchoolWork/EE316_Lab5/lab5-part 2/Lab5O_auto/SimUAid_Synthesis_Package.vhd" sub00/vhpl30 1430160735
EN nor5 NULL "//austin.utexas.edu/disk/engrstu/ece/ajt2459/__SchoolWork/EE316_Lab5/lab5-part 2/Lab5O_auto/SimUAid_Synthesis_Package.vhd" sub00/vhpl32 1430160737
AR shiftregls behavior "//austin.utexas.edu/disk/engrstu/ece/ajt2459/__SchoolWork/EE316_Lab5/lab5-part 2/Lab5O_auto/SimUAid_Synthesis_Package.vhd" sub00/vhpl55 1430160760
EN nbitregister NULL "//austin.utexas.edu/disk/engrstu/ece/ajt2459/__SchoolWork/EE316_Lab5/lab5-part 2/Lab5O_auto/SimUAid_Synthesis_Package.vhd" sub00/vhpl48 1430160753
PH simuaid_synthesis_pack NULL "//austin.utexas.edu/disk/engrstu/ece/ajt2459/__SchoolWork/EE316_Lab5/lab5-part 2/Lab5O_auto/SimUAid_Synthesis_Package.vhd" sub00/vhpl00 1430160705
EN decoder_2_to_4 NULL "//austin.utexas.edu/disk/engrstu/ece/ajt2459/__SchoolWork/EE316_Lab5/lab5-part 2/Lab5O_auto/SimUAid_Synthesis_Package.vhd" sub00/vhpl66 1430160771
EN and2 NULL "//austin.utexas.edu/disk/engrstu/ece/ajt2459/__SchoolWork/EE316_Lab5/lab5-part 2/Lab5O_auto/SimUAid_Synthesis_Package.vhd" sub00/vhpl02 1430160707
EN and3 NULL "//austin.utexas.edu/disk/engrstu/ece/ajt2459/__SchoolWork/EE316_Lab5/lab5-part 2/Lab5O_auto/SimUAid_Synthesis_Package.vhd" sub00/vhpl04 1430160709
EN and4 NULL "//austin.utexas.edu/disk/engrstu/ece/ajt2459/__SchoolWork/EE316_Lab5/lab5-part 2/Lab5O_auto/SimUAid_Synthesis_Package.vhd" sub00/vhpl06 1430160711
EN and5 NULL "//austin.utexas.edu/disk/engrstu/ece/ajt2459/__SchoolWork/EE316_Lab5/lab5-part 2/Lab5O_auto/SimUAid_Synthesis_Package.vhd" sub00/vhpl08 1430160713
EN shiftregls NULL "//austin.utexas.edu/disk/engrstu/ece/ajt2459/__SchoolWork/EE316_Lab5/lab5-part 2/Lab5O_auto/SimUAid_Synthesis_Package.vhd" sub00/vhpl54 1430160759
AR nand2 behavior "//austin.utexas.edu/disk/engrstu/ece/ajt2459/__SchoolWork/EE316_Lab5/lab5-part 2/Lab5O_auto/SimUAid_Synthesis_Package.vhd" sub00/vhpl19 1430160724
AR loadablecounter behavior "//austin.utexas.edu/disk/engrstu/ece/ajt2459/__SchoolWork/EE316_Lab5/lab5-part 2/Lab5O_auto/SimUAid_Synthesis_Package.vhd" sub00/vhpl47 1430160752
AR xor2 behavior "//austin.utexas.edu/disk/engrstu/ece/ajt2459/__SchoolWork/EE316_Lab5/lab5-part 2/Lab5O_auto/SimUAid_Synthesis_Package.vhd" sub00/vhpl35 1430160740
