V3 117
FL "//austin.utexas.edu/disk/engrstu/ece/ajt2459/__SchoolWork/EE316_Lab5/lab5-part 2/Lab5O_auto/SimUAid_Synthesis_Package.vhd" 2004/05/03.10:31:46 P.20131013
PH SimUAid_Synthesis_Package/SimUAid_synthesis_pack 1430160705 \
      FL "//austin.utexas.edu/disk/engrstu/ece/ajt2459/__SchoolWork/EE316_Lab5/lab5-part 2/Lab5O_auto/SimUAid_Synthesis_Package.vhd" \
      PB ieee/std_logic_1164 1381692176 PB ieee/STD_LOGIC_UNSIGNED 1381692179 \
      PB ieee/std_logic_arith 1381692177 CD and2 CD and3 CD and4 CD and5 CD or2 CD or3 \
      CD or4 CD or5 CD nand2 CD nand3 CD nand4 CD nand5 CD nor2 CD nor3 CD nor4 CD nor5 \
      CD xor2 CD xnor2 CD inverter CD Dflipflop CD JKflipflop CD Counter \
      CD LoadableCounter CD nbitRegister CD NBitAdder CD NWideMux CD ShiftRegLS \
      CD ShiftRegRS CD ShiftRegBidir CD NBitTristate CD complementer CD FullAdder \
      CD Decoder_2_to_4 CD Decoder_3_to_8 CD MUX_2_to_1 CD MUX_4_to_1 CD MUX_8_to_1 \
      CD tristateBuf
PB SimUAid_Synthesis_Package/SimUAid_synthesis_pack 1430160706 \
      FL "//austin.utexas.edu/disk/engrstu/ece/ajt2459/__SchoolWork/EE316_Lab5/lab5-part 2/Lab5O_auto/SimUAid_Synthesis_Package.vhd" \
      PH SimUAid_Synthesis_Package/SimUAid_synthesis_pack 1430160705
EN SimUAid_Synthesis_Package/and2 1430160707 \
      FL "//austin.utexas.edu/disk/engrstu/ece/ajt2459/__SchoolWork/EE316_Lab5/lab5-part 2/Lab5O_auto/SimUAid_Synthesis_Package.vhd" \
      PB ieee/std_logic_1164 1381692176 PB ieee/STD_LOGIC_UNSIGNED 1381692179 \
      PB ieee/std_logic_arith 1381692177
AR SimUAid_Synthesis_Package/and2/behavior 1430160708 \
      FL "//austin.utexas.edu/disk/engrstu/ece/ajt2459/__SchoolWork/EE316_Lab5/lab5-part 2/Lab5O_auto/SimUAid_Synthesis_Package.vhd" \
      EN SimUAid_Synthesis_Package/and2 1430160707
EN SimUAid_Synthesis_Package/and3 1430160709 \
      FL "//austin.utexas.edu/disk/engrstu/ece/ajt2459/__SchoolWork/EE316_Lab5/lab5-part 2/Lab5O_auto/SimUAid_Synthesis_Package.vhd" \
      PB ieee/std_logic_1164 1381692176 PB ieee/STD_LOGIC_UNSIGNED 1381692179 \
      PB ieee/std_logic_arith 1381692177
AR SimUAid_Synthesis_Package/and3/behavior 1430160710 \
      FL "//austin.utexas.edu/disk/engrstu/ece/ajt2459/__SchoolWork/EE316_Lab5/lab5-part 2/Lab5O_auto/SimUAid_Synthesis_Package.vhd" \
      EN SimUAid_Synthesis_Package/and3 1430160709
EN SimUAid_Synthesis_Package/and4 1430160711 \
      FL "//austin.utexas.edu/disk/engrstu/ece/ajt2459/__SchoolWork/EE316_Lab5/lab5-part 2/Lab5O_auto/SimUAid_Synthesis_Package.vhd" \
      PB ieee/std_logic_1164 1381692176 PB ieee/STD_LOGIC_UNSIGNED 1381692179 \
      PB ieee/std_logic_arith 1381692177
AR SimUAid_Synthesis_Package/and4/behavior 1430160712 \
      FL "//austin.utexas.edu/disk/engrstu/ece/ajt2459/__SchoolWork/EE316_Lab5/lab5-part 2/Lab5O_auto/SimUAid_Synthesis_Package.vhd" \
      EN SimUAid_Synthesis_Package/and4 1430160711
EN SimUAid_Synthesis_Package/and5 1430160713 \
      FL "//austin.utexas.edu/disk/engrstu/ece/ajt2459/__SchoolWork/EE316_Lab5/lab5-part 2/Lab5O_auto/SimUAid_Synthesis_Package.vhd" \
      PB ieee/std_logic_1164 1381692176 PB ieee/STD_LOGIC_UNSIGNED 1381692179 \
      PB ieee/std_logic_arith 1381692177
AR SimUAid_Synthesis_Package/and5/behavior 1430160714 \
      FL "//austin.utexas.edu/disk/engrstu/ece/ajt2459/__SchoolWork/EE316_Lab5/lab5-part 2/Lab5O_auto/SimUAid_Synthesis_Package.vhd" \
      EN SimUAid_Synthesis_Package/and5 1430160713
EN SimUAid_Synthesis_Package/or2 1430160715 \
      FL "//austin.utexas.edu/disk/engrstu/ece/ajt2459/__SchoolWork/EE316_Lab5/lab5-part 2/Lab5O_auto/SimUAid_Synthesis_Package.vhd" \
      PB ieee/std_logic_1164 1381692176 PB ieee/STD_LOGIC_UNSIGNED 1381692179 \
      PB ieee/std_logic_arith 1381692177
AR SimUAid_Synthesis_Package/or2/behavior 1430160716 \
      FL "//austin.utexas.edu/disk/engrstu/ece/ajt2459/__SchoolWork/EE316_Lab5/lab5-part 2/Lab5O_auto/SimUAid_Synthesis_Package.vhd" \
      EN SimUAid_Synthesis_Package/or2 1430160715
EN SimUAid_Synthesis_Package/or3 1430160717 \
      FL "//austin.utexas.edu/disk/engrstu/ece/ajt2459/__SchoolWork/EE316_Lab5/lab5-part 2/Lab5O_auto/SimUAid_Synthesis_Package.vhd" \
      PB ieee/std_logic_1164 1381692176 PB ieee/STD_LOGIC_UNSIGNED 1381692179 \
      PB ieee/std_logic_arith 1381692177
AR SimUAid_Synthesis_Package/or3/behavior 1430160718 \
      FL "//austin.utexas.edu/disk/engrstu/ece/ajt2459/__SchoolWork/EE316_Lab5/lab5-part 2/Lab5O_auto/SimUAid_Synthesis_Package.vhd" \
      EN SimUAid_Synthesis_Package/or3 1430160717
EN SimUAid_Synthesis_Package/or4 1430160719 \
      FL "//austin.utexas.edu/disk/engrstu/ece/ajt2459/__SchoolWork/EE316_Lab5/lab5-part 2/Lab5O_auto/SimUAid_Synthesis_Package.vhd" \
      PB ieee/std_logic_1164 1381692176 PB ieee/STD_LOGIC_UNSIGNED 1381692179 \
      PB ieee/std_logic_arith 1381692177
AR SimUAid_Synthesis_Package/or4/behavior 1430160720 \
      FL "//austin.utexas.edu/disk/engrstu/ece/ajt2459/__SchoolWork/EE316_Lab5/lab5-part 2/Lab5O_auto/SimUAid_Synthesis_Package.vhd" \
      EN SimUAid_Synthesis_Package/or4 1430160719
EN SimUAid_Synthesis_Package/or5 1430160721 \
      FL "//austin.utexas.edu/disk/engrstu/ece/ajt2459/__SchoolWork/EE316_Lab5/lab5-part 2/Lab5O_auto/SimUAid_Synthesis_Package.vhd" \
      PB ieee/std_logic_1164 1381692176 PB ieee/STD_LOGIC_UNSIGNED 1381692179 \
      PB ieee/std_logic_arith 1381692177
AR SimUAid_Synthesis_Package/or5/behavior 1430160722 \
      FL "//austin.utexas.edu/disk/engrstu/ece/ajt2459/__SchoolWork/EE316_Lab5/lab5-part 2/Lab5O_auto/SimUAid_Synthesis_Package.vhd" \
      EN SimUAid_Synthesis_Package/or5 1430160721
EN SimUAid_Synthesis_Package/nand2 1430160723 \
      FL "//austin.utexas.edu/disk/engrstu/ece/ajt2459/__SchoolWork/EE316_Lab5/lab5-part 2/Lab5O_auto/SimUAid_Synthesis_Package.vhd" \
      PB ieee/std_logic_1164 1381692176 PB ieee/STD_LOGIC_UNSIGNED 1381692179 \
      PB ieee/std_logic_arith 1381692177
AR SimUAid_Synthesis_Package/nand2/behavior 1430160724 \
      FL "//austin.utexas.edu/disk/engrstu/ece/ajt2459/__SchoolWork/EE316_Lab5/lab5-part 2/Lab5O_auto/SimUAid_Synthesis_Package.vhd" \
      EN SimUAid_Synthesis_Package/nand2 1430160723
EN SimUAid_Synthesis_Package/nand3 1430160725 \
      FL "//austin.utexas.edu/disk/engrstu/ece/ajt2459/__SchoolWork/EE316_Lab5/lab5-part 2/Lab5O_auto/SimUAid_Synthesis_Package.vhd" \
      PB ieee/std_logic_1164 1381692176 PB ieee/STD_LOGIC_UNSIGNED 1381692179 \
      PB ieee/std_logic_arith 1381692177
AR SimUAid_Synthesis_Package/nand3/behavior 1430160726 \
      FL "//austin.utexas.edu/disk/engrstu/ece/ajt2459/__SchoolWork/EE316_Lab5/lab5-part 2/Lab5O_auto/SimUAid_Synthesis_Package.vhd" \
      EN SimUAid_Synthesis_Package/nand3 1430160725
EN SimUAid_Synthesis_Package/nand4 1430160727 \
      FL "//austin.utexas.edu/disk/engrstu/ece/ajt2459/__SchoolWork/EE316_Lab5/lab5-part 2/Lab5O_auto/SimUAid_Synthesis_Package.vhd" \
      PB ieee/std_logic_1164 1381692176 PB ieee/STD_LOGIC_UNSIGNED 1381692179 \
      PB ieee/std_logic_arith 1381692177
AR SimUAid_Synthesis_Package/nand4/behavior 1430160728 \
      FL "//austin.utexas.edu/disk/engrstu/ece/ajt2459/__SchoolWork/EE316_Lab5/lab5-part 2/Lab5O_auto/SimUAid_Synthesis_Package.vhd" \
      EN SimUAid_Synthesis_Package/nand4 1430160727
EN SimUAid_Synthesis_Package/nand5 1430160729 \
      FL "//austin.utexas.edu/disk/engrstu/ece/ajt2459/__SchoolWork/EE316_Lab5/lab5-part 2/Lab5O_auto/SimUAid_Synthesis_Package.vhd" \
      PB ieee/std_logic_1164 1381692176 PB ieee/STD_LOGIC_UNSIGNED 1381692179 \
      PB ieee/std_logic_arith 1381692177
AR SimUAid_Synthesis_Package/nand5/behavior 1430160730 \
      FL "//austin.utexas.edu/disk/engrstu/ece/ajt2459/__SchoolWork/EE316_Lab5/lab5-part 2/Lab5O_auto/SimUAid_Synthesis_Package.vhd" \
      EN SimUAid_Synthesis_Package/nand5 1430160729
EN SimUAid_Synthesis_Package/nor2 1430160731 \
      FL "//austin.utexas.edu/disk/engrstu/ece/ajt2459/__SchoolWork/EE316_Lab5/lab5-part 2/Lab5O_auto/SimUAid_Synthesis_Package.vhd" \
      PB ieee/std_logic_1164 1381692176 PB ieee/STD_LOGIC_UNSIGNED 1381692179 \
      PB ieee/std_logic_arith 1381692177
AR SimUAid_Synthesis_Package/nor2/behavior 1430160732 \
      FL "//austin.utexas.edu/disk/engrstu/ece/ajt2459/__SchoolWork/EE316_Lab5/lab5-part 2/Lab5O_auto/SimUAid_Synthesis_Package.vhd" \
      EN SimUAid_Synthesis_Package/nor2 1430160731
EN SimUAid_Synthesis_Package/nor3 1430160733 \
      FL "//austin.utexas.edu/disk/engrstu/ece/ajt2459/__SchoolWork/EE316_Lab5/lab5-part 2/Lab5O_auto/SimUAid_Synthesis_Package.vhd" \
      PB ieee/std_logic_1164 1381692176 PB ieee/STD_LOGIC_UNSIGNED 1381692179 \
      PB ieee/std_logic_arith 1381692177
AR SimUAid_Synthesis_Package/nor3/behavior 1430160734 \
      FL "//austin.utexas.edu/disk/engrstu/ece/ajt2459/__SchoolWork/EE316_Lab5/lab5-part 2/Lab5O_auto/SimUAid_Synthesis_Package.vhd" \
      EN SimUAid_Synthesis_Package/nor3 1430160733
EN SimUAid_Synthesis_Package/nor4 1430160735 \
      FL "//austin.utexas.edu/disk/engrstu/ece/ajt2459/__SchoolWork/EE316_Lab5/lab5-part 2/Lab5O_auto/SimUAid_Synthesis_Package.vhd" \
      PB ieee/std_logic_1164 1381692176 PB ieee/STD_LOGIC_UNSIGNED 1381692179 \
      PB ieee/std_logic_arith 1381692177
AR SimUAid_Synthesis_Package/nor4/behavior 1430160736 \
      FL "//austin.utexas.edu/disk/engrstu/ece/ajt2459/__SchoolWork/EE316_Lab5/lab5-part 2/Lab5O_auto/SimUAid_Synthesis_Package.vhd" \
      EN SimUAid_Synthesis_Package/nor4 1430160735
EN SimUAid_Synthesis_Package/nor5 1430160737 \
      FL "//austin.utexas.edu/disk/engrstu/ece/ajt2459/__SchoolWork/EE316_Lab5/lab5-part 2/Lab5O_auto/SimUAid_Synthesis_Package.vhd" \
      PB ieee/std_logic_1164 1381692176 PB ieee/STD_LOGIC_UNSIGNED 1381692179 \
      PB ieee/std_logic_arith 1381692177
AR SimUAid_Synthesis_Package/nor5/behavior 1430160738 \
      FL "//austin.utexas.edu/disk/engrstu/ece/ajt2459/__SchoolWork/EE316_Lab5/lab5-part 2/Lab5O_auto/SimUAid_Synthesis_Package.vhd" \
      EN SimUAid_Synthesis_Package/nor5 1430160737
EN SimUAid_Synthesis_Package/xor2 1430160739 \
      FL "//austin.utexas.edu/disk/engrstu/ece/ajt2459/__SchoolWork/EE316_Lab5/lab5-part 2/Lab5O_auto/SimUAid_Synthesis_Package.vhd" \
      PB ieee/std_logic_1164 1381692176 PB ieee/STD_LOGIC_UNSIGNED 1381692179 \
      PB ieee/std_logic_arith 1381692177
AR SimUAid_Synthesis_Package/xor2/behavior 1430160740 \
      FL "//austin.utexas.edu/disk/engrstu/ece/ajt2459/__SchoolWork/EE316_Lab5/lab5-part 2/Lab5O_auto/SimUAid_Synthesis_Package.vhd" \
      EN SimUAid_Synthesis_Package/xor2 1430160739
EN SimUAid_Synthesis_Package/xnor2 1430160741 \
      FL "//austin.utexas.edu/disk/engrstu/ece/ajt2459/__SchoolWork/EE316_Lab5/lab5-part 2/Lab5O_auto/SimUAid_Synthesis_Package.vhd" \
      PB ieee/std_logic_1164 1381692176 PB ieee/STD_LOGIC_UNSIGNED 1381692179 \
      PB ieee/std_logic_arith 1381692177
AR SimUAid_Synthesis_Package/xnor2/behavior 1430160742 \
      FL "//austin.utexas.edu/disk/engrstu/ece/ajt2459/__SchoolWork/EE316_Lab5/lab5-part 2/Lab5O_auto/SimUAid_Synthesis_Package.vhd" \
      EN SimUAid_Synthesis_Package/xnor2 1430160741
EN SimUAid_Synthesis_Package/inverter 1430160743 \
      FL "//austin.utexas.edu/disk/engrstu/ece/ajt2459/__SchoolWork/EE316_Lab5/lab5-part 2/Lab5O_auto/SimUAid_Synthesis_Package.vhd" \
      PB ieee/std_logic_1164 1381692176 PB ieee/STD_LOGIC_UNSIGNED 1381692179 \
      PB ieee/std_logic_arith 1381692177
AR SimUAid_Synthesis_Package/inverter/behavior 1430160744 \
      FL "//austin.utexas.edu/disk/engrstu/ece/ajt2459/__SchoolWork/EE316_Lab5/lab5-part 2/Lab5O_auto/SimUAid_Synthesis_Package.vhd" \
      EN SimUAid_Synthesis_Package/inverter 1430160743
EN SimUAid_Synthesis_Package/Dflipflop 1430160745 \
      FL "//austin.utexas.edu/disk/engrstu/ece/ajt2459/__SchoolWork/EE316_Lab5/lab5-part 2/Lab5O_auto/SimUAid_Synthesis_Package.vhd" \
      PB ieee/std_logic_1164 1381692176 PB ieee/STD_LOGIC_UNSIGNED 1381692179 \
      PB ieee/std_logic_arith 1381692177
AR SimUAid_Synthesis_Package/Dflipflop/behavior 1430160746 \
      FL "//austin.utexas.edu/disk/engrstu/ece/ajt2459/__SchoolWork/EE316_Lab5/lab5-part 2/Lab5O_auto/SimUAid_Synthesis_Package.vhd" \
      EN SimUAid_Synthesis_Package/Dflipflop 1430160745
EN SimUAid_Synthesis_Package/JKflipflop 1430160747 \
      FL "//austin.utexas.edu/disk/engrstu/ece/ajt2459/__SchoolWork/EE316_Lab5/lab5-part 2/Lab5O_auto/SimUAid_Synthesis_Package.vhd" \
      PB ieee/std_logic_1164 1381692176 PB ieee/STD_LOGIC_UNSIGNED 1381692179 \
      PB ieee/std_logic_arith 1381692177
AR SimUAid_Synthesis_Package/JKflipflop/behavior 1430160748 \
      FL "//austin.utexas.edu/disk/engrstu/ece/ajt2459/__SchoolWork/EE316_Lab5/lab5-part 2/Lab5O_auto/SimUAid_Synthesis_Package.vhd" \
      EN SimUAid_Synthesis_Package/JKflipflop 1430160747
EN SimUAid_Synthesis_Package/Counter 1430160749 \
      FL "//austin.utexas.edu/disk/engrstu/ece/ajt2459/__SchoolWork/EE316_Lab5/lab5-part 2/Lab5O_auto/SimUAid_Synthesis_Package.vhd" \
      PB ieee/std_logic_1164 1381692176 PB ieee/STD_LOGIC_UNSIGNED 1381692179 \
      PB ieee/std_logic_arith 1381692177
AR SimUAid_Synthesis_Package/Counter/behavior 1430160750 \
      FL "//austin.utexas.edu/disk/engrstu/ece/ajt2459/__SchoolWork/EE316_Lab5/lab5-part 2/Lab5O_auto/SimUAid_Synthesis_Package.vhd" \
      EN SimUAid_Synthesis_Package/Counter 1430160749
EN SimUAid_Synthesis_Package/LoadableCounter 1430160751 \
      FL "//austin.utexas.edu/disk/engrstu/ece/ajt2459/__SchoolWork/EE316_Lab5/lab5-part 2/Lab5O_auto/SimUAid_Synthesis_Package.vhd" \
      PB ieee/std_logic_1164 1381692176 PB ieee/STD_LOGIC_UNSIGNED 1381692179 \
      PB ieee/std_logic_arith 1381692177
AR SimUAid_Synthesis_Package/LoadableCounter/behavior 1430160752 \
      FL "//austin.utexas.edu/disk/engrstu/ece/ajt2459/__SchoolWork/EE316_Lab5/lab5-part 2/Lab5O_auto/SimUAid_Synthesis_Package.vhd" \
      EN SimUAid_Synthesis_Package/LoadableCounter 1430160751
EN SimUAid_Synthesis_Package/nbitRegister 1430160753 \
      FL "//austin.utexas.edu/disk/engrstu/ece/ajt2459/__SchoolWork/EE316_Lab5/lab5-part 2/Lab5O_auto/SimUAid_Synthesis_Package.vhd" \
      PB ieee/std_logic_1164 1381692176 PB ieee/STD_LOGIC_UNSIGNED 1381692179 \
      PB ieee/std_logic_arith 1381692177
AR SimUAid_Synthesis_Package/nbitRegister/behavior 1430160754 \
      FL "//austin.utexas.edu/disk/engrstu/ece/ajt2459/__SchoolWork/EE316_Lab5/lab5-part 2/Lab5O_auto/SimUAid_Synthesis_Package.vhd" \
      EN SimUAid_Synthesis_Package/nbitRegister 1430160753
EN SimUAid_Synthesis_Package/NBitAdder 1430160755 \
      FL "//austin.utexas.edu/disk/engrstu/ece/ajt2459/__SchoolWork/EE316_Lab5/lab5-part 2/Lab5O_auto/SimUAid_Synthesis_Package.vhd" \
      PB ieee/std_logic_1164 1381692176 PB ieee/STD_LOGIC_UNSIGNED 1381692179 \
      PB ieee/std_logic_arith 1381692177
AR SimUAid_Synthesis_Package/NBitAdder/behavior 1430160756 \
      FL "//austin.utexas.edu/disk/engrstu/ece/ajt2459/__SchoolWork/EE316_Lab5/lab5-part 2/Lab5O_auto/SimUAid_Synthesis_Package.vhd" \
      EN SimUAid_Synthesis_Package/NBitAdder 1430160755
EN SimUAid_Synthesis_Package/NWideMux 1430160757 \
      FL "//austin.utexas.edu/disk/engrstu/ece/ajt2459/__SchoolWork/EE316_Lab5/lab5-part 2/Lab5O_auto/SimUAid_Synthesis_Package.vhd" \
      PB ieee/std_logic_1164 1381692176 PB ieee/STD_LOGIC_UNSIGNED 1381692179 \
      PB ieee/std_logic_arith 1381692177
AR SimUAid_Synthesis_Package/NWideMux/behavior 1430160758 \
      FL "//austin.utexas.edu/disk/engrstu/ece/ajt2459/__SchoolWork/EE316_Lab5/lab5-part 2/Lab5O_auto/SimUAid_Synthesis_Package.vhd" \
      EN SimUAid_Synthesis_Package/NWideMux 1430160757
EN SimUAid_Synthesis_Package/ShiftRegLS 1430160759 \
      FL "//austin.utexas.edu/disk/engrstu/ece/ajt2459/__SchoolWork/EE316_Lab5/lab5-part 2/Lab5O_auto/SimUAid_Synthesis_Package.vhd" \
      PB ieee/std_logic_1164 1381692176 PB ieee/STD_LOGIC_UNSIGNED 1381692179 \
      PB ieee/std_logic_arith 1381692177
AR SimUAid_Synthesis_Package/ShiftRegLS/behavior 1430160760 \
      FL "//austin.utexas.edu/disk/engrstu/ece/ajt2459/__SchoolWork/EE316_Lab5/lab5-part 2/Lab5O_auto/SimUAid_Synthesis_Package.vhd" \
      EN SimUAid_Synthesis_Package/ShiftRegLS 1430160759
EN SimUAid_Synthesis_Package/ShiftRegRS 1430160761 \
      FL "//austin.utexas.edu/disk/engrstu/ece/ajt2459/__SchoolWork/EE316_Lab5/lab5-part 2/Lab5O_auto/SimUAid_Synthesis_Package.vhd" \
      PB ieee/std_logic_1164 1381692176 PB ieee/STD_LOGIC_UNSIGNED 1381692179 \
      PB ieee/std_logic_arith 1381692177
AR SimUAid_Synthesis_Package/ShiftRegRS/behavior 1430160762 \
      FL "//austin.utexas.edu/disk/engrstu/ece/ajt2459/__SchoolWork/EE316_Lab5/lab5-part 2/Lab5O_auto/SimUAid_Synthesis_Package.vhd" \
      EN SimUAid_Synthesis_Package/ShiftRegRS 1430160761
EN SimUAid_Synthesis_Package/ShiftRegBidir 1430160763 \
      FL "//austin.utexas.edu/disk/engrstu/ece/ajt2459/__SchoolWork/EE316_Lab5/lab5-part 2/Lab5O_auto/SimUAid_Synthesis_Package.vhd" \
      PB ieee/std_logic_1164 1381692176 PB ieee/STD_LOGIC_UNSIGNED 1381692179 \
      PB ieee/std_logic_arith 1381692177
AR SimUAid_Synthesis_Package/ShiftRegBidir/behavior 1430160764 \
      FL "//austin.utexas.edu/disk/engrstu/ece/ajt2459/__SchoolWork/EE316_Lab5/lab5-part 2/Lab5O_auto/SimUAid_Synthesis_Package.vhd" \
      EN SimUAid_Synthesis_Package/ShiftRegBidir 1430160763
EN SimUAid_Synthesis_Package/NBitTristate 1430160765 \
      FL "//austin.utexas.edu/disk/engrstu/ece/ajt2459/__SchoolWork/EE316_Lab5/lab5-part 2/Lab5O_auto/SimUAid_Synthesis_Package.vhd" \
      PB ieee/std_logic_1164 1381692176 PB ieee/STD_LOGIC_UNSIGNED 1381692179 \
      PB ieee/std_logic_arith 1381692177
AR SimUAid_Synthesis_Package/NBitTristate/behavior 1430160766 \
      FL "//austin.utexas.edu/disk/engrstu/ece/ajt2459/__SchoolWork/EE316_Lab5/lab5-part 2/Lab5O_auto/SimUAid_Synthesis_Package.vhd" \
      EN SimUAid_Synthesis_Package/NBitTristate 1430160765
EN SimUAid_Synthesis_Package/Complementer 1430160767 \
      FL "//austin.utexas.edu/disk/engrstu/ece/ajt2459/__SchoolWork/EE316_Lab5/lab5-part 2/Lab5O_auto/SimUAid_Synthesis_Package.vhd" \
      PB ieee/std_logic_1164 1381692176 PB ieee/STD_LOGIC_UNSIGNED 1381692179 \
      PB ieee/std_logic_arith 1381692177
AR SimUAid_Synthesis_Package/Complementer/behavior 1430160768 \
      FL "//austin.utexas.edu/disk/engrstu/ece/ajt2459/__SchoolWork/EE316_Lab5/lab5-part 2/Lab5O_auto/SimUAid_Synthesis_Package.vhd" \
      EN SimUAid_Synthesis_Package/Complementer 1430160767
EN SimUAid_Synthesis_Package/FullAdder 1430160769 \
      FL "//austin.utexas.edu/disk/engrstu/ece/ajt2459/__SchoolWork/EE316_Lab5/lab5-part 2/Lab5O_auto/SimUAid_Synthesis_Package.vhd" \
      PB ieee/std_logic_1164 1381692176 PB ieee/STD_LOGIC_UNSIGNED 1381692179 \
      PB ieee/std_logic_arith 1381692177
AR SimUAid_Synthesis_Package/FullAdder/behavior 1430160770 \
      FL "//austin.utexas.edu/disk/engrstu/ece/ajt2459/__SchoolWork/EE316_Lab5/lab5-part 2/Lab5O_auto/SimUAid_Synthesis_Package.vhd" \
      EN SimUAid_Synthesis_Package/FullAdder 1430160769
EN SimUAid_Synthesis_Package/Decoder_2_to_4 1430160771 \
      FL "//austin.utexas.edu/disk/engrstu/ece/ajt2459/__SchoolWork/EE316_Lab5/lab5-part 2/Lab5O_auto/SimUAid_Synthesis_Package.vhd" \
      PB ieee/std_logic_1164 1381692176 PB ieee/STD_LOGIC_UNSIGNED 1381692179 \
      PB ieee/std_logic_arith 1381692177
AR SimUAid_Synthesis_Package/Decoder_2_to_4/behavior 1430160772 \
      FL "//austin.utexas.edu/disk/engrstu/ece/ajt2459/__SchoolWork/EE316_Lab5/lab5-part 2/Lab5O_auto/SimUAid_Synthesis_Package.vhd" \
      EN SimUAid_Synthesis_Package/Decoder_2_to_4 1430160771
EN SimUAid_Synthesis_Package/Decoder_3_to_8 1430160773 \
      FL "//austin.utexas.edu/disk/engrstu/ece/ajt2459/__SchoolWork/EE316_Lab5/lab5-part 2/Lab5O_auto/SimUAid_Synthesis_Package.vhd" \
      PB ieee/std_logic_1164 1381692176 PB ieee/STD_LOGIC_UNSIGNED 1381692179 \
      PB ieee/std_logic_arith 1381692177
AR SimUAid_Synthesis_Package/Decoder_3_to_8/behavior 1430160774 \
      FL "//austin.utexas.edu/disk/engrstu/ece/ajt2459/__SchoolWork/EE316_Lab5/lab5-part 2/Lab5O_auto/SimUAid_Synthesis_Package.vhd" \
      EN SimUAid_Synthesis_Package/Decoder_3_to_8 1430160773
EN SimUAid_Synthesis_Package/MUX_2_to_1 1430160775 \
      FL "//austin.utexas.edu/disk/engrstu/ece/ajt2459/__SchoolWork/EE316_Lab5/lab5-part 2/Lab5O_auto/SimUAid_Synthesis_Package.vhd" \
      PB ieee/std_logic_1164 1381692176 PB ieee/STD_LOGIC_UNSIGNED 1381692179 \
      PB ieee/std_logic_arith 1381692177
AR SimUAid_Synthesis_Package/MUX_2_to_1/behavior 1430160776 \
      FL "//austin.utexas.edu/disk/engrstu/ece/ajt2459/__SchoolWork/EE316_Lab5/lab5-part 2/Lab5O_auto/SimUAid_Synthesis_Package.vhd" \
      EN SimUAid_Synthesis_Package/MUX_2_to_1 1430160775
EN SimUAid_Synthesis_Package/MUX_4_to_1 1430160777 \
      FL "//austin.utexas.edu/disk/engrstu/ece/ajt2459/__SchoolWork/EE316_Lab5/lab5-part 2/Lab5O_auto/SimUAid_Synthesis_Package.vhd" \
      PB ieee/std_logic_1164 1381692176 PB ieee/STD_LOGIC_UNSIGNED 1381692179 \
      PB ieee/std_logic_arith 1381692177
AR SimUAid_Synthesis_Package/MUX_4_to_1/behavior 1430160778 \
      FL "//austin.utexas.edu/disk/engrstu/ece/ajt2459/__SchoolWork/EE316_Lab5/lab5-part 2/Lab5O_auto/SimUAid_Synthesis_Package.vhd" \
      EN SimUAid_Synthesis_Package/MUX_4_to_1 1430160777
EN SimUAid_Synthesis_Package/MUX_8_to_1 1430160779 \
      FL "//austin.utexas.edu/disk/engrstu/ece/ajt2459/__SchoolWork/EE316_Lab5/lab5-part 2/Lab5O_auto/SimUAid_Synthesis_Package.vhd" \
      PB ieee/std_logic_1164 1381692176 PB ieee/STD_LOGIC_UNSIGNED 1381692179 \
      PB ieee/std_logic_arith 1381692177
AR SimUAid_Synthesis_Package/MUX_8_to_1/behavior 1430160780 \
      FL "//austin.utexas.edu/disk/engrstu/ece/ajt2459/__SchoolWork/EE316_Lab5/lab5-part 2/Lab5O_auto/SimUAid_Synthesis_Package.vhd" \
      EN SimUAid_Synthesis_Package/MUX_8_to_1 1430160779
EN SimUAid_Synthesis_Package/Tristatebuf 1430160781 \
      FL "//austin.utexas.edu/disk/engrstu/ece/ajt2459/__SchoolWork/EE316_Lab5/lab5-part 2/Lab5O_auto/SimUAid_Synthesis_Package.vhd" \
      PB ieee/std_logic_1164 1381692176 PB ieee/STD_LOGIC_UNSIGNED 1381692179 \
      PB ieee/std_logic_arith 1381692177
AR SimUAid_Synthesis_Package/Tristatebuf/behavior 1430160782 \
      FL "//austin.utexas.edu/disk/engrstu/ece/ajt2459/__SchoolWork/EE316_Lab5/lab5-part 2/Lab5O_auto/SimUAid_Synthesis_Package.vhd" \
      EN SimUAid_Synthesis_Package/Tristatebuf 1430160781
