EN top NULL "//austin.utexas.edu/disk/engrstu/ece/ajt2459/__SchoolWork/EE316_Lab6/part2 xilinx project/Testbench_modified.vhd" sub00/vhpl02 1430324582
AR sm behavioral "//austin.utexas.edu/disk/engrstu/ece/ajt2459/__SchoolWork/EE316_Lab6/part2 xilinx project/Lab6_lab5behavioral.vhd" sub00/vhpl01 1430324581
EN sm NULL "//austin.utexas.edu/disk/engrstu/ece/ajt2459/__SchoolWork/EE316_Lab6/part2 xilinx project/Lab6_lab5behavioral.vhd" sub00/vhpl00 1430324580
AR top behavioral "//austin.utexas.edu/disk/engrstu/ece/ajt2459/__SchoolWork/EE316_Lab6/part2 xilinx project/Testbench_modified.vhd" sub00/vhpl03 1430324583
