******************************************************************************
               TMS320C6x Linker PC v7.4.14                     
******************************************************************************
>> Linked Mon Feb 15 12:18:09 2016

OUTPUT FILE NAME:   <lab_2_wee.out>
ENTRY POINT SYMBOL: "_c_int00"  address: 11801600


MEMORY CONFIGURATION

         name            origin    length      used     unused   attr    fill
----------------------  --------  ---------  --------  --------  ----  --------
  VECTORS               11800000   00000200  00000200  00000000  RWIX
  DSPRAM                11800200   0003fe00  00002b14  0003d2ec  RWIX
  SHAREDRAM             80000000   00020000  00000000  00020000  RWIX
  SDRAM                 c0000000   08000000  00003000  07ffd000  RWIX


SECTION ALLOCATION MAP

 output                                  attributes/
section   page    origin      length       input sections
--------  ----  ----------  ----------   ----------------
vectors    0    11800000    00000200     
                  11800000    00000200     vectors_EDMA.obj (vectors)

.text      0    11800200    00001620     
                  11800200    00000dc0     LCDK_Support_DSP.obj (.text)
                  11800fc0    00000240     rts6740.lib : sinf.obj (.text:_sinf)
                  11801200    000000c0                 : autoinit.obj (.text:__auto_init)
                  118012c0    000000c0                 : divu.obj (.text:__divu)
                  11801380    000000c0                 : exit.obj (.text:_exit)
                  11801440    000000a0                 : cpy_tbl.obj (.text:_copy_in)
                  118014e0    000000a0                 : memcpy64.obj (.text:_memcpy)
                  11801580    00000080                 : roundf.obj (.text:__roundf)
                  11801600    00000080                 : boot.obj (.text:_c_int00)
                  11801680    00000060                 : cpp_init.obj (.text:___TI_cpp_init)
                  118016e0    00000060                 : modff.obj (.text:_modff)
                  11801740    00000040                 : args_main.obj (.text:__args_main)
                  11801780    00000040     main.obj (.text)
                  118017c0    00000020     rts6740.lib : truncf.obj (.text:__truncf)
                  118017e0    00000020                 : exit.obj (.text:_abort)
                  11801800    00000020     ISRs.obj (.text:retain)

.far       0    11801820    0000102c     UNINITIALIZED
                  11801820    00001000     ISRs.obj (.far)
                  11802820    00000010     rts6740.lib : cosf.obj (.far)
                  11802830    00000010                 : sinf.obj (.far)
                  11802840    0000000c                 : exit.obj (.far)

.stack     0    11802850    00000400     UNINITIALIZED
                  11802850    00000008     rts6740.lib : boot.obj (.stack)
                  11802858    000003f8     --HOLE--

.cinit     0    11802c50    000000a4     
                  11802c50    0000002c     rts6740.lib : exit.obj (.cinit)
                  11802c7c    00000004     --HOLE-- [fill = 0]
                  11802c80    0000002a     ISRs.obj (.cinit)
                  11802caa    00000006     --HOLE-- [fill = 0]
                  11802cb0    00000018     rts6740.lib : cosf.obj (.cinit)
                  11802cc8    00000018                 : sinf.obj (.cinit)
                  11802ce0    0000000c     LCDK_Support_DSP.obj (.cinit)
                  11802cec    00000004     --HOLE-- [fill = 0]
                  11802cf0    00000004     (.pad.cinit) [fill = 0]

.switch    0    11802cf4    00000018     
                  11802cf4    00000018     LCDK_Support_DSP.obj (.switch:_SetSampleRate_AIC3106)

.bss       0    11802d0c    0000000c     UNINITIALIZED
                  11802d0c    00000006     ISRs.obj (.bss)
                  11802d12    00000002     --HOLE--
                  11802d14    00000004     LCDK_Support_DSP.obj (.bss)

CE0        0    c0000000    00003000     UNINITIALIZED
                  c0000000    00003000     ISRs.obj (CE0)


GLOBAL SYMBOLS: SORTED ALPHABETICALLY BY Name 

address    name
--------   ----
11802d0c   $bss
11802d0c   .bss
11800200   .text
118017e0   C$$EXIT
118008ec   _AIC3106_write_reg
11800674   _CheckForOverrun
11800208   _DSP_Init
11800228   _DSP_Init_EDMA
11801800   _EDMA_ISR
1180040c   _EnableInterrupts
11800458   _EnableInterrupts_EDMA
11800200   _GetSampleFreq
118003a4   _InitDigitalOutputs
11800248   _InitLEDs
118006a4   _Init_AIC3106
118004cc   _Init_I2C
118003c8   _Init_Interrupts
11800448   _Init_Interrupts_EDMA
11800a98   _Init_McASP0
11800e28   _Init_UART2
11800f68   _IsDataReady_UART2
11800f8c   _IsTxReady_UART2
11800f08   _Puts_UART2
1180062c   _ReadCodecData
1180038c   _ReadSwitches
11800f48   _Read_UART2
11800928   _Reset_AIC3106
11800528   _Reset_I2C
11800950   _SetSampleRate_AIC3106
11800650   _WriteCodecData
118003b0   _WriteDigitalOutputs
118002a8   _WriteLEDs
11800548   _Write_I2C
11800ee0   _Write_UART2
11802c50   __STACK_END
00000400   __STACK_SIZE
00000001   __TI_args_main
11801680   ___TI_cpp_init
11802848   ___TI_enable_exit_profile_output
ffffffff   ___TI_pprof_out_hndl
ffffffff   ___TI_prof_data_size
ffffffff   ___TI_prof_data_start
ffffffff   ___binit__
11802d0c   ___bss__
ffffffff   ___c_args__
11802c50   ___cinit__
11802d18   ___end__
11801820   ___etext__
ffffffff   ___pinit__
11800200   ___text__
11801740   __args_main
11801200   __auto_init
118012c0   __c6xabi_divu
11802840   __cleanup_ptr
118012c0   __divu
11802844   __dtors_ptr
11801580   __roundf
11802850   __stack
118017c0   __truncf
118017e0   _abort
c0000000   _buffer
11802d0c   _buffer_ready
11801600   _c_int00
11801440   _copy_in
11801380   _exit
11801780   _main
118014e0   _memcpy
118016e0   _modff
11802d0e   _over_run
11802d10   _ready_index
11800fc0   _sinf
11801820   _table
11800498   _wait
ffffffff   binit
11802c50   cinit
11802d18   end
11801820   etext
ffffffff   pinit


GLOBAL SYMBOLS: SORTED BY Symbol Address 

address    name
--------   ----
00000001   __TI_args_main
00000400   __STACK_SIZE
11800200   .text
11800200   _GetSampleFreq
11800200   ___text__
11800208   _DSP_Init
11800228   _DSP_Init_EDMA
11800248   _InitLEDs
118002a8   _WriteLEDs
1180038c   _ReadSwitches
118003a4   _InitDigitalOutputs
118003b0   _WriteDigitalOutputs
118003c8   _Init_Interrupts
1180040c   _EnableInterrupts
11800448   _Init_Interrupts_EDMA
11800458   _EnableInterrupts_EDMA
11800498   _wait
118004cc   _Init_I2C
11800528   _Reset_I2C
11800548   _Write_I2C
1180062c   _ReadCodecData
11800650   _WriteCodecData
11800674   _CheckForOverrun
118006a4   _Init_AIC3106
118008ec   _AIC3106_write_reg
11800928   _Reset_AIC3106
11800950   _SetSampleRate_AIC3106
11800a98   _Init_McASP0
11800e28   _Init_UART2
11800ee0   _Write_UART2
11800f08   _Puts_UART2
11800f48   _Read_UART2
11800f68   _IsDataReady_UART2
11800f8c   _IsTxReady_UART2
11800fc0   _sinf
11801200   __auto_init
118012c0   __c6xabi_divu
118012c0   __divu
11801380   _exit
11801440   _copy_in
118014e0   _memcpy
11801580   __roundf
11801600   _c_int00
11801680   ___TI_cpp_init
118016e0   _modff
11801740   __args_main
11801780   _main
118017c0   __truncf
118017e0   C$$EXIT
118017e0   _abort
11801800   _EDMA_ISR
11801820   ___etext__
11801820   _table
11801820   etext
11802840   __cleanup_ptr
11802844   __dtors_ptr
11802848   ___TI_enable_exit_profile_output
11802850   __stack
11802c50   __STACK_END
11802c50   ___cinit__
11802c50   cinit
11802d0c   $bss
11802d0c   .bss
11802d0c   ___bss__
11802d0c   _buffer_ready
11802d0e   _over_run
11802d10   _ready_index
11802d18   ___end__
11802d18   end
c0000000   _buffer
ffffffff   ___TI_pprof_out_hndl
ffffffff   ___TI_prof_data_size
ffffffff   ___TI_prof_data_start
ffffffff   ___binit__
ffffffff   ___c_args__
ffffffff   ___pinit__
ffffffff   binit
ffffffff   pinit

[78 symbols]
