AR counter behavior //austin.utexas.edu/disk/engrstu/ece/ajt2459/__SchoolWork/EE316_lab3a/SimUAid_Synthesis_Package.vhd sub00/vhpl45 1424809390
AR or3 behavior //austin.utexas.edu/disk/engrstu/ece/ajt2459/__SchoolWork/EE316_lab3a/SimUAid_Synthesis_Package.vhd sub00/vhpl13 1424809358
EN mux_4_to_1 NULL //austin.utexas.edu/disk/engrstu/ece/ajt2459/__SchoolWork/EE316_lab3a/SimUAid_Synthesis_Package.vhd sub00/vhpl72 1424809417
AR and5 behavior //austin.utexas.edu/disk/engrstu/ece/ajt2459/__SchoolWork/EE316_lab3a/SimUAid_Synthesis_Package.vhd sub00/vhpl09 1424809354
AR shiftregbidir behavior //austin.utexas.edu/disk/engrstu/ece/ajt2459/__SchoolWork/EE316_lab3a/SimUAid_Synthesis_Package.vhd sub00/vhpl59 1424809404
EN dflipflop NULL //austin.utexas.edu/disk/engrstu/ece/ajt2459/__SchoolWork/EE316_lab3a/SimUAid_Synthesis_Package.vhd sub00/vhpl40 1424809385
AR complementer behavior //austin.utexas.edu/disk/engrstu/ece/ajt2459/__SchoolWork/EE316_lab3a/SimUAid_Synthesis_Package.vhd sub00/vhpl63 1424809408
EN shiftregrs NULL //austin.utexas.edu/disk/engrstu/ece/ajt2459/__SchoolWork/EE316_lab3a/SimUAid_Synthesis_Package.vhd sub00/vhpl56 1424809401
AR nor5 behavior //austin.utexas.edu/disk/engrstu/ece/ajt2459/__SchoolWork/EE316_lab3a/SimUAid_Synthesis_Package.vhd sub00/vhpl33 1424809378
EN decoder_3_to_8 NULL //austin.utexas.edu/disk/engrstu/ece/ajt2459/__SchoolWork/EE316_lab3a/SimUAid_Synthesis_Package.vhd sub00/vhpl68 1424809413
EN nand2 NULL //austin.utexas.edu/disk/engrstu/ece/ajt2459/__SchoolWork/EE316_lab3a/SimUAid_Synthesis_Package.vhd sub00/vhpl18 1424809363
EN loadablecounter NULL //austin.utexas.edu/disk/engrstu/ece/ajt2459/__SchoolWork/EE316_lab3a/SimUAid_Synthesis_Package.vhd sub00/vhpl46 1424809391
EN nand3 NULL //austin.utexas.edu/disk/engrstu/ece/ajt2459/__SchoolWork/EE316_lab3a/SimUAid_Synthesis_Package.vhd sub00/vhpl20 1424809365
EN nand4 NULL //austin.utexas.edu/disk/engrstu/ece/ajt2459/__SchoolWork/EE316_lab3a/SimUAid_Synthesis_Package.vhd sub00/vhpl22 1424809367
EN nand5 NULL //austin.utexas.edu/disk/engrstu/ece/ajt2459/__SchoolWork/EE316_lab3a/SimUAid_Synthesis_Package.vhd sub00/vhpl24 1424809369
AR nwidemux behavior //austin.utexas.edu/disk/engrstu/ece/ajt2459/__SchoolWork/EE316_lab3a/SimUAid_Synthesis_Package.vhd sub00/vhpl53 1424809398
EN nbittristate NULL //austin.utexas.edu/disk/engrstu/ece/ajt2459/__SchoolWork/EE316_lab3a/SimUAid_Synthesis_Package.vhd sub00/vhpl60 1424809405
AR or2 behavior //austin.utexas.edu/disk/engrstu/ece/ajt2459/__SchoolWork/EE316_lab3a/SimUAid_Synthesis_Package.vhd sub00/vhpl11 1424809356
AR and4 behavior //austin.utexas.edu/disk/engrstu/ece/ajt2459/__SchoolWork/EE316_lab3a/SimUAid_Synthesis_Package.vhd sub00/vhpl07 1424809352
PB simuaid_synthesis_pack simuaid_synthesis_pack //austin.utexas.edu/disk/engrstu/ece/ajt2459/__SchoolWork/EE316_lab3a/SimUAid_Synthesis_Package.vhd sub00/vhpl01 1424809346
EN shiftregbidir NULL //austin.utexas.edu/disk/engrstu/ece/ajt2459/__SchoolWork/EE316_lab3a/SimUAid_Synthesis_Package.vhd sub00/vhpl58 1424809403
AR nor4 behavior //austin.utexas.edu/disk/engrstu/ece/ajt2459/__SchoolWork/EE316_lab3a/SimUAid_Synthesis_Package.vhd sub00/vhpl31 1424809376
EN xor2 NULL //austin.utexas.edu/disk/engrstu/ece/ajt2459/__SchoolWork/EE316_lab3a/SimUAid_Synthesis_Package.vhd sub00/vhpl34 1424809379
AR mux_4_to_1 behavior //austin.utexas.edu/disk/engrstu/ece/ajt2459/__SchoolWork/EE316_lab3a/SimUAid_Synthesis_Package.vhd sub00/vhpl73 1424809418
EN fulladder NULL //austin.utexas.edu/disk/engrstu/ece/ajt2459/__SchoolWork/EE316_lab3a/SimUAid_Synthesis_Package.vhd sub00/vhpl64 1424809409
AR decoder_3_to_8 behavior //austin.utexas.edu/disk/engrstu/ece/ajt2459/__SchoolWork/EE316_lab3a/SimUAid_Synthesis_Package.vhd sub00/vhpl69 1424809414
AR and3 behavior //austin.utexas.edu/disk/engrstu/ece/ajt2459/__SchoolWork/EE316_lab3a/SimUAid_Synthesis_Package.vhd sub00/vhpl05 1424809350
AR shiftregrs behavior //austin.utexas.edu/disk/engrstu/ece/ajt2459/__SchoolWork/EE316_lab3a/SimUAid_Synthesis_Package.vhd sub00/vhpl57 1424809402
AR nand5 behavior //austin.utexas.edu/disk/engrstu/ece/ajt2459/__SchoolWork/EE316_lab3a/SimUAid_Synthesis_Package.vhd sub00/vhpl25 1424809370
EN nwidemux NULL //austin.utexas.edu/disk/engrstu/ece/ajt2459/__SchoolWork/EE316_lab3a/SimUAid_Synthesis_Package.vhd sub00/vhpl52 1424809397
EN xnor2 NULL //austin.utexas.edu/disk/engrstu/ece/ajt2459/__SchoolWork/EE316_lab3a/SimUAid_Synthesis_Package.vhd sub00/vhpl36 1424809381
AR fulladder behavior //austin.utexas.edu/disk/engrstu/ece/ajt2459/__SchoolWork/EE316_lab3a/SimUAid_Synthesis_Package.vhd sub00/vhpl65 1424809410
EN inverter NULL //austin.utexas.edu/disk/engrstu/ece/ajt2459/__SchoolWork/EE316_lab3a/SimUAid_Synthesis_Package.vhd sub00/vhpl38 1424809383
AR inverter behavior //austin.utexas.edu/disk/engrstu/ece/ajt2459/__SchoolWork/EE316_lab3a/SimUAid_Synthesis_Package.vhd sub00/vhpl39 1424809384
AR jkflipflop behavior //austin.utexas.edu/disk/engrstu/ece/ajt2459/__SchoolWork/EE316_lab3a/SimUAid_Synthesis_Package.vhd sub00/vhpl43 1424809388
AR mux_8_to_1 behavior //austin.utexas.edu/disk/engrstu/ece/ajt2459/__SchoolWork/EE316_lab3a/SimUAid_Synthesis_Package.vhd sub00/vhpl75 1424809420
AR nor3 behavior //austin.utexas.edu/disk/engrstu/ece/ajt2459/__SchoolWork/EE316_lab3a/SimUAid_Synthesis_Package.vhd sub00/vhpl29 1424809374
AR nbittristate behavior //austin.utexas.edu/disk/engrstu/ece/ajt2459/__SchoolWork/EE316_lab3a/SimUAid_Synthesis_Package.vhd sub00/vhpl61 1424809406
EN counter NULL //austin.utexas.edu/disk/engrstu/ece/ajt2459/__SchoolWork/EE316_lab3a/SimUAid_Synthesis_Package.vhd sub00/vhpl44 1424809389
EN complementer NULL //austin.utexas.edu/disk/engrstu/ece/ajt2459/__SchoolWork/EE316_lab3a/SimUAid_Synthesis_Package.vhd sub00/vhpl62 1424809407
AR and2 behavior //austin.utexas.edu/disk/engrstu/ece/ajt2459/__SchoolWork/EE316_lab3a/SimUAid_Synthesis_Package.vhd sub00/vhpl03 1424809348
EN or2 NULL //austin.utexas.edu/disk/engrstu/ece/ajt2459/__SchoolWork/EE316_lab3a/SimUAid_Synthesis_Package.vhd sub00/vhpl10 1424809355
EN or3 NULL //austin.utexas.edu/disk/engrstu/ece/ajt2459/__SchoolWork/EE316_lab3a/SimUAid_Synthesis_Package.vhd sub00/vhpl12 1424809357
EN or4 NULL //austin.utexas.edu/disk/engrstu/ece/ajt2459/__SchoolWork/EE316_lab3a/SimUAid_Synthesis_Package.vhd sub00/vhpl14 1424809359
AR nand4 behavior //austin.utexas.edu/disk/engrstu/ece/ajt2459/__SchoolWork/EE316_lab3a/SimUAid_Synthesis_Package.vhd sub00/vhpl23 1424809368
EN or5 NULL //austin.utexas.edu/disk/engrstu/ece/ajt2459/__SchoolWork/EE316_lab3a/SimUAid_Synthesis_Package.vhd sub00/vhpl16 1424809361
EN tristatebuf NULL //austin.utexas.edu/disk/engrstu/ece/ajt2459/__SchoolWork/EE316_lab3a/SimUAid_Synthesis_Package.vhd sub00/vhpl76 1424809421
EN jkflipflop NULL //austin.utexas.edu/disk/engrstu/ece/ajt2459/__SchoolWork/EE316_lab3a/SimUAid_Synthesis_Package.vhd sub00/vhpl42 1424809387
AR xnor2 behavior //austin.utexas.edu/disk/engrstu/ece/ajt2459/__SchoolWork/EE316_lab3a/SimUAid_Synthesis_Package.vhd sub00/vhpl37 1424809382
EN nbitadder NULL //austin.utexas.edu/disk/engrstu/ece/ajt2459/__SchoolWork/EE316_lab3a/SimUAid_Synthesis_Package.vhd sub00/vhpl50 1424809395
EN mux_2_to_1 NULL //austin.utexas.edu/disk/engrstu/ece/ajt2459/__SchoolWork/EE316_lab3a/SimUAid_Synthesis_Package.vhd sub00/vhpl70 1424809415
AR or5 behavior //austin.utexas.edu/disk/engrstu/ece/ajt2459/__SchoolWork/EE316_lab3a/SimUAid_Synthesis_Package.vhd sub00/vhpl17 1424809362
AR tristatebuf behavior //austin.utexas.edu/disk/engrstu/ece/ajt2459/__SchoolWork/EE316_lab3a/SimUAid_Synthesis_Package.vhd sub00/vhpl77 1424809422
EN ee316_lab2_circuit_vhdl NULL //austin.utexas.edu/disk/engrstu/ece/ajt2459/__SchoolWork/EE316_lab3a/EE316_lab2_circuit_vhdl.vhd sub00/vhpl78 1424816568
AR nor2 behavior //austin.utexas.edu/disk/engrstu/ece/ajt2459/__SchoolWork/EE316_lab3a/SimUAid_Synthesis_Package.vhd sub00/vhpl27 1424809372
AR nbitadder behavior //austin.utexas.edu/disk/engrstu/ece/ajt2459/__SchoolWork/EE316_lab3a/SimUAid_Synthesis_Package.vhd sub00/vhpl51 1424809396
AR mux_2_to_1 behavior //austin.utexas.edu/disk/engrstu/ece/ajt2459/__SchoolWork/EE316_lab3a/SimUAid_Synthesis_Package.vhd sub00/vhpl71 1424809416
AR nbitregister behavior //austin.utexas.edu/disk/engrstu/ece/ajt2459/__SchoolWork/EE316_lab3a/SimUAid_Synthesis_Package.vhd sub00/vhpl49 1424809394
AR decoder_2_to_4 behavior //austin.utexas.edu/disk/engrstu/ece/ajt2459/__SchoolWork/EE316_lab3a/SimUAid_Synthesis_Package.vhd sub00/vhpl67 1424809412
AR dflipflop behavior //austin.utexas.edu/disk/engrstu/ece/ajt2459/__SchoolWork/EE316_lab3a/SimUAid_Synthesis_Package.vhd sub00/vhpl41 1424809386
AR nand3 behavior //austin.utexas.edu/disk/engrstu/ece/ajt2459/__SchoolWork/EE316_lab3a/SimUAid_Synthesis_Package.vhd sub00/vhpl21 1424809366
EN mux_8_to_1 NULL //austin.utexas.edu/disk/engrstu/ece/ajt2459/__SchoolWork/EE316_lab3a/SimUAid_Synthesis_Package.vhd sub00/vhpl74 1424809419
AR or4 behavior //austin.utexas.edu/disk/engrstu/ece/ajt2459/__SchoolWork/EE316_lab3a/SimUAid_Synthesis_Package.vhd sub00/vhpl15 1424809360
AR ee316_lab2_circuit_vhdl structure //austin.utexas.edu/disk/engrstu/ece/ajt2459/__SchoolWork/EE316_lab3a/EE316_lab2_circuit_vhdl.vhd sub00/vhpl79 1424816569
EN nor2 NULL //austin.utexas.edu/disk/engrstu/ece/ajt2459/__SchoolWork/EE316_lab3a/SimUAid_Synthesis_Package.vhd sub00/vhpl26 1424809371
EN nor3 NULL //austin.utexas.edu/disk/engrstu/ece/ajt2459/__SchoolWork/EE316_lab3a/SimUAid_Synthesis_Package.vhd sub00/vhpl28 1424809373
EN nor4 NULL //austin.utexas.edu/disk/engrstu/ece/ajt2459/__SchoolWork/EE316_lab3a/SimUAid_Synthesis_Package.vhd sub00/vhpl30 1424809375
EN nor5 NULL //austin.utexas.edu/disk/engrstu/ece/ajt2459/__SchoolWork/EE316_lab3a/SimUAid_Synthesis_Package.vhd sub00/vhpl32 1424809377
AR shiftregls behavior //austin.utexas.edu/disk/engrstu/ece/ajt2459/__SchoolWork/EE316_lab3a/SimUAid_Synthesis_Package.vhd sub00/vhpl55 1424809400
EN nbitregister NULL //austin.utexas.edu/disk/engrstu/ece/ajt2459/__SchoolWork/EE316_lab3a/SimUAid_Synthesis_Package.vhd sub00/vhpl48 1424809393
PH simuaid_synthesis_pack NULL //austin.utexas.edu/disk/engrstu/ece/ajt2459/__SchoolWork/EE316_lab3a/SimUAid_Synthesis_Package.vhd sub00/vhpl00 1424809345
EN decoder_2_to_4 NULL //austin.utexas.edu/disk/engrstu/ece/ajt2459/__SchoolWork/EE316_lab3a/SimUAid_Synthesis_Package.vhd sub00/vhpl66 1424809411
EN and2 NULL //austin.utexas.edu/disk/engrstu/ece/ajt2459/__SchoolWork/EE316_lab3a/SimUAid_Synthesis_Package.vhd sub00/vhpl02 1424809347
EN and3 NULL //austin.utexas.edu/disk/engrstu/ece/ajt2459/__SchoolWork/EE316_lab3a/SimUAid_Synthesis_Package.vhd sub00/vhpl04 1424809349
EN and4 NULL //austin.utexas.edu/disk/engrstu/ece/ajt2459/__SchoolWork/EE316_lab3a/SimUAid_Synthesis_Package.vhd sub00/vhpl06 1424809351
EN and5 NULL //austin.utexas.edu/disk/engrstu/ece/ajt2459/__SchoolWork/EE316_lab3a/SimUAid_Synthesis_Package.vhd sub00/vhpl08 1424809353
EN shiftregls NULL //austin.utexas.edu/disk/engrstu/ece/ajt2459/__SchoolWork/EE316_lab3a/SimUAid_Synthesis_Package.vhd sub00/vhpl54 1424809399
AR nand2 behavior //austin.utexas.edu/disk/engrstu/ece/ajt2459/__SchoolWork/EE316_lab3a/SimUAid_Synthesis_Package.vhd sub00/vhpl19 1424809364
AR loadablecounter behavior //austin.utexas.edu/disk/engrstu/ece/ajt2459/__SchoolWork/EE316_lab3a/SimUAid_Synthesis_Package.vhd sub00/vhpl47 1424809392
AR xor2 behavior //austin.utexas.edu/disk/engrstu/ece/ajt2459/__SchoolWork/EE316_lab3a/SimUAid_Synthesis_Package.vhd sub00/vhpl35 1424809380
