V3 126
FL //austin.utexas.edu/disk/engrstu/ece/ajt2459/__SchoolWork/EE316_lab3a/EE316_lab2_circuit_vhdl.vhd 2015/02/24.14:22:20 P.20131013
EN work/EE316_lab2_circuit_vhdl 1424816568 \
      FL //austin.utexas.edu/disk/engrstu/ece/ajt2459/__SchoolWork/EE316_lab3a/EE316_lab2_circuit_vhdl.vhd \
      PB ieee/std_logic_1164 1381692176 PB ieee/STD_LOGIC_UNSIGNED 1381692179 \
      PB ieee/std_logic_arith 1381692177 LB SimUAid_synthesis_Package \
      PB SimUAid_Synthesis_Package/SimUAid_synthesis_pack 1424816491
AR work/EE316_lab2_circuit_vhdl/Structure 1424816569 \
      FL //austin.utexas.edu/disk/engrstu/ece/ajt2459/__SchoolWork/EE316_lab3a/EE316_lab2_circuit_vhdl.vhd \
      EN work/EE316_lab2_circuit_vhdl 1424816568 CP inverter CP nor3 CP nor4 CP nor5 \
      CP nor2
FL //austin.utexas.edu/disk/engrstu/ece/ajt2459/__SchoolWork/EE316_lab3a/SimUAid_Synthesis_Package.vhd 2004/05/03.09:31:46 P.20131013
PB work/SimUAid_synthesis_pack 1424809346 \
      FL //austin.utexas.edu/disk/engrstu/ece/ajt2459/__SchoolWork/EE316_lab3a/SimUAid_Synthesis_Package.vhd \
      PH work/SimUAid_synthesis_pack 1424809345
AR work/and2/behavior 1424809348 \
      FL //austin.utexas.edu/disk/engrstu/ece/ajt2459/__SchoolWork/EE316_lab3a/SimUAid_Synthesis_Package.vhd \
      EN work/and2 1424809347
AR work/and3/behavior 1424809350 \
      FL //austin.utexas.edu/disk/engrstu/ece/ajt2459/__SchoolWork/EE316_lab3a/SimUAid_Synthesis_Package.vhd \
      EN work/and3 1424809349
AR work/and4/behavior 1424809352 \
      FL //austin.utexas.edu/disk/engrstu/ece/ajt2459/__SchoolWork/EE316_lab3a/SimUAid_Synthesis_Package.vhd \
      EN work/and4 1424809351
AR work/and5/behavior 1424809354 \
      FL //austin.utexas.edu/disk/engrstu/ece/ajt2459/__SchoolWork/EE316_lab3a/SimUAid_Synthesis_Package.vhd \
      EN work/and5 1424809353
AR work/or2/behavior 1424809356 \
      FL //austin.utexas.edu/disk/engrstu/ece/ajt2459/__SchoolWork/EE316_lab3a/SimUAid_Synthesis_Package.vhd \
      EN work/or2 1424809355
AR work/or3/behavior 1424809358 \
      FL //austin.utexas.edu/disk/engrstu/ece/ajt2459/__SchoolWork/EE316_lab3a/SimUAid_Synthesis_Package.vhd \
      EN work/or3 1424809357
AR work/or4/behavior 1424809360 \
      FL //austin.utexas.edu/disk/engrstu/ece/ajt2459/__SchoolWork/EE316_lab3a/SimUAid_Synthesis_Package.vhd \
      EN work/or4 1424809359
AR work/or5/behavior 1424809362 \
      FL //austin.utexas.edu/disk/engrstu/ece/ajt2459/__SchoolWork/EE316_lab3a/SimUAid_Synthesis_Package.vhd \
      EN work/or5 1424809361
AR work/nand2/behavior 1424809364 \
      FL //austin.utexas.edu/disk/engrstu/ece/ajt2459/__SchoolWork/EE316_lab3a/SimUAid_Synthesis_Package.vhd \
      EN work/nand2 1424809363
AR work/nand3/behavior 1424809366 \
      FL //austin.utexas.edu/disk/engrstu/ece/ajt2459/__SchoolWork/EE316_lab3a/SimUAid_Synthesis_Package.vhd \
      EN work/nand3 1424809365
AR work/nand4/behavior 1424809368 \
      FL //austin.utexas.edu/disk/engrstu/ece/ajt2459/__SchoolWork/EE316_lab3a/SimUAid_Synthesis_Package.vhd \
      EN work/nand4 1424809367
AR work/nand5/behavior 1424809370 \
      FL //austin.utexas.edu/disk/engrstu/ece/ajt2459/__SchoolWork/EE316_lab3a/SimUAid_Synthesis_Package.vhd \
      EN work/nand5 1424809369
AR work/nor2/behavior 1424809372 \
      FL //austin.utexas.edu/disk/engrstu/ece/ajt2459/__SchoolWork/EE316_lab3a/SimUAid_Synthesis_Package.vhd \
      EN work/nor2 1424809371
AR work/nor3/behavior 1424809374 \
      FL //austin.utexas.edu/disk/engrstu/ece/ajt2459/__SchoolWork/EE316_lab3a/SimUAid_Synthesis_Package.vhd \
      EN work/nor3 1424809373
AR work/nor4/behavior 1424809376 \
      FL //austin.utexas.edu/disk/engrstu/ece/ajt2459/__SchoolWork/EE316_lab3a/SimUAid_Synthesis_Package.vhd \
      EN work/nor4 1424809375
AR work/nor5/behavior 1424809378 \
      FL //austin.utexas.edu/disk/engrstu/ece/ajt2459/__SchoolWork/EE316_lab3a/SimUAid_Synthesis_Package.vhd \
      EN work/nor5 1424809377
AR work/xor2/behavior 1424809380 \
      FL //austin.utexas.edu/disk/engrstu/ece/ajt2459/__SchoolWork/EE316_lab3a/SimUAid_Synthesis_Package.vhd \
      EN work/xor2 1424809379
AR work/xnor2/behavior 1424809382 \
      FL //austin.utexas.edu/disk/engrstu/ece/ajt2459/__SchoolWork/EE316_lab3a/SimUAid_Synthesis_Package.vhd \
      EN work/xnor2 1424809381
AR work/inverter/behavior 1424809384 \
      FL //austin.utexas.edu/disk/engrstu/ece/ajt2459/__SchoolWork/EE316_lab3a/SimUAid_Synthesis_Package.vhd \
      EN work/inverter 1424809383
AR work/Dflipflop/behavior 1424809386 \
      FL //austin.utexas.edu/disk/engrstu/ece/ajt2459/__SchoolWork/EE316_lab3a/SimUAid_Synthesis_Package.vhd \
      EN work/Dflipflop 1424809385
AR work/JKflipflop/behavior 1424809388 \
      FL //austin.utexas.edu/disk/engrstu/ece/ajt2459/__SchoolWork/EE316_lab3a/SimUAid_Synthesis_Package.vhd \
      EN work/JKflipflop 1424809387
AR work/Counter/behavior 1424809390 \
      FL //austin.utexas.edu/disk/engrstu/ece/ajt2459/__SchoolWork/EE316_lab3a/SimUAid_Synthesis_Package.vhd \
      EN work/Counter 1424809389
AR work/LoadableCounter/behavior 1424809392 \
      FL //austin.utexas.edu/disk/engrstu/ece/ajt2459/__SchoolWork/EE316_lab3a/SimUAid_Synthesis_Package.vhd \
      EN work/LoadableCounter 1424809391
AR work/nbitRegister/behavior 1424809394 \
      FL //austin.utexas.edu/disk/engrstu/ece/ajt2459/__SchoolWork/EE316_lab3a/SimUAid_Synthesis_Package.vhd \
      EN work/nbitRegister 1424809393
AR work/NBitAdder/behavior 1424809396 \
      FL //austin.utexas.edu/disk/engrstu/ece/ajt2459/__SchoolWork/EE316_lab3a/SimUAid_Synthesis_Package.vhd \
      EN work/NBitAdder 1424809395
AR work/NWideMux/behavior 1424809398 \
      FL //austin.utexas.edu/disk/engrstu/ece/ajt2459/__SchoolWork/EE316_lab3a/SimUAid_Synthesis_Package.vhd \
      EN work/NWideMux 1424809397
AR work/ShiftRegLS/behavior 1424809400 \
      FL //austin.utexas.edu/disk/engrstu/ece/ajt2459/__SchoolWork/EE316_lab3a/SimUAid_Synthesis_Package.vhd \
      EN work/ShiftRegLS 1424809399
AR work/ShiftRegRS/behavior 1424809402 \
      FL //austin.utexas.edu/disk/engrstu/ece/ajt2459/__SchoolWork/EE316_lab3a/SimUAid_Synthesis_Package.vhd \
      EN work/ShiftRegRS 1424809401
AR work/ShiftRegBidir/behavior 1424809404 \
      FL //austin.utexas.edu/disk/engrstu/ece/ajt2459/__SchoolWork/EE316_lab3a/SimUAid_Synthesis_Package.vhd \
      EN work/ShiftRegBidir 1424809403
AR work/NBitTristate/behavior 1424809406 \
      FL //austin.utexas.edu/disk/engrstu/ece/ajt2459/__SchoolWork/EE316_lab3a/SimUAid_Synthesis_Package.vhd \
      EN work/NBitTristate 1424809405
AR work/Complementer/behavior 1424809408 \
      FL //austin.utexas.edu/disk/engrstu/ece/ajt2459/__SchoolWork/EE316_lab3a/SimUAid_Synthesis_Package.vhd \
      EN work/Complementer 1424809407
AR work/FullAdder/behavior 1424809410 \
      FL //austin.utexas.edu/disk/engrstu/ece/ajt2459/__SchoolWork/EE316_lab3a/SimUAid_Synthesis_Package.vhd \
      EN work/FullAdder 1424809409
AR work/Decoder_2_to_4/behavior 1424809412 \
      FL //austin.utexas.edu/disk/engrstu/ece/ajt2459/__SchoolWork/EE316_lab3a/SimUAid_Synthesis_Package.vhd \
      EN work/Decoder_2_to_4 1424809411
AR work/Decoder_3_to_8/behavior 1424809414 \
      FL //austin.utexas.edu/disk/engrstu/ece/ajt2459/__SchoolWork/EE316_lab3a/SimUAid_Synthesis_Package.vhd \
      EN work/Decoder_3_to_8 1424809413
AR work/MUX_2_to_1/behavior 1424809416 \
      FL //austin.utexas.edu/disk/engrstu/ece/ajt2459/__SchoolWork/EE316_lab3a/SimUAid_Synthesis_Package.vhd \
      EN work/MUX_2_to_1 1424809415
AR work/MUX_4_to_1/behavior 1424809418 \
      FL //austin.utexas.edu/disk/engrstu/ece/ajt2459/__SchoolWork/EE316_lab3a/SimUAid_Synthesis_Package.vhd \
      EN work/MUX_4_to_1 1424809417
AR work/MUX_8_to_1/behavior 1424809420 \
      FL //austin.utexas.edu/disk/engrstu/ece/ajt2459/__SchoolWork/EE316_lab3a/SimUAid_Synthesis_Package.vhd \
      EN work/MUX_8_to_1 1424809419
AR work/Tristatebuf/behavior 1424809422 \
      FL //austin.utexas.edu/disk/engrstu/ece/ajt2459/__SchoolWork/EE316_lab3a/SimUAid_Synthesis_Package.vhd \
      EN work/Tristatebuf 1424809421
